./javax/xml/stream/events/XMLEvent.class
./javax/xml/stream/events/StartElement.class
./javax/xml/stream/events/EndElement.class
./javax/xml/stream/events/Characters.class
./javax/xml/stream/events/Attribute.class
./javax/xml/stream/events/Comment.class
./javax/xml/stream/events/DTD.class
./javax/xml/stream/events/EndDocument.class
./javax/xml/stream/events/EntityDeclaration.class
./javax/xml/stream/events/EntityReference.class
./javax/xml/stream/events/Namespace.class
./javax/xml/stream/events/NotationDeclaration.class
./javax/xml/stream/events/ProcessingInstruction.class
./javax/xml/stream/events/StartDocument.class
./javax/xml/stream/Location.class
./javax/xml/stream/StreamFilter.class
./javax/xml/stream/XMLStreamReader.class
./javax/xml/stream/XMLStreamConstants.class
./javax/xml/stream/XMLStreamException.class
./javax/xml/stream/XMLEventReader.class
./javax/xml/stream/XMLInputFactory.class
./javax/xml/namespace/QName.class
./javax/xml/namespace/NamespaceContext.class
./javax/microedition/sensor/SensorConnection.class
./javax/microedition/sensor/Data.class
./javax/microedition/sensor/DataListener.class
./javax/microedition/sensor/ColorChannelInfo.class
./javax/microedition/sensor/ColorIndexChannelInfo.class
./javax/microedition/sensor/ColorRGBChannelInfo.class
./javax/microedition/sensor/GyroChannelInfo.class
./javax/microedition/sensor/HeadingChannelInfo.class
./javax/microedition/sensor/HiTechnicColorSensorInfo.class
./javax/microedition/sensor/HiTechnicCompassSensorInfo.class
./javax/microedition/sensor/HiTechnicGyroSensorInfo.class
./javax/microedition/sensor/LightChannelInfo.class
./javax/microedition/sensor/LightSensorInfo.class
./javax/microedition/sensor/LimitCondition.class
./javax/microedition/sensor/OperatorTest.class
./javax/microedition/sensor/MindsensorsAccelerationSensorInfo.class
./javax/microedition/sensor/NXTActiveCondition.class
./javax/microedition/sensor/NXTChannel.class
./javax/microedition/sensor/NXTSensorConnection.class
./javax/microedition/sensor/NXTActiveData.class
./javax/microedition/sensor/NXTData.class
./javax/microedition/sensor/SensorManager$Listener.class
./javax/microedition/sensor/SensorManager$CondListener.class
./javax/microedition/sensor/SensorManager.class
./javax/microedition/sensor/SensorListener.class
./javax/microedition/sensor/SensorURL.class
./javax/microedition/sensor/TiltChannelInfo.class
./javax/microedition/sensor/RCXLightSensorInfo.class
./javax/microedition/sensor/SoundSensorInfo.class
./javax/microedition/sensor/TouchSensorInfo.class
./javax/microedition/sensor/RCXTemperatureSensorInfo.class
./javax/microedition/sensor/UltrasonicSensorInfo.class
./javax/microedition/sensor/SoundChannelInfo.class
./javax/microedition/sensor/TouchChannelInfo.class
./javax/microedition/sensor/TemperatureChannelInfo.class
./javax/microedition/sensor/UltrasonicChannelInfo.class
./javax/microedition/sensor/ObjectCondition.class
./javax/microedition/sensor/RangeCondition.class
./javax/microedition/sensor/AccelerationChannelInfo.class
./javax/microedition/sensor/NXTChannelInfo.class
./javax/microedition/sensor/ChannelInfo.class
./javax/microedition/sensor/MeasurementRange.class
./javax/microedition/sensor/Unit.class
./javax/microedition/sensor/BatteryChannelInfo.class
./javax/microedition/sensor/BatterySensorInfo.class
./javax/microedition/sensor/NXTADSensorInfo.class
./javax/microedition/sensor/NXTSensorInfo.class
./javax/microedition/sensor/SensorInfo.class
./javax/microedition/sensor/Channel.class
./javax/microedition/sensor/ConditionListener.class
./javax/microedition/sensor/Condition.class
./javax/microedition/location/AddressInfo.class
./javax/microedition/location/BTGPSLocationProvider$1.class
./javax/microedition/location/BTGPSLocationProvider$2.class
./javax/microedition/location/BTGPSLocationProvider.class
./javax/microedition/location/LocationProvider.class
./javax/microedition/location/LocationException.class
./javax/microedition/location/Location.class
./javax/microedition/location/LocationListener.class
./javax/microedition/location/Criteria.class
./javax/microedition/location/ProximityListener.class
./javax/microedition/location/Coordinates.class
./javax/microedition/location/QualifiedCoordinates.class
./javax/microedition/location/GPSLocationProvider$1.class
./javax/microedition/location/GPSLocationProvider.class
./javax/microedition/location/Landmark.class
./javax/microedition/location/LandmarkException.class
./javax/microedition/location/LandmarkStore.class
./javax/microedition/location/dGPSCriteria.class
./javax/microedition/location/Orientation.class
./javax/microedition/lcdui/game/Sprite.class
./javax/microedition/lcdui/Alert$1.class
./javax/microedition/lcdui/Alert.class
./javax/microedition/lcdui/Screen.class
./javax/microedition/lcdui/Displayable.class
./javax/microedition/lcdui/Command.class
./javax/microedition/lcdui/Image.class
./javax/microedition/lcdui/Gauge.class
./javax/microedition/lcdui/Item.class
./javax/microedition/lcdui/Graphics.class
./javax/microedition/lcdui/CommandListener.class
./javax/microedition/lcdui/Ticker.class
./javax/microedition/lcdui/ItemCommandListener.class
./javax/microedition/lcdui/Font$SmallFont.class
./javax/microedition/lcdui/Font$MediumFont.class
./javax/microedition/lcdui/Font$LargeFont.class
./javax/microedition/lcdui/Font.class
./javax/microedition/lcdui/Choice.class
./javax/microedition/lcdui/ChoiceGroup$ChoiceItem.class
./javax/microedition/lcdui/ChoiceGroup.class
./javax/microedition/lcdui/Display$1.class
./javax/microedition/lcdui/Display$2.class
./javax/microedition/lcdui/Display$3.class
./javax/microedition/lcdui/Display$4.class
./javax/microedition/lcdui/Display$5.class
./javax/microedition/lcdui/Display$6.class
./javax/microedition/lcdui/Display.class
./javax/microedition/lcdui/Form.class
./javax/microedition/lcdui/ItemStateListener.class
./javax/microedition/lcdui/TextBox.class
./javax/microedition/lcdui/List$ListItem.class
./javax/microedition/lcdui/List.class
./javax/microedition/lcdui/Spacer.class
./javax/microedition/lcdui/StringItem.class
./javax/microedition/lcdui/TextField.class
./javax/microedition/io/StreamConnection.class
./javax/microedition/io/Connection.class
./javax/microedition/io/StreamConnectionNotifier.class
./javax/microedition/io/Connector$1.class
./javax/microedition/io/Connector.class
./javax/microedition/io/ConnectionNotFoundException.class
./javax/microedition/io/InputConnection.class
./javax/microedition/io/OutputConnection.class
./javax/bluetooth/DiscoveryListener.class
./javax/bluetooth/DiscoveryAgent$1.class
./javax/bluetooth/DiscoveryAgent.class
./javax/bluetooth/RemoteDevice.class
./javax/bluetooth/DeviceClass.class
./javax/bluetooth/BluetoothStateException.class
./javax/bluetooth/LocalDevice.class
./lejos/util/Delay.class
./lejos/util/IterableEnumeration$1.class
./lejos/util/IterableEnumeration.class
./lejos/util/EndianTools.class
./lejos/util/Timer$1.class
./lejos/util/Timer.class
./lejos/util/TimerListener.class
./lejos/util/Assertion.class
./lejos/util/ButtonCounter.class
./lejos/util/Stopwatch.class
./lejos/util/Datalogger.class
./lejos/util/DebugMessages.class
./lejos/util/Integration.class
./lejos/util/KalmanFilter.class
./lejos/util/Matrix.class
./lejos/util/LUDecomposition.class
./lejos/util/LogColumn.class
./lejos/util/Logger.class
./lejos/util/NXTDataLogger$CacheOutputStream.class
./lejos/util/NXTDataLogger$ByteRingQueue.class
./lejos/util/NXTDataLogger.class
./lejos/util/PIDController.class
./lejos/util/PilotProps.class
./lejos/util/TextMenu.class
./lejos/robotics/subsumption/Arbitrator$Monitor.class
./lejos/robotics/subsumption/Arbitrator$1.class
./lejos/robotics/subsumption/Arbitrator.class
./lejos/robotics/subsumption/Behavior.class
./lejos/robotics/pathfinding/AstarSearchAlgorithm.class
./lejos/robotics/pathfinding/SearchAlgorithm.class
./lejos/robotics/pathfinding/Node.class
./lejos/robotics/pathfinding/Path.class
./lejos/robotics/pathfinding/DijkstraPathFinder$Node.class
./lejos/robotics/pathfinding/DijkstraPathFinder.class
./lejos/robotics/pathfinding/PathFinder.class
./lejos/robotics/pathfinding/FourWayGridMesh.class
./lejos/robotics/pathfinding/NavigationMesh.class
./lejos/robotics/pathfinding/GridNode.class
./lejos/robotics/pathfinding/NodePathFinder.class
./lejos/robotics/pathfinding/RandomPathFinder.class
./lejos/robotics/pathfinding/RandomSelfGeneratingNode.class
./lejos/robotics/pathfinding/ShortestPathFinder$Node.class
./lejos/robotics/pathfinding/ShortestPathFinder$1.class
./lejos/robotics/pathfinding/ShortestPathFinder.class
./lejos/robotics/objectdetection/Feature.class
./lejos/robotics/objectdetection/FeatureDetector.class
./lejos/robotics/objectdetection/FeatureListener.class
./lejos/robotics/objectdetection/FeatureDetectorAdapter$MonitorThread.class
./lejos/robotics/objectdetection/FeatureDetectorAdapter$1.class
./lejos/robotics/objectdetection/FeatureDetectorAdapter.class
./lejos/robotics/objectdetection/FusorDetector$NotifyThread.class
./lejos/robotics/objectdetection/FusorDetector$1.class
./lejos/robotics/objectdetection/FusorDetector.class
./lejos/robotics/objectdetection/RangeFeature.class
./lejos/robotics/objectdetection/RangeFeatureDetector.class
./lejos/robotics/objectdetection/TouchFeatureDetector.class
./lejos/robotics/navigation/RotateMoveController.class
./lejos/robotics/navigation/MoveController.class
./lejos/robotics/navigation/MoveProvider.class
./lejos/robotics/navigation/Move$MoveType.class
./lejos/robotics/navigation/Move.class
./lejos/robotics/navigation/MoveListener.class
./lejos/robotics/navigation/Waypoint.class
./lejos/robotics/navigation/Pose.class
./lejos/robotics/navigation/DestinationUnreachableException.class
./lejos/robotics/navigation/WaypointListener.class
./lejos/robotics/mapping/LineMap.class
./lejos/robotics/mapping/RangeMap.class
./lejos/robotics/mapping/SVGMapLoader.class
./lejos/robotics/mapping/ShapefileLoader.class
./lejos/robotics/localization/PoseProvider.class
./lejos/robotics/localization/MCLParticle.class
./lejos/robotics/localization/MCLParticleSet.class
./lejos/robotics/localization/MCLPoseProvider$Updater.class
./lejos/robotics/localization/MCLPoseProvider.class
./lejos/robotics/localization/OdometryPoseProvider.class
./lejos/robotics/kinematics/PointUnreachableException.class
./lejos/robotics/kinematics/RobotArm.class
./lejos/robotics/kinematics/RobotHand.class
./lejos/robotics/RegulatedMotor.class
./lejos/robotics/BaseMotor.class
./lejos/robotics/Tachometer.class
./lejos/robotics/Encoder.class
./lejos/robotics/RegulatedMotorListener.class
./lejos/robotics/Accelerometer.class
./lejos/robotics/Clock.class
./lejos/robotics/Color.class
./lejos/robotics/ColorDetector.class
./lejos/robotics/DCMotor.class
./lejos/robotics/DirectionFinder.class
./lejos/robotics/EncoderMotor.class
./lejos/robotics/FixedRangeScanner.class
./lejos/robotics/RangeScanner.class
./lejos/robotics/RangeFinder.class
./lejos/robotics/RangeReadings.class
./lejos/robotics/RangeReading.class
./lejos/robotics/Transmittable.class
./lejos/robotics/Gyroscope.class
./lejos/robotics/LampLightDetector.class
./lejos/robotics/LightDetector.class
./lejos/robotics/LightScanner.class
./lejos/robotics/LinearActuator.class
./lejos/robotics/MirrorMotor.class
./lejos/robotics/PressureDetector.class
./lejos/robotics/ReversedEncoderMotor.class
./lejos/robotics/RotatingRangeScanner.class
./lejos/robotics/Servo.class
./lejos/robotics/Touch.class
./lejos/nxt/remote/AsciizCodec.class
./lejos/nxt/remote/DeviceInfo.class
./lejos/nxt/remote/ErrorMessages.class
./lejos/nxt/remote/FileInfo.class
./lejos/nxt/remote/FirmwareInfo.class
./lejos/nxt/remote/InputValues.class
./lejos/nxt/remote/LCPException.class
./lejos/nxt/remote/NXJFirmwareInfo.class
./lejos/nxt/remote/NXTComm.class
./lejos/nxt/remote/NXTCommRequest.class
./lejos/nxt/remote/NXTCommand.class
./lejos/nxt/remote/NXTProtocol.class
./lejos/nxt/remote/OutputState.class
./lejos/nxt/remote/RemoteBattery.class
./lejos/nxt/remote/RemoteMotor.class
./lejos/nxt/remote/RemoteMotorPort.class
./lejos/nxt/remote/RemoteNXT.class
./lejos/nxt/remote/RemoteSensorPort.class
./lejos/nxt/rcxcomm/LLC.class
./lejos/nxt/rcxcomm/Opcode.class
./lejos/nxt/rcxcomm/LLCHandler.class
./lejos/nxt/rcxcomm/PacketHandler.class
./lejos/nxt/rcxcomm/LLCReliableHandler.class
./lejos/nxt/rcxcomm/RCXAbstractPort$Listener.class
./lejos/nxt/rcxcomm/RCXAbstractPort$RCXInputStream.class
./lejos/nxt/rcxcomm/RCXAbstractPort$RCXOutputStream.class
./lejos/nxt/rcxcomm/RCXAbstractPort$1.class
./lejos/nxt/rcxcomm/RCXAbstractPort.class
./lejos/nxt/rcxcomm/RCXPort.class
./lejos/nxt/rcxcomm/Serial.class
./lejos/nxt/comm/NXTConnection.class
./lejos/nxt/comm/NXTInputStream.class
./lejos/nxt/comm/NXTOutputStream.class
./lejos/nxt/comm/Bluetooth$BTThread$1.class
./lejos/nxt/comm/Bluetooth$BTThread.class
./lejos/nxt/comm/Bluetooth$1.class
./lejos/nxt/comm/Bluetooth$2.class
./lejos/nxt/comm/Bluetooth$3.class
./lejos/nxt/comm/Bluetooth$4.class
./lejos/nxt/comm/Bluetooth$Connector.class
./lejos/nxt/comm/Bluetooth.class
./lejos/nxt/comm/NXTCommDevice.class
./lejos/nxt/comm/BTConnection.class
./lejos/nxt/comm/NXTCommConnector.class
./lejos/nxt/comm/USB$USBThread.class
./lejos/nxt/comm/USB$Connector.class
./lejos/nxt/comm/USB.class
./lejos/nxt/comm/USBConnection.class
./lejos/nxt/addon/GPSSensor.class
./lejos/nxt/addon/RCXLink.class
./lejos/nxt/addon/IRTransmitter.class
./lejos/nxt/addon/RCXMotor.class
./lejos/nxt/addon/RCXRemoteMotorPort.class
./lejos/nxt/ColorSensor$Color.class
./lejos/nxt/ColorSensor.class
./lejos/nxt/LCDOutputStream.class
./lejos/nxt/LightSensor.class
./lejos/nxt/NXTMotor.class
./lejos/nxt/Settings.class
./lejos/nxt/SoundSensor.class
./lejos/nxt/TemperatureSensor.class
./lejos/nxt/TouchSensor.class
./lejos/nxt/UltrasonicSensor.class
./lejos/nxt/NXTEvent.class
./lejos/nxt/Flash.class
./lejos/nxt/FlashError.class
./lejos/nxt/NXT.class
./lejos/nxt/I2CSensor.class
./lejos/nxt/SensorConstants.class
./lejos/nxt/SensorPort$SensorReader.class
./lejos/nxt/SensorPort$StandardReader.class
./lejos/nxt/SensorPort$ColorSensorReader.class
./lejos/nxt/SensorPort.class
./lejos/nxt/LegacySensorPort.class
./lejos/nxt/ADSensorPort.class
./lejos/nxt/BasicSensorPort.class
./lejos/nxt/I2CPort.class
./lejos/nxt/ListenerCaller.class
./lejos/nxt/SensorPortListener.class
./lejos/nxt/Battery.class
./lejos/nxt/ListenerThread.class
./lejos/nxt/SystemSettings.class
./lejos/nxt/Sound.class
./lejos/nxt/LCD.class
./lejos/nxt/Button.class
./lejos/nxt/ButtonListener.class
./lejos/nxt/Motor.class
./lejos/nxt/NXTRegulatedMotor$1.class
./lejos/nxt/NXTRegulatedMotor$Regulator.class
./lejos/nxt/NXTRegulatedMotor$Controller.class
./lejos/nxt/NXTRegulatedMotor.class
./lejos/nxt/TachoMotorPort.class
./lejos/nxt/BasicMotorPort.class
./lejos/nxt/MotorPort.class
./lejos/nxt/BasicMotor.class
./lejos/internal/xml/stream/NXJXMLInputFactory.class
./lejos/internal/xml/stream/NXJXMLStreamReader.class
./lejos/internal/xml/stream/NXJXMLEventReader.class
./lejos/internal/xml/stream/NXJAllocator.class
./lejos/internal/xml/stream/NXJLocation.class
./lejos/internal/xml/stream/NXJXMLEvent.class
./lejos/internal/io/LejosOutputStreamWriter.class
./lejos/internal/io/LejosInputStreamReader.class
./lejos/internal/charset/Latin1Encoder.class
./lejos/internal/charset/CharsetEncoder.class
./lejos/internal/charset/CharsetDecoder.class
./lejos/internal/charset/Latin1Decoder.class
./lejos/internal/charset/UTF8Decoder.class
./lejos/internal/charset/UTF8Encoder.class
./lejos/geom/Point.class
./lejos/geom/Line.class
./lejos/geom/Rectangle.class
./lejos/addon/keyboard/KeyEvent.class
./lejos/addon/keyboard/Keyboard$1.class
./lejos/addon/keyboard/Keyboard$2.class
./lejos/addon/keyboard/Keyboard.class
./lejos/addon/keyboard/KeyListener.class
./lejos/addon/gps/GPSListener.class
./lejos/addon/gps/SimpleGPS.class
./lejos/addon/gps/NMEASentence.class
./lejos/addon/gps/GGASentence.class
./lejos/addon/gps/VTGSentence.class
./lejos/addon/gps/GSASentence.class
./lejos/addon/gps/GPS.class
./lejos/addon/gps/RMCSentence.class
./lejos/addon/gps/GSVSentence.class
./lejos/addon/gps/Satellite.class
./java/util/Date.class
./java/util/Calendar.class
./java/util/TimeZone.class
./java/util/Iterator.class
./java/util/Random.class
./java/util/ArrayList$MyIterator.class
./java/util/ArrayList.class
./java/util/AbstractList.class
./java/util/AbstractCollection.class
./java/util/Collection.class
./java/util/List.class
./java/util/RandomAccess.class
./java/util/ListIterator.class
./java/util/ConcurrentModificationException.class
./java/util/NoSuchElementException.class
./java/util/Properties$LineReader.class
./java/util/Properties.class
./java/util/Hashtable$1.class
./java/util/Hashtable$KeyValuePair.class
./java/util/Hashtable.class
./java/util/Enumeration.class
./java/util/Vector$MyEnumeration.class
./java/util/Vector$1.class
./java/util/Vector.class
./java/util/Arrays.class
./java/util/BitSet.class
./java/util/EmptyQueueException.class
./java/util/EmptyStackException.class
./java/util/EventListener.class
./java/util/HashMap$Entry.class
./java/util/HashMap$LinkedListForEntries$LinkedListIterator.class
./java/util/HashMap$LinkedListForEntries.class
./java/util/HashMap.class
./java/util/Map$Entry.class
./java/util/Map.class
./java/util/Set.class
./java/util/HashSet$SetIterator.class
./java/util/HashSet$1.class
./java/util/HashSet.class
./java/util/LinkedList$Entry.class
./java/util/LinkedList$MyIterator.class
./java/util/LinkedList$1.class
./java/util/LinkedList.class
./java/util/Queue.class
./java/util/Stack.class
./java/util/StringTokenizer.class
./java/util/Timer$TaskQueue.class
./java/util/Timer$Scheduler.class
./java/util/Timer.class
./java/util/TimerTask.class
./java/net/NXTSocketOutputStream.class
./java/net/NXTSocketUtils.class
./java/net/ServerSocket.class
./java/net/Socket.class
./java/lang/ArithmeticException.class
./java/lang/Exception.class
./java/lang/Throwable.class
./java/lang/Object.class
./java/lang/String.class
./java/lang/CharSequence.class
./java/lang/Comparable.class
./java/lang/Class.class
./java/lang/IllegalMonitorStateException.class
./java/lang/RuntimeException.class
./java/lang/InterruptedException.class
./java/lang/CloneNotSupportedException.class
./java/lang/StringBuffer.class
./java/lang/StringBuilder.class
./java/lang/ClassNotFoundException.class
./java/lang/IllegalAccessException.class
./java/lang/NullPointerException.class
./java/lang/AutoCloseable.class
./java/lang/ArrayIndexOutOfBoundsException.class
./java/lang/IndexOutOfBoundsException.class
./java/lang/ArrayStoreException.class
./java/lang/AssertionError.class
./java/lang/Error.class
./java/lang/Boolean.class
./java/lang/Byte.class
./java/lang/Number.class
./java/lang/NumberFormatException.class
./java/lang/IllegalArgumentException.class
./java/lang/Character.class
./java/lang/ClassCastException.class
./java/lang/Cloneable.class
./java/lang/Double.class
./java/lang/Float.class
./java/lang/IllegalStateException.class
./java/lang/Integer.class
./java/lang/InternalError.class
./java/lang/VirtualMachineError.class
./java/lang/Iterable.class
./java/lang/Long.class
./java/lang/Math.class
./java/lang/NegativeArraySizeException.class
./java/lang/System.class
./java/lang/StringIndexOutOfBoundsException.class
./java/lang/StringUtils.class
./java/lang/Short.class
./java/lang/Runtime.class
./java/lang/Thread.class
./java/lang/Runnable.class
./java/lang/Shutdown$ShutdownThread.class
./java/lang/Shutdown$1.class
./java/lang/Shutdown.class
./java/lang/UnsupportedOperationException.class
./java/lang/NoClassDefFoundError.class
./java/lang/NoSuchFieldError.class
./java/lang/NoSuchMethodError.class
./java/lang/OutOfMemoryError.class
./java/lang/StackOverflowError.class
./java/lang/ThreadDeath.class
./java/lang/Void.class
./java/lang/SecurityException.class
./java/io/UnsupportedEncodingException.class
./java/io/IOException.class
./java/io/InputStream.class
./java/io/Closeable.class
./java/io/PrintStream.class
./java/io/OutputStream.class
./java/io/Flushable.class
./java/io/BufferedInputStream.class
./java/io/FilterInputStream.class
./java/io/BufferedOutputStream.class
./java/io/FilterOutputStream.class
./java/io/BufferedReader.class
./java/io/Reader.class
./java/io/Writer.class
./java/io/ByteArrayInputStream.class
./java/io/ByteArrayOutputStream.class
./java/io/DataInput.class
./java/io/DataInputStream.class
./java/io/DataOutput.class
./java/io/DataOutputStream.class
./java/io/EOFException.class
./java/io/File.class
./java/io/FileInputStream.class
./java/io/FileNotFoundException.class
./java/io/FileOutputStream.class
./java/io/InputStreamReader.class
./java/io/OutputStreamWriter.class
./java/io/Serializable.class
./java/io/StringWriter.class
./java/io/BufferedWriter.class
./java/awt/geom/Point2D$Float.class
./java/awt/geom/Point2D$Double.class
./java/awt/geom/Point2D.class
./java/awt/geom/Rectangle2D$Float.class
./java/awt/geom/Rectangle2D$Double.class
./java/awt/geom/Rectangle2D.class
./java/awt/geom/RectangularShape.class
./java/awt/geom/Line2D$Float.class
./java/awt/geom/Line2D$Double.class
./java/awt/geom/Line2D.class
./java/awt/Point.class
./java/awt/Rectangle.class
./java/awt/Shape.class
./jelatine/cldc/io/socket/ProtocolImpl$SocketInputStream.class
./jelatine/cldc/io/socket/ProtocolImpl$SocketOutputStream.class
./jelatine/cldc/io/socket/ProtocolImpl.class
./jelatine/cldc/io/Protocol.class
./jelatine/cldc/io/URL.class
./jelatine/VMPointer.class
./jelatine/VMResourceStream.class
./jelatine/VMOutputStream.class
./jelatine/VMFinalizer.class
./jelatine/VMTimeZone.class
./jelatine/VMCalendar.class
