org/thenesis/midpath/mmedia/TonePlayer.java
org/thenesis/midpath/mmedia/SDLWavPlayer.java
org/thenesis/midpath/mmedia/SDLMusicPlayer.java
org/thenesis/midpath/mmedia/DefaultConfiguration.java
org/thenesis/midpath/mmedia/SDLPlayer.java
org/thenesis/midpath/mmedia/MIDletPauseListener.java
org/thenesis/midpath/mmedia/VirtualSoundPlayer.java
org/thenesis/midpath/mmedia/MMEventHandler.java
org/thenesis/midpath/mmedia/BasicPlayer.java
org/thenesis/midpath/mmedia/protocol/LocatorParser.java
org/thenesis/midpath/mmedia/protocol/CommonDS.java
org/thenesis/midpath/mmedia/protocol/BasicDS.java
-org/thenesis/midpath/ui/toolkit/sdl/SDLGfxFontPeer.java
-org/thenesis/midpath/ui/toolkit/sdl/SDLTtfFontPeer.java
org/thenesis/midpath/ui/toolkit/sdl/SDLToolkit.java
org/thenesis/midpath/ui/toolkit/sdl/SDLEventMapper.java
-org/thenesis/midpath/ui/toolkit/sdl/SDLEventPump.java
-org/thenesis/midpath/ui/toolkit/sdl/SDLGraphics.java
-org/thenesis/midpath/ui/toolkit/sdl/SDLImage.java
org/thenesis/midpath/ui/toolkit/virtual/BDFFontPeer.java
org/thenesis/midpath/ui/toolkit/virtual/VirtualToolkit.java
org/thenesis/midpath/ui/toolkit/virtual/VirtualImage.java
org/thenesis/midpath/ui/toolkit/virtual/Rectangle.java
org/thenesis/midpath/ui/toolkit/virtual/VirtualGraphics.java
org/thenesis/midpath/ui/toolkit/virtual/VirtualSurface.java
org/thenesis/midpath/ui/toolkit/virtual/RawFontPeer.java
org/thenesis/midpath/ui/toolkit/virtual/VirtualBackend.java
org/thenesis/midpath/ui/toolkit/virtual/GenericEventMapper.java
org/thenesis/midpath/ui/toolkit/virtual/Point.java
org/thenesis/midpath/zip/ZipEntry.java
org/thenesis/midpath/zip/ZipConstants.java
org/thenesis/midpath/zip/ZipFile.java
org/thenesis/midpath/sound/AudioFormat.java
org/thenesis/midpath/sound/Mixer.java
org/thenesis/midpath/sound/Line.java
org/thenesis/midpath/sound/SoftMixer.java
org/thenesis/midpath/sound/SoundBackend.java
org/thenesis/midpath/sound/SoundToolkit.java
org/thenesis/midpath/sound/AudioTools.java
org/thenesis/midpath/sound/NullSoundBackend.java
org/thenesis/midpath/sound/AbstractLine.java
-org/thenesis/midpath/sound/backend/esd/EsdSink.java
-org/thenesis/midpath/sound/backend/esd/EsdBackend.java
-org/thenesis/midpath/sound/backend/alsa/AlsaSink.java
-org/thenesis/midpath/sound/backend/alsa/AlsaBackend.java
-org/thenesis/midpath/sound/backend/pulseaudio/PulseSink.java
-org/thenesis/midpath/sound/backend/pulseaudio/PulseBackend.java
org/thenesis/midpath/sound/codec/AudioDecoder.java
org/thenesis/midpath/sound/codec/MP3Decoder.java
org/thenesis/midpath/sound/codec/DecoderCallback.java
org/thenesis/midpath/sound/codec/WaveDecoder.java
org/thenesis/midpath/sound/codec/WaveFile.java
org/thenesis/midpath/sound/codec/OggVorbisDecoder.java
org/thenesis/midpath/font/bdf/SimpleCharStream.java
org/thenesis/midpath/font/bdf/BDFGlyph.java
org/thenesis/midpath/font/bdf/Token.java
org/thenesis/midpath/font/bdf/BDFMetrics.java
org/thenesis/midpath/font/bdf/ParseException.java
org/thenesis/midpath/font/bdf/BDFParserConstants.java
org/thenesis/midpath/font/bdf/BDFParserTokenManager.java
org/thenesis/midpath/font/bdf/BDFParser.java
org/thenesis/midpath/font/bdf/BDFFontContainer.java
org/thenesis/midpath/font/bdf/TokenMgrError.java
org/thenesis/midpath/io/RandomAccessArray.java
org/thenesis/midpath/io/AbstractFileHandler.java
org/thenesis/midpath/io/MemoryFileHandler.java
-org/thenesis/midpath/io/backend/j2se/SocketPeerImpl.java
org/thenesis/midpath/io/backend/j2se/FileHandlerImpl.java
-org/thenesis/midpath/io/backend/j2se/ServerSocketPeerImpl.java
org/thenesis/midpath/io/backend/cldc/SocketPeerImpl.java
org/thenesis/midpath/io/backend/cldc/FilenameFilter.java
org/thenesis/midpath/io/backend/cldc/SimpleTokenizer.java
org/thenesis/midpath/io/backend/cldc/FileHandlerImpl.java
org/thenesis/midpath/io/backend/cldc/PlatformHelper.java
org/thenesis/midpath/io/backend/cldc/File.java
org/thenesis/midpath/io/backend/cldc/RandomAccessFile.java
-org/thenesis/midpath/main/MIDletLauncherSE.java
org/thenesis/midpath/main/AbstractJarInspector.java
org/thenesis/midpath/main/MIDletChooserMIDlet.java
-org/thenesis/midpath/main/SuiteManager.java
org/thenesis/midpath/main/JarInspectorME.java
-org/thenesis/midpath/main/SuiteManagerMIDlet.java
-org/thenesis/midpath/main/JarInspectorSE.java
org/thenesis/midpath/main/MIDletLauncher.java
