com/sun/cldchi/io/ConsoleOutputStream.java
com/sun/cldchi/jvm/JVM.java
com/sun/cldchi/jvm/DebuggerInvoke.java
com/sun/cldchi/jvm/MethodTrap.java
com/sun/cldchi/jvm/FileDescriptor.java
com/sun/cldchi/test/Reflect.java
com/sun/cldchi/test/Dummy.java
-com/sun/cldc/io/BluetoothUrl.java
-com/sun/cldc/io/BluetoothProtocol.java
com/sun/cldc/io/ConnectionBaseInterface.java
com/sun/cldc/io/j2me/socket/Protocol.java
com/sun/cldc/util/Semaphore.java
com/sun/cldc/util/j2me/CalendarImpl.java
com/sun/cldc/util/j2me/TimeZoneImpl.java
com/sun/cldc/i18n/StreamReader.java
com/sun/cldc/i18n/Helper.java
com/sun/cldc/i18n/StreamWriter.java
com/sun/cldc/i18n/uclc/DefaultCaseConverter.java
com/sun/cldc/i18n/j2me/ISO8859_1_Reader.java
com/sun/cldc/i18n/j2me/ISO8859_1_Writer.java
com/sun/cldc/isolate/Util.java
com/sun/cldc/isolate/Isolate.java
com/sun/cldc/isolate/IsolateStartupException.java
com/sun/cldc/isolate/IsolateResourceError.java
com/sun/cldc/isolate/IllegalIsolateStateException.java
com/sun/midp/security/Permissions.java
com/sun/midp/security/ImplicitlyTrustedClass.java
com/sun/midp/security/PermissionGroup.java
com/sun/midp/security/SecurityInitializer.java
com/sun/midp/security/SecurityToken.java
com/sun/midp/i18n/ResourceConstants.java
com/sun/midp/i18n/ResourceBundle.java
com/sun/midp/i18n/Resource.java
com/sun/midp/lcdui/DisplayEventConsumer.java
com/sun/midp/lcdui/TextPolicy.java
com/sun/midp/lcdui/Text.java
com/sun/midp/lcdui/DisplayEventProducer.java
com/sun/midp/lcdui/TextCursor.java
com/sun/midp/lcdui/SystemAlert.java
com/sun/midp/lcdui/DisplayDeviceAccess.java
com/sun/midp/lcdui/RepaintEventProducer.java
com/sun/midp/lcdui/PhoneDial.java
com/sun/midp/lcdui/DisplayAccess.java
com/sun/midp/lcdui/GameMap.java
com/sun/midp/lcdui/EventConstants.java
com/sun/midp/lcdui/LCDUIEvent.java
com/sun/midp/lcdui/TextInfo.java
com/sun/midp/lcdui/ItemEventConsumer.java
com/sun/midp/lcdui/GraphicsAccess.java
com/sun/midp/lcdui/DisplayEventHandlerFactory.java
com/sun/midp/lcdui/DynamicCharacterArray.java
com/sun/midp/lcdui/LCDUIEventListener.java
com/sun/midp/lcdui/CommandAccess.java
com/sun/midp/lcdui/RepaintEvent.java
com/sun/midp/lcdui/DisplayContainer.java
com/sun/midp/lcdui/DisplayEventHandler.java
com/sun/midp/util/DateParser.java
com/sun/midp/util/Properties.java
com/sun/midp/util/ResourceHandler.java
com/sun/midp/midletsuite/MIDletInfo.java
com/sun/midp/log/Logging.java
com/sun/midp/log/LogChannels.java
com/sun/midp/rms/RecordStoreImpl.java
com/sun/midp/rms/RecordStoreFactory.java
com/sun/midp/rms/RecordStoreUtil.java
com/sun/midp/rms/RMSConfig.java
com/sun/midp/rms/IntToIntMapper.java
com/sun/midp/rms/RecordStoreFile.java
com/sun/midp/rms/AbstractRecordStoreFile.java
com/sun/midp/rms/RecordStoreIndex.java
com/sun/midp/rms/AbstractRecordStoreImpl.java
com/sun/midp/events/EventQueue.java
com/sun/midp/events/EventMapper.java
com/sun/midp/events/Event.java
com/sun/midp/events/EventListener.java
com/sun/midp/events/EventTypes.java
com/sun/midp/events/NativeEvent.java
com/sun/midp/chameleon/ChamDisplayTunnel.java
com/sun/midp/chameleon/MIDPWindow.java
com/sun/midp/chameleon/CLayer.java
com/sun/midp/chameleon/CGraphicsQ.java
com/sun/midp/chameleon/CGraphicsUtil.java
com/sun/midp/chameleon/CWindow.java
com/sun/midp/chameleon/SubMenuCommand.java
com/sun/midp/chameleon/input/VirtualKeyboard.java
com/sun/midp/chameleon/input/KeyboardInputMode.java
com/sun/midp/chameleon/input/PTDictionary.java
com/sun/midp/chameleon/input/PredictiveTextInputMode.java
com/sun/midp/chameleon/input/BasicTextInputSession.java
com/sun/midp/chameleon/input/PTDictionaryFactory.java
com/sun/midp/chameleon/input/InputModeMediator.java
com/sun/midp/chameleon/input/InputMode.java
com/sun/midp/chameleon/input/NumericInputMode.java
com/sun/midp/chameleon/input/TextInputComponent.java
com/sun/midp/chameleon/input/AlphaNumericInputMode.java
com/sun/midp/chameleon/input/BasicInputMode.java
com/sun/midp/chameleon/input/VirtualKeyboardInputMode.java
com/sun/midp/chameleon/input/SymbolInputMode.java
com/sun/midp/chameleon/input/PTIterator.java
com/sun/midp/chameleon/input/TextInputSession.java
com/sun/midp/chameleon/layers/BodyLayer.java
com/sun/midp/chameleon/layers/TitleLayer.java
com/sun/midp/chameleon/layers/SoftButtonLayer.java
com/sun/midp/chameleon/layers/WashLayer.java
com/sun/midp/chameleon/layers/AlertLayer.java
com/sun/midp/chameleon/layers/ScrollIndLayer.java
com/sun/midp/chameleon/layers/MenuLayer.java
com/sun/midp/chameleon/layers/CascadeMenuLayer.java
com/sun/midp/chameleon/layers/PTILayer.java
com/sun/midp/chameleon/layers/PopupLayer.java
com/sun/midp/chameleon/layers/InputModeLayer.java
com/sun/midp/chameleon/layers/TickerLayer.java
com/sun/midp/chameleon/skins/TextFieldSkin.java
com/sun/midp/chameleon/skins/DateEditorSkin.java
com/sun/midp/chameleon/skins/SoftButtonSkin.java
com/sun/midp/chameleon/skins/GaugeSkin.java
com/sun/midp/chameleon/skins/SkinPropertiesIDs.java
com/sun/midp/chameleon/skins/TickerSkin.java
com/sun/midp/chameleon/skins/ChoiceGroupSkin.java
com/sun/midp/chameleon/skins/UpdateBarSkin.java
com/sun/midp/chameleon/skins/PTISkin.java
com/sun/midp/chameleon/skins/MenuSkin.java
com/sun/midp/chameleon/skins/ScreenSkin.java
com/sun/midp/chameleon/skins/ProgressBarSkin.java
com/sun/midp/chameleon/skins/AlertSkin.java
com/sun/midp/chameleon/skins/DateFieldSkin.java
com/sun/midp/chameleon/skins/BusyCursorSkin.java
com/sun/midp/chameleon/skins/ScrollIndSkin.java
com/sun/midp/chameleon/skins/TitleSkin.java
com/sun/midp/chameleon/skins/StringItemSkin.java
com/sun/midp/chameleon/skins/ImageItemSkin.java
com/sun/midp/chameleon/skins/resources/ProgressBarResources.java
com/sun/midp/chameleon/skins/resources/StringItemResources.java
com/sun/midp/chameleon/skins/resources/ScreenResources.java
com/sun/midp/chameleon/skins/resources/UpdateBarResources.java
com/sun/midp/chameleon/skins/resources/GaugeResources.java
com/sun/midp/chameleon/skins/resources/ImageTunnel.java
com/sun/midp/chameleon/skins/resources/TextFieldResources.java
com/sun/midp/chameleon/skins/resources/PTIResources.java
com/sun/midp/chameleon/skins/resources/SkinResources.java
com/sun/midp/chameleon/skins/resources/MenuResources.java
com/sun/midp/chameleon/skins/resources/TickerResources.java
com/sun/midp/chameleon/skins/resources/DateFieldResources.java
com/sun/midp/chameleon/skins/resources/ChoiceGroupResources.java
com/sun/midp/chameleon/skins/resources/ImageItemResources.java
com/sun/midp/chameleon/skins/resources/FontResources.java
com/sun/midp/chameleon/skins/resources/BusyCursorResources.java
com/sun/midp/chameleon/skins/resources/SoftButtonResources.java
com/sun/midp/chameleon/skins/resources/RomizedSkin.java
com/sun/midp/chameleon/skins/resources/DateEditorResources.java
com/sun/midp/chameleon/skins/resources/ScrollIndResources.java
com/sun/midp/chameleon/skins/resources/TitleResources.java
com/sun/midp/chameleon/skins/resources/AlertResources.java
com/sun/midp/configurator/Constants.java
com/sun/midp/l10n/LocalizedStrings.java
com/sun/midp/l10n/LocalizedStringsBase.java
com/sun/midp/installer/ManifestProperties.java
com/sun/midp/installer/InvalidJadException.java
com/sun/midp/installer/JadProperties.java
com/sun/midp/midlet/MIDletSuite.java
com/sun/midp/midlet/MIDletEventListener.java
com/sun/midp/midlet/MIDletStateHandler.java
com/sun/midp/midlet/InternalMIDletSuiteImpl.java
com/sun/midp/midlet/MIDletEventProducer.java
com/sun/midp/midlet/MIDletTunnel.java
com/sun/midp/midlet/MIDletEventConsumer.java
com/sun/midp/midlet/MIDletPeer.java
com/sun/midp/midlet/Scheduler.java
com/sun/midp/io/NetworkConnectionBase.java
com/sun/midp/io/Util.java
com/sun/midp/io/ConnectionBaseAdapter.java
com/sun/midp/io/Base64.java
com/sun/midp/io/HttpUrl.java
com/sun/midp/io/IOToolkit.java
com/sun/midp/io/BufferedConnectionAdapter.java
-com/sun/midp/io/j2me/btspp/Protocol.java
com/sun/midp/io/j2me/socket/Protocol.java
com/sun/midp/io/j2me/socket/SocketPeer.java
com/sun/midp/io/j2me/socket/ProtocolPushImpl.java
com/sun/midp/io/j2me/socket/ServerSocket.java
-com/sun/midp/io/j2me/btl2cap/Protocol.java
com/sun/midp/io/j2me/http/StreamConnectionElement.java
com/sun/midp/io/j2me/http/Protocol.java
com/sun/midp/io/j2me/http/StreamConnectionPool.java
com/sun/midp/io/j2me/push/PushRegistryImpl.java
com/sun/midp/io/j2me/push/ProtocolPush.java
-com/sun/midp/io/j2me/btgoep/Protocol.java
com/sun/midp/io/j2me/file/RandomAccessStream.java
com/sun/midp/io/j2me/file/Protocol.java
com/sun/midp/io/j2me/file/BaseFileHandler.java
com/sun/midp/io/j2me/file/RootCache.java
com/sun/midp/io/j2me/serversocket/Socket.java
com/sun/midp/io/j2me/serversocket/ServerSocketPeer.java
com/sun/midp/main/MIDletProxy.java
com/sun/midp/main/MIDletControllerEventConsumer.java
com/sun/midp/main/ConfigurationProperties.java
com/sun/midp/main/MIDletProxyListListener.java
com/sun/midp/main/ExecuteMIDletEventListener.java
com/sun/midp/main/MIDletControllerEventListener.java
com/sun/midp/main/MIDletProxyList.java
com/sun/midp/main/MIDletControllerEventProducer.java
com/sun/midp/main/BaseMIDletSuiteLauncher.java
com/sun/midp/main/DisplayController.java
com/sun/midp/main/Configuration.java
com/sun/midp/main/MIDletClassLoader.java
com/sun/midp/main/CommandState.java
com/jcraft/jogg/Page.java
com/jcraft/jogg/Packet.java
com/jcraft/jogg/StreamState.java
com/jcraft/jogg/Buffer.java
com/jcraft/jogg/SyncState.java
com/jcraft/jorbis/JOrbisException.java
com/jcraft/jorbis/Drft.java
com/jcraft/jorbis/CodeBook.java
com/jcraft/jorbis/DspState.java
com/jcraft/jorbis/AllocChain.java
com/jcraft/jorbis/Mapping0.java
com/jcraft/jorbis/FuncFloor.java
com/jcraft/jorbis/VorbisFile.java
com/jcraft/jorbis/EncodeAuxNearestMatch.java
com/jcraft/jorbis/Info.java
com/jcraft/jorbis/Residue2.java
com/jcraft/jorbis/Residue0.java
com/jcraft/jorbis/PsyInfo.java
com/jcraft/jorbis/Floor0.java
com/jcraft/jorbis/FuncMapping.java
com/jcraft/jorbis/PsyLook.java
com/jcraft/jorbis/FuncResidue.java
com/jcraft/jorbis/Mdct.java
com/jcraft/jorbis/StrictMath.java
com/jcraft/jorbis/Block.java
com/jcraft/jorbis/StaticCodeBook.java
com/jcraft/jorbis/InfoMode.java
com/jcraft/jorbis/Residue1.java
com/jcraft/jorbis/Lookup.java
com/jcraft/jorbis/Comment.java
com/jcraft/jorbis/Lsp.java
com/jcraft/jorbis/FuncTime.java
com/jcraft/jorbis/EncodeAuxThreshMatch.java
com/jcraft/jorbis/Floor1.java
com/jcraft/jorbis/Lpc.java
com/jcraft/jorbis/Time0.java
