javax/microedition/lcdui/FormLF.java
javax/microedition/lcdui/StringItemLFImpl.java
javax/microedition/lcdui/ItemStateListener.java
javax/microedition/lcdui/Image.java
javax/microedition/lcdui/MiniDateEditor.java
javax/microedition/lcdui/FontPeer.java
javax/microedition/lcdui/DateEditor.java
javax/microedition/lcdui/AlertLFImpl.java
javax/microedition/lcdui/LayoutManager.java
javax/microedition/lcdui/FormLFImpl.java
javax/microedition/lcdui/Display.java
javax/microedition/lcdui/AbstractImageData.java
javax/microedition/lcdui/ItemLFImpl.java
javax/microedition/lcdui/GraphicsAccessImpl.java
javax/microedition/lcdui/LFFactory.java
javax/microedition/lcdui/StringItem.java
javax/microedition/lcdui/SpacerLFImpl.java
javax/microedition/lcdui/TextBoxLFImpl.java
javax/microedition/lcdui/ChoiceGroupLF.java
javax/microedition/lcdui/CustomItemLF.java
javax/microedition/lcdui/UIToolkit.java
javax/microedition/lcdui/GaugeLFImpl.java
javax/microedition/lcdui/DEPopupLayer.java
javax/microedition/lcdui/CanvasLF.java
javax/microedition/lcdui/CustomItemLFImpl.java
javax/microedition/lcdui/TickerLF.java
javax/microedition/lcdui/LFFactoryImpl.java
javax/microedition/lcdui/ItemLF.java
javax/microedition/lcdui/Item.java
javax/microedition/lcdui/Spacer.java
javax/microedition/lcdui/TickerLFImpl.java
javax/microedition/lcdui/DisplayableLF.java
javax/microedition/lcdui/Font.java
javax/microedition/lcdui/AlertLF.java
javax/microedition/lcdui/StringItemLF.java
javax/microedition/lcdui/Displayable.java
javax/microedition/lcdui/ImageData.java
javax/microedition/lcdui/DateFieldLFImpl.java
javax/microedition/lcdui/Choice.java
javax/microedition/lcdui/Screen.java
javax/microedition/lcdui/Command.java
javax/microedition/lcdui/ChoiceGroup.java
javax/microedition/lcdui/ScreenLFImpl.java
javax/microedition/lcdui/KeyConverter_TOREMOVE.java
javax/microedition/lcdui/TextBox.java
javax/microedition/lcdui/ItemCommandListener.java
javax/microedition/lcdui/ImageItemLF.java
javax/microedition/lcdui/GaugeLF.java
javax/microedition/lcdui/Alert.java
javax/microedition/lcdui/Graphics.java
javax/microedition/lcdui/Form.java
javax/microedition/lcdui/DateFieldLF.java
javax/microedition/lcdui/TextFieldLF.java
javax/microedition/lcdui/ImageItem.java
javax/microedition/lcdui/Gauge.java
javax/microedition/lcdui/Ticker.java
javax/microedition/lcdui/DisplayEventListener.java
javax/microedition/lcdui/Theme.java
javax/microedition/lcdui/DateField.java
javax/microedition/lcdui/AlertType.java
javax/microedition/lcdui/CommandListener.java
javax/microedition/lcdui/Canvas.java
javax/microedition/lcdui/DisplayableLFImpl.java
javax/microedition/lcdui/TextField.java
javax/microedition/lcdui/ChoiceGroupLFImpl.java
javax/microedition/lcdui/CanvasLFImpl.java
javax/microedition/lcdui/AbstractImageDataFactory.java
javax/microedition/lcdui/ImageItemLFImpl.java
javax/microedition/lcdui/SpacerLF.java
javax/microedition/lcdui/ChoiceGroupPopupLFImpl.java
javax/microedition/lcdui/TextFieldLFImpl.java
javax/microedition/lcdui/CustomItem.java
javax/microedition/lcdui/List.java
javax/microedition/lcdui/DisplayEventHandlerImpl.java
javax/microedition/lcdui/game/GameCanvas.java
javax/microedition/lcdui/game/LayerManager.java
javax/microedition/lcdui/game/TiledLayer.java
javax/microedition/lcdui/game/Sprite.java
javax/microedition/lcdui/game/Layer.java
javax/microedition/rms/RecordStoreNotFoundException.java
javax/microedition/rms/RecordListener.java
javax/microedition/rms/RecordStoreFullException.java
javax/microedition/rms/RecordFilter.java
javax/microedition/rms/RecordStore.java
javax/microedition/rms/RecordStoreNotOpenException.java
javax/microedition/rms/RecordComparator.java
javax/microedition/rms/InvalidRecordIDException.java
javax/microedition/rms/RecordEnumeration.java
javax/microedition/rms/RecordStoreException.java
javax/microedition/rms/RecordEnumerationImpl.java
javax/microedition/midlet/MIDletStateChangeException.java
javax/microedition/midlet/MIDlet.java
javax/microedition/midlet/MIDletTunnelImpl.java
javax/microedition/io/SocketConnection.java
javax/microedition/io/InputConnection.java
javax/microedition/io/Connection.java
javax/microedition/io/ServerSocketConnection.java
javax/microedition/io/ContentConnection.java
javax/microedition/io/OutputConnection.java
javax/microedition/io/StreamConnection.java
javax/microedition/io/ConnectionNotFoundException.java
javax/microedition/io/PushRegistry.java
javax/microedition/io/Connector.java
javax/microedition/io/HttpConnection.java
javax/microedition/io/DatagramConnection.java
javax/microedition/io/StreamConnectionNotifier.java
javax/microedition/io/Datagram.java
javax/microedition/io/file/ConnectionClosedException.java
javax/microedition/io/file/FileSystemEventHandlerBase.java
javax/microedition/io/file/FileSystemEventHandler.java
javax/microedition/io/file/FileConnection.java
javax/microedition/io/file/IllegalModeException.java
javax/microedition/io/file/FileSystemListener.java
javax/microedition/io/file/FileSystemRegistry.java
javax/microedition/media/Control.java
javax/microedition/media/Player.java
javax/microedition/media/TimeBase.java
javax/microedition/media/MediaException.java
javax/microedition/media/Controllable.java
javax/microedition/media/PlayerListener.java
javax/microedition/media/Configuration.java
javax/microedition/media/Manager.java
javax/microedition/media/control/VolumeControl.java
javax/microedition/media/control/StopTimeControl.java
javax/microedition/media/control/ToneControl.java
javax/microedition/media/protocol/ContentDescriptor.java
javax/microedition/media/protocol/SourceStream.java
javax/microedition/media/protocol/DataSource.java
