org/thenesis/microbackend/ui/UIBackendFactory.java
org/thenesis/microbackend/ui/NullBackend.java
org/thenesis/microbackend/ui/KeyConstants.java
org/thenesis/microbackend/ui/UIBackend.java
org/thenesis/microbackend/ui/BackendEventListener.java
org/thenesis/microbackend/ui/Logging.java
org/thenesis/microbackend/ui/NullBackendEventListener.java
org/thenesis/microbackend/ui/Configuration.java
org/thenesis/microbackend/ui/fb/FBBackend.java
-org/thenesis/microbackend/ui/awtgrabber/AWTGrabberBackend.java
org/thenesis/microbackend/ui/sdl/SDLBackend.java
org/thenesis/microbackend/ui/gtk/GTKBackend.java
-org/thenesis/microbackend/ui/swt/AbstractSWTBackend.java
-org/thenesis/microbackend/ui/swt/SWTBackend.java
-org/thenesis/microbackend/ui/swt/SWTWrapperBackend.java
-org/thenesis/microbackend/ui/x11/X11Backend.java
org/thenesis/microbackend/ui/image/png/Chunk_sRGB.java
org/thenesis/microbackend/ui/image/png/Util.java
org/thenesis/microbackend/ui/image/png/Chunk_sBIT.java
org/thenesis/microbackend/ui/image/png/Chunk_gIFg.java
org/thenesis/microbackend/ui/image/png/Chunk_pHYs.java
org/thenesis/microbackend/ui/image/png/BitMover1P.java
org/thenesis/microbackend/ui/image/png/AbstractTextChunk.java
org/thenesis/microbackend/ui/image/png/TextChunk.java
org/thenesis/microbackend/ui/image/png/PixelReader.java
org/thenesis/microbackend/ui/image/png/BitMover16RGBA.java
org/thenesis/microbackend/ui/image/png/BitMover2G.java
org/thenesis/microbackend/ui/image/png/Chunk_bKGD.java
org/thenesis/microbackend/ui/image/png/Color.java
org/thenesis/microbackend/ui/image/png/Chunk_zTXt.java
org/thenesis/microbackend/ui/image/png/BitMover1G.java
org/thenesis/microbackend/ui/image/png/CRC32.java
org/thenesis/microbackend/ui/image/png/Chunk_tIME.java
org/thenesis/microbackend/ui/image/png/Chunk_gAMA.java
org/thenesis/microbackend/ui/image/png/BitMover8G.java
org/thenesis/microbackend/ui/image/png/UnfilterInputStream.java
org/thenesis/microbackend/ui/image/png/BitMover8P.java
org/thenesis/microbackend/ui/image/png/KeyValueChunk.java
org/thenesis/microbackend/ui/image/png/ImageConsumer.java
org/thenesis/microbackend/ui/image/png/CRCInputStream.java
org/thenesis/microbackend/ui/image/png/Chunk_tEXt.java
org/thenesis/microbackend/ui/image/png/PngExceptionSoft.java
org/thenesis/microbackend/ui/image/png/ImageProducer.java
org/thenesis/microbackend/ui/image/png/Chunk_cHRM.java
org/thenesis/microbackend/ui/image/png/Chunk_iTXt.java
org/thenesis/microbackend/ui/image/png/Chunk_IEND.java
org/thenesis/microbackend/ui/image/png/GifExtension.java
org/thenesis/microbackend/ui/image/png/ChunkHandler.java
org/thenesis/microbackend/ui/image/png/BitMover16RGB.java
org/thenesis/microbackend/ui/image/png/PngException.java
org/thenesis/microbackend/ui/image/png/CharSequence.java
org/thenesis/microbackend/ui/image/png/IndexColorModel.java
org/thenesis/microbackend/ui/image/png/BitMover.java
org/thenesis/microbackend/ui/image/png/BitMover16G.java
org/thenesis/microbackend/ui/image/png/Chunk_sPLT.java
org/thenesis/microbackend/ui/image/png/FilterInputStream.java
org/thenesis/microbackend/ui/image/png/ColorModel.java
org/thenesis/microbackend/ui/image/png/Chunk_hIST.java
org/thenesis/microbackend/ui/image/png/UserChunk.java
org/thenesis/microbackend/ui/image/png/BitMover16GA.java
org/thenesis/microbackend/ui/image/png/Chunk.java
org/thenesis/microbackend/ui/image/png/BitMover4P.java
org/thenesis/microbackend/ui/image/png/PngImage.java
org/thenesis/microbackend/ui/image/png/Chunk_IHDR.java
org/thenesis/microbackend/ui/image/png/BitMover8RGB.java
org/thenesis/microbackend/ui/image/png/BitMover4G.java
org/thenesis/microbackend/ui/image/png/BitMover2P.java
org/thenesis/microbackend/ui/image/png/Chunk_oFFs.java
org/thenesis/microbackend/ui/image/png/BufferedInputStream.java
org/thenesis/microbackend/ui/image/png/CharArrayWriter.java
org/thenesis/microbackend/ui/image/png/IDATInputStream.java
org/thenesis/microbackend/ui/image/png/DummyImageConsumer.java
org/thenesis/microbackend/ui/image/png/Chunk_iCCP.java
org/thenesis/microbackend/ui/image/png/Chunk_gIFx.java
org/thenesis/microbackend/ui/image/png/Chunk_tRNS.java
org/thenesis/microbackend/ui/image/png/NullInterlacer.java
org/thenesis/microbackend/ui/image/png/Chunk_IDAT.java
org/thenesis/microbackend/ui/image/png/Chunk_PLTE.java
org/thenesis/microbackend/ui/image/png/Chunk_VcHRM.java
org/thenesis/microbackend/ui/image/png/Chunk_sCAL.java
org/thenesis/microbackend/ui/image/png/Chunk_pCAL.java
org/thenesis/microbackend/ui/image/png/ExDataInputStream.java
org/thenesis/microbackend/ui/image/png/Adam7Interlacer.java
org/thenesis/microbackend/ui/image/png/BitMover8GA.java
org/thenesis/microbackend/ui/image/png/Interlacer.java
org/thenesis/microbackend/ui/image/png/DirectColorModel.java
org/thenesis/microbackend/ui/image/png/BitMover8RGBA.java
org/thenesis/microbackend/ui/graphics/VirtualToolkit.java
org/thenesis/microbackend/ui/graphics/VirtualFont.java
org/thenesis/microbackend/ui/graphics/VirtualKeyboard.java
org/thenesis/microbackend/ui/graphics/VirtualFontImpl.java
org/thenesis/microbackend/ui/graphics/VirtualImage.java
org/thenesis/microbackend/ui/graphics/Rectangle.java
org/thenesis/microbackend/ui/graphics/VirtualGraphics.java
org/thenesis/microbackend/ui/graphics/VirtualSurface.java
org/thenesis/microbackend/ui/graphics/Point.java
org/thenesis/microbackend/ui/qt/QTBackend.java
-org/thenesis/microbackend/ui/awt/AbstractAWTBackend.java
-org/thenesis/microbackend/ui/awt/AWTWrapperBackend.java
-org/thenesis/microbackend/ui/awt/AWTBackend.java
org/thenesis/microbackend/zip/PendingBuffer.java
org/thenesis/microbackend/zip/ZipException.java
org/thenesis/microbackend/zip/Adler32.java
org/thenesis/microbackend/zip/OutputWindow.java
org/thenesis/microbackend/zip/DeflaterConstants.java
org/thenesis/microbackend/zip/FilterInputStream.java
org/thenesis/microbackend/zip/Inflater.java
org/thenesis/microbackend/zip/StreamManipulator.java
org/thenesis/microbackend/zip/InflaterDynHeader.java
org/thenesis/microbackend/zip/InflaterHuffmanTree.java
org/thenesis/microbackend/zip/InflaterInputStream.java
org/thenesis/microbackend/zip/DataFormatException.java
