./org/thenesis/midpath/mmedia/protocol/LocatorParser.class
./org/thenesis/midpath/mmedia/protocol/CommonDS.class
./org/thenesis/midpath/mmedia/protocol/BasicDS.class
./org/thenesis/midpath/mmedia/TonePlayer.class
./org/thenesis/midpath/mmedia/SDLWavPlayer$SDLToneControl.class
./org/thenesis/midpath/mmedia/SDLWavPlayer$SDLVolumeControl.class
./org/thenesis/midpath/mmedia/SDLWavPlayer.class
./org/thenesis/midpath/mmedia/SDLPlayer$EndOfMediaChecker.class
./org/thenesis/midpath/mmedia/SDLPlayer.class
./org/thenesis/midpath/mmedia/BasicPlayer.class
./org/thenesis/midpath/mmedia/EvtQ.class
./org/thenesis/midpath/mmedia/SDLMusicPlayer$SDLToneControl.class
./org/thenesis/midpath/mmedia/SDLMusicPlayer$SDLVolumeControl.class
./org/thenesis/midpath/mmedia/SDLMusicPlayer.class
./org/thenesis/midpath/mmedia/DefaultConfiguration.class
./org/thenesis/midpath/mmedia/MIDletPauseListener.class
./org/thenesis/midpath/mmedia/VirtualSoundPlayer$VirtualToneControl.class
./org/thenesis/midpath/mmedia/VirtualSoundPlayer$VirtualVolumeControl.class
./org/thenesis/midpath/mmedia/VirtualSoundPlayer$DecodingThread$1.class
./org/thenesis/midpath/mmedia/VirtualSoundPlayer$DecodingThread.class
./org/thenesis/midpath/mmedia/VirtualSoundPlayer.class
./org/thenesis/midpath/mmedia/DecoderInputStream.class
./org/thenesis/midpath/mmedia/MMEventHandler.class
./org/thenesis/midpath/ui/toolkit/virtual/BDFFontPeer.class
./org/thenesis/midpath/ui/toolkit/virtual/VirtualToolkit.class
./org/thenesis/midpath/ui/toolkit/virtual/VirtualSurface.class
./org/thenesis/midpath/ui/toolkit/virtual/VirtualGraphics$Line.class
./org/thenesis/midpath/ui/toolkit/virtual/VirtualGraphics$1.class
./org/thenesis/midpath/ui/toolkit/virtual/VirtualGraphics.class
./org/thenesis/midpath/ui/toolkit/virtual/VirtualBackend.class
./org/thenesis/midpath/ui/toolkit/virtual/Rectangle.class
./org/thenesis/midpath/ui/toolkit/virtual/Point.class
./org/thenesis/midpath/ui/toolkit/virtual/VirtualBackendImpl$VirtualSurfaceImpl.class
./org/thenesis/midpath/ui/toolkit/virtual/VirtualBackendImpl.class
./org/thenesis/midpath/ui/toolkit/virtual/GenericEventMapper.class
./org/thenesis/midpath/ui/toolkit/virtual/VirtualBackendEventListener.class
./org/thenesis/midpath/ui/toolkit/virtual/VirtualImage$1.class
./org/thenesis/midpath/ui/toolkit/virtual/VirtualImage.class
./org/thenesis/midpath/ui/toolkit/virtual/RawFontPeer.class
./org/thenesis/midpath/zip/ZipConstants.class
./org/thenesis/midpath/zip/ZipFile$1.class
./org/thenesis/midpath/zip/ZipFile$ZipEntryEnumeration.class
./org/thenesis/midpath/zip/ZipFile$EmptyEnumeration.class
./org/thenesis/midpath/zip/ZipFile$PartialInputStream.class
./org/thenesis/midpath/zip/ZipFile.class
./org/thenesis/midpath/zip/ZipEntry.class
./org/thenesis/midpath/sound/backend/esd/EsdBackend.class
./org/thenesis/midpath/sound/backend/esd/EsdSink.class
./org/thenesis/midpath/sound/backend/alsa/AlsaBackend.class
./org/thenesis/midpath/sound/backend/alsa/AlsaSink.class
./org/thenesis/midpath/sound/backend/pulseaudio/PulseBackend.class
./org/thenesis/midpath/sound/backend/pulseaudio/PulseSink.class
./org/thenesis/midpath/sound/codec/AudioDecoder.class
./org/thenesis/midpath/sound/codec/DecoderCallback.class
./org/thenesis/midpath/sound/codec/MP3Decoder.class
./org/thenesis/midpath/sound/codec/OggVorbisDecoder.class
./org/thenesis/midpath/sound/codec/WaveDecoder.class
./org/thenesis/midpath/sound/codec/WaveFile.class
./org/thenesis/midpath/sound/codec/WAVEHeader.class
./org/thenesis/midpath/sound/codec/IOLSB.class
./org/thenesis/midpath/sound/SoundBackend.class
./org/thenesis/midpath/sound/Mixer.class
./org/thenesis/midpath/sound/Line.class
./org/thenesis/midpath/sound/AudioFormat.class
./org/thenesis/midpath/sound/SoundToolkit.class
./org/thenesis/midpath/sound/SoftMixer$SoftMixerLine.class
./org/thenesis/midpath/sound/SoftMixer.class
./org/thenesis/midpath/sound/NullSoundBackend$NullMixer.class
./org/thenesis/midpath/sound/NullSoundBackend$NullLine.class
./org/thenesis/midpath/sound/NullSoundBackend.class
./org/thenesis/midpath/sound/AudioTools.class
./org/thenesis/midpath/sound/AbstractLine.class
./org/thenesis/midpath/font/bdf/BDFFontContainer.class
./org/thenesis/midpath/font/bdf/BDFParser$Dimension.class
./org/thenesis/midpath/font/bdf/BDFParser$Rectangle.class
./org/thenesis/midpath/font/bdf/BDFParser$Version.class
./org/thenesis/midpath/font/bdf/BDFParser.class
./org/thenesis/midpath/font/bdf/BDFParserConstants.class
./org/thenesis/midpath/font/bdf/BDFGlyph.class
./org/thenesis/midpath/font/bdf/BDFMetrics.class
./org/thenesis/midpath/font/bdf/ParseException.class
./org/thenesis/midpath/font/bdf/BDFParserTokenManager.class
./org/thenesis/midpath/font/bdf/SimpleCharStream.class
./org/thenesis/midpath/font/bdf/Token.class
./org/thenesis/midpath/font/bdf/TokenMgrError.class
./org/thenesis/midpath/io/backend/j2se/FileHandlerImpl$1.class
./org/thenesis/midpath/io/backend/j2se/FileHandlerImpl.class
./org/thenesis/midpath/io/backend/cldc/FilenameFilter.class
./org/thenesis/midpath/io/backend/cldc/File.class
./org/thenesis/midpath/io/backend/cldc/SimpleTokenizer.class
./org/thenesis/midpath/io/backend/cldc/FileHandlerImpl$1.class
./org/thenesis/midpath/io/backend/cldc/FileHandlerImpl.class
./org/thenesis/midpath/io/backend/cldc/RandomAccessFile.class
./org/thenesis/midpath/io/backend/cldc/PlatformHelper.class
./org/thenesis/midpath/io/RandomAccessArray.class
./org/thenesis/midpath/io/AbstractFileHandler.class
./org/thenesis/midpath/io/MemoryFileHandler.class
./org/thenesis/midpath/main/AbstractJarInspector.class
./org/thenesis/midpath/main/MIDletChooserMIDlet.class
./org/thenesis/midpath/main/JarInspectorME.class
