org/thenesis/midpath/mmedia/TonePlayer.java
org/thenesis/midpath/mmedia/SDLWavPlayer.java
org/thenesis/midpath/mmedia/SDLMusicPlayer.java
org/thenesis/midpath/mmedia/DefaultConfiguration.java
org/thenesis/midpath/mmedia/SDLPlayer.java
org/thenesis/midpath/mmedia/MIDletPauseListener.java
org/thenesis/midpath/mmedia/VirtualSoundPlayer.java
org/thenesis/midpath/mmedia/MMEventHandler.java
org/thenesis/midpath/mmedia/BasicPlayer.java
org/thenesis/midpath/mmedia/protocol/LocatorParser.java
org/thenesis/midpath/mmedia/protocol/CommonDS.java
org/thenesis/midpath/mmedia/protocol/BasicDS.java
org/thenesis/midpath/ui/toolkit/sdl/SDLGfxFontPeer.java
org/thenesis/midpath/ui/toolkit/sdl/SDLTtfFontPeer.java
org/thenesis/midpath/ui/toolkit/sdl/SDLToolkit.java
org/thenesis/midpath/ui/toolkit/sdl/SDLEventMapper.java
org/thenesis/midpath/ui/toolkit/sdl/SDLEventPump.java
org/thenesis/midpath/ui/toolkit/sdl/SDLGraphics.java
org/thenesis/midpath/ui/toolkit/sdl/SDLImage.java
org/thenesis/midpath/ui/toolkit/virtual/BDFFontPeer.java
org/thenesis/midpath/ui/toolkit/virtual/VirtualToolkit.java
org/thenesis/midpath/ui/toolkit/virtual/VirtualImage.java
org/thenesis/midpath/ui/toolkit/virtual/Rectangle.java
org/thenesis/midpath/ui/toolkit/virtual/VirtualGraphics.java
org/thenesis/midpath/ui/toolkit/virtual/VirtualSurface.java
org/thenesis/midpath/ui/toolkit/virtual/RawFontPeer.java
org/thenesis/midpath/ui/toolkit/virtual/VirtualBackend.java
org/thenesis/midpath/ui/toolkit/virtual/GenericEventMapper.java
org/thenesis/midpath/ui/toolkit/virtual/Point.java
org/thenesis/midpath/zip/ZipEntry.java
org/thenesis/midpath/zip/ZipConstants.java
org/thenesis/midpath/zip/ZipFile.java
org/thenesis/midpath/sound/AudioFormat.java
org/thenesis/midpath/sound/Mixer.java
org/thenesis/midpath/sound/Line.java
org/thenesis/midpath/sound/SoftMixer.java
org/thenesis/midpath/sound/SoundBackend.java
org/thenesis/midpath/sound/SoundToolkit.java
org/thenesis/midpath/sound/AudioTools.java
org/thenesis/midpath/sound/NullSoundBackend.java
org/thenesis/midpath/sound/AbstractLine.java
org/thenesis/midpath/sound/backend/esd/EsdSink.java
org/thenesis/midpath/sound/backend/esd/EsdBackend.java
org/thenesis/midpath/sound/backend/alsa/AlsaSink.java
org/thenesis/midpath/sound/backend/alsa/AlsaBackend.java
org/thenesis/midpath/sound/backend/pulseaudio/PulseSink.java
org/thenesis/midpath/sound/backend/pulseaudio/PulseBackend.java
org/thenesis/midpath/sound/codec/AudioDecoder.java
org/thenesis/midpath/sound/codec/MP3Decoder.java
org/thenesis/midpath/sound/codec/DecoderCallback.java
org/thenesis/midpath/sound/codec/WaveDecoder.java
org/thenesis/midpath/sound/codec/WaveFile.java
org/thenesis/midpath/sound/codec/OggVorbisDecoder.java
org/thenesis/midpath/font/bdf/SimpleCharStream.java
org/thenesis/midpath/font/bdf/BDFGlyph.java
org/thenesis/midpath/font/bdf/Token.java
org/thenesis/midpath/font/bdf/BDFMetrics.java
org/thenesis/midpath/font/bdf/ParseException.java
org/thenesis/midpath/font/bdf/BDFParserConstants.java
org/thenesis/midpath/font/bdf/BDFParserTokenManager.java
org/thenesis/midpath/font/bdf/BDFParser.java
org/thenesis/midpath/font/bdf/BDFFontContainer.java
org/thenesis/midpath/font/bdf/TokenMgrError.java
org/thenesis/midpath/io/RandomAccessArray.java
org/thenesis/midpath/io/AbstractFileHandler.java
org/thenesis/midpath/io/MemoryFileHandler.java
org/thenesis/midpath/io/backend/j2se/SocketPeerImpl.java
org/thenesis/midpath/io/backend/j2se/FileHandlerImpl.java
org/thenesis/midpath/io/backend/j2se/ServerSocketPeerImpl.java
org/thenesis/midpath/io/backend/cldc/SocketPeerImpl.java
org/thenesis/midpath/io/backend/cldc/FilenameFilter.java
org/thenesis/midpath/io/backend/cldc/SimpleTokenizer.java
org/thenesis/midpath/io/backend/cldc/FileHandlerImpl.java
org/thenesis/midpath/io/backend/cldc/PlatformHelper.java
org/thenesis/midpath/io/backend/cldc/File.java
org/thenesis/midpath/io/backend/cldc/RandomAccessFile.java
org/thenesis/midpath/main/MIDletLauncherSE.java
org/thenesis/midpath/main/AbstractJarInspector.java
org/thenesis/midpath/main/MIDletChooserMIDlet.java
org/thenesis/midpath/main/SuiteManager.java
org/thenesis/midpath/main/JarInspectorME.java
org/thenesis/midpath/main/SuiteManagerMIDlet.java
org/thenesis/midpath/main/JarInspectorSE.java
org/thenesis/midpath/main/MIDletLauncher.java
org/thenesis/microbackend/ui/UIBackendFactory.java
org/thenesis/microbackend/ui/NullBackend.java
org/thenesis/microbackend/ui/KeyConstants.java
org/thenesis/microbackend/ui/UIBackend.java
org/thenesis/microbackend/ui/BackendEventListener.java
org/thenesis/microbackend/ui/Logging.java
org/thenesis/microbackend/ui/NullBackendEventListener.java
org/thenesis/microbackend/ui/Configuration.java
org/thenesis/microbackend/ui/fb/FBBackend.java
org/thenesis/microbackend/ui/awtgrabber/AWTGrabberBackend.java
org/thenesis/microbackend/ui/sdl/SDLBackend.java
org/thenesis/microbackend/ui/gtk/GTKBackend.java
org/thenesis/microbackend/ui/swt/AbstractSWTBackend.java
org/thenesis/microbackend/ui/swt/SWTBackend.java
org/thenesis/microbackend/ui/swt/SWTWrapperBackend.java
org/thenesis/microbackend/ui/x11/X11Backend.java
org/thenesis/microbackend/ui/image/png/Chunk_sRGB.java
org/thenesis/microbackend/ui/image/png/Util.java
org/thenesis/microbackend/ui/image/png/Chunk_sBIT.java
org/thenesis/microbackend/ui/image/png/Chunk_gIFg.java
org/thenesis/microbackend/ui/image/png/Chunk_pHYs.java
org/thenesis/microbackend/ui/image/png/BitMover1P.java
org/thenesis/microbackend/ui/image/png/AbstractTextChunk.java
org/thenesis/microbackend/ui/image/png/TextChunk.java
org/thenesis/microbackend/ui/image/png/PixelReader.java
org/thenesis/microbackend/ui/image/png/BitMover16RGBA.java
org/thenesis/microbackend/ui/image/png/BitMover2G.java
org/thenesis/microbackend/ui/image/png/Chunk_bKGD.java
org/thenesis/microbackend/ui/image/png/Color.java
org/thenesis/microbackend/ui/image/png/Chunk_zTXt.java
org/thenesis/microbackend/ui/image/png/BitMover1G.java
org/thenesis/microbackend/ui/image/png/CRC32.java
org/thenesis/microbackend/ui/image/png/Chunk_tIME.java
org/thenesis/microbackend/ui/image/png/Chunk_gAMA.java
org/thenesis/microbackend/ui/image/png/BitMover8G.java
org/thenesis/microbackend/ui/image/png/UnfilterInputStream.java
org/thenesis/microbackend/ui/image/png/BitMover8P.java
org/thenesis/microbackend/ui/image/png/KeyValueChunk.java
org/thenesis/microbackend/ui/image/png/ImageConsumer.java
org/thenesis/microbackend/ui/image/png/CRCInputStream.java
org/thenesis/microbackend/ui/image/png/Chunk_tEXt.java
org/thenesis/microbackend/ui/image/png/PngExceptionSoft.java
org/thenesis/microbackend/ui/image/png/ImageProducer.java
org/thenesis/microbackend/ui/image/png/Chunk_cHRM.java
org/thenesis/microbackend/ui/image/png/Chunk_iTXt.java
org/thenesis/microbackend/ui/image/png/Chunk_IEND.java
org/thenesis/microbackend/ui/image/png/GifExtension.java
org/thenesis/microbackend/ui/image/png/ChunkHandler.java
org/thenesis/microbackend/ui/image/png/BitMover16RGB.java
org/thenesis/microbackend/ui/image/png/PngException.java
org/thenesis/microbackend/ui/image/png/CharSequence.java
org/thenesis/microbackend/ui/image/png/IndexColorModel.java
org/thenesis/microbackend/ui/image/png/BitMover.java
org/thenesis/microbackend/ui/image/png/BitMover16G.java
org/thenesis/microbackend/ui/image/png/Chunk_sPLT.java
org/thenesis/microbackend/ui/image/png/FilterInputStream.java
org/thenesis/microbackend/ui/image/png/ColorModel.java
org/thenesis/microbackend/ui/image/png/Chunk_hIST.java
org/thenesis/microbackend/ui/image/png/UserChunk.java
org/thenesis/microbackend/ui/image/png/BitMover16GA.java
org/thenesis/microbackend/ui/image/png/Chunk.java
org/thenesis/microbackend/ui/image/png/BitMover4P.java
org/thenesis/microbackend/ui/image/png/PngImage.java
org/thenesis/microbackend/ui/image/png/Chunk_IHDR.java
org/thenesis/microbackend/ui/image/png/BitMover8RGB.java
org/thenesis/microbackend/ui/image/png/BitMover4G.java
org/thenesis/microbackend/ui/image/png/BitMover2P.java
org/thenesis/microbackend/ui/image/png/Chunk_oFFs.java
org/thenesis/microbackend/ui/image/png/BufferedInputStream.java
org/thenesis/microbackend/ui/image/png/CharArrayWriter.java
org/thenesis/microbackend/ui/image/png/IDATInputStream.java
org/thenesis/microbackend/ui/image/png/DummyImageConsumer.java
org/thenesis/microbackend/ui/image/png/Chunk_iCCP.java
org/thenesis/microbackend/ui/image/png/Chunk_gIFx.java
org/thenesis/microbackend/ui/image/png/Chunk_tRNS.java
org/thenesis/microbackend/ui/image/png/NullInterlacer.java
org/thenesis/microbackend/ui/image/png/Chunk_IDAT.java
org/thenesis/microbackend/ui/image/png/Chunk_PLTE.java
org/thenesis/microbackend/ui/image/png/Chunk_VcHRM.java
org/thenesis/microbackend/ui/image/png/Chunk_sCAL.java
org/thenesis/microbackend/ui/image/png/Chunk_pCAL.java
org/thenesis/microbackend/ui/image/png/ExDataInputStream.java
org/thenesis/microbackend/ui/image/png/Adam7Interlacer.java
org/thenesis/microbackend/ui/image/png/BitMover8GA.java
org/thenesis/microbackend/ui/image/png/Interlacer.java
org/thenesis/microbackend/ui/image/png/DirectColorModel.java
org/thenesis/microbackend/ui/image/png/BitMover8RGBA.java
org/thenesis/microbackend/ui/graphics/VirtualToolkit.java
org/thenesis/microbackend/ui/graphics/VirtualFont.java
org/thenesis/microbackend/ui/graphics/VirtualKeyboard.java
org/thenesis/microbackend/ui/graphics/VirtualFontImpl.java
org/thenesis/microbackend/ui/graphics/VirtualImage.java
org/thenesis/microbackend/ui/graphics/Rectangle.java
org/thenesis/microbackend/ui/graphics/VirtualGraphics.java
org/thenesis/microbackend/ui/graphics/VirtualSurface.java
org/thenesis/microbackend/ui/graphics/Point.java
org/thenesis/microbackend/ui/qt/QTBackend.java
org/thenesis/microbackend/ui/awt/AbstractAWTBackend.java
org/thenesis/microbackend/ui/awt/AWTWrapperBackend.java
org/thenesis/microbackend/ui/awt/AWTBackend.java
org/thenesis/microbackend/zip/PendingBuffer.java
org/thenesis/microbackend/zip/ZipException.java
org/thenesis/microbackend/zip/Adler32.java
org/thenesis/microbackend/zip/OutputWindow.java
org/thenesis/microbackend/zip/DeflaterConstants.java
org/thenesis/microbackend/zip/FilterInputStream.java
org/thenesis/microbackend/zip/Inflater.java
org/thenesis/microbackend/zip/StreamManipulator.java
org/thenesis/microbackend/zip/InflaterDynHeader.java
org/thenesis/microbackend/zip/InflaterHuffmanTree.java
org/thenesis/microbackend/zip/InflaterInputStream.java
org/thenesis/microbackend/zip/DataFormatException.java
javax/microedition/lcdui/FormLF.java
javax/microedition/lcdui/StringItemLFImpl.java
javax/microedition/lcdui/ItemStateListener.java
javax/microedition/lcdui/Image.java
javax/microedition/lcdui/MiniDateEditor.java
javax/microedition/lcdui/FontPeer.java
javax/microedition/lcdui/DateEditor.java
javax/microedition/lcdui/AlertLFImpl.java
javax/microedition/lcdui/LayoutManager.java
javax/microedition/lcdui/FormLFImpl.java
javax/microedition/lcdui/Display.java
javax/microedition/lcdui/AbstractImageData.java
javax/microedition/lcdui/ItemLFImpl.java
javax/microedition/lcdui/GraphicsAccessImpl.java
javax/microedition/lcdui/LFFactory.java
javax/microedition/lcdui/StringItem.java
javax/microedition/lcdui/SpacerLFImpl.java
javax/microedition/lcdui/TextBoxLFImpl.java
javax/microedition/lcdui/ChoiceGroupLF.java
javax/microedition/lcdui/CustomItemLF.java
javax/microedition/lcdui/UIToolkit.java
javax/microedition/lcdui/GaugeLFImpl.java
javax/microedition/lcdui/DEPopupLayer.java
javax/microedition/lcdui/CanvasLF.java
javax/microedition/lcdui/CustomItemLFImpl.java
javax/microedition/lcdui/TickerLF.java
javax/microedition/lcdui/LFFactoryImpl.java
javax/microedition/lcdui/ItemLF.java
javax/microedition/lcdui/Item.java
javax/microedition/lcdui/Spacer.java
javax/microedition/lcdui/TickerLFImpl.java
javax/microedition/lcdui/DisplayableLF.java
javax/microedition/lcdui/Font.java
javax/microedition/lcdui/AlertLF.java
javax/microedition/lcdui/StringItemLF.java
javax/microedition/lcdui/Displayable.java
javax/microedition/lcdui/ImageData.java
javax/microedition/lcdui/DateFieldLFImpl.java
javax/microedition/lcdui/Choice.java
javax/microedition/lcdui/Screen.java
javax/microedition/lcdui/Command.java
javax/microedition/lcdui/ChoiceGroup.java
javax/microedition/lcdui/ScreenLFImpl.java
javax/microedition/lcdui/KeyConverter_TOREMOVE.java
javax/microedition/lcdui/TextBox.java
javax/microedition/lcdui/ItemCommandListener.java
javax/microedition/lcdui/ImageItemLF.java
javax/microedition/lcdui/GaugeLF.java
javax/microedition/lcdui/Alert.java
javax/microedition/lcdui/Graphics.java
javax/microedition/lcdui/Form.java
javax/microedition/lcdui/DateFieldLF.java
javax/microedition/lcdui/TextFieldLF.java
javax/microedition/lcdui/ImageItem.java
javax/microedition/lcdui/Gauge.java
javax/microedition/lcdui/Ticker.java
javax/microedition/lcdui/DisplayEventListener.java
javax/microedition/lcdui/Theme.java
javax/microedition/lcdui/DateField.java
javax/microedition/lcdui/AlertType.java
javax/microedition/lcdui/CommandListener.java
javax/microedition/lcdui/Canvas.java
javax/microedition/lcdui/DisplayableLFImpl.java
javax/microedition/lcdui/TextField.java
javax/microedition/lcdui/ChoiceGroupLFImpl.java
javax/microedition/lcdui/CanvasLFImpl.java
javax/microedition/lcdui/AbstractImageDataFactory.java
javax/microedition/lcdui/ImageItemLFImpl.java
javax/microedition/lcdui/SpacerLF.java
javax/microedition/lcdui/ChoiceGroupPopupLFImpl.java
javax/microedition/lcdui/TextFieldLFImpl.java
javax/microedition/lcdui/CustomItem.java
javax/microedition/lcdui/List.java
javax/microedition/lcdui/DisplayEventHandlerImpl.java
javax/microedition/lcdui/game/GameCanvas.java
javax/microedition/lcdui/game/LayerManager.java
javax/microedition/lcdui/game/TiledLayer.java
javax/microedition/lcdui/game/Sprite.java
javax/microedition/lcdui/game/Layer.java
javax/microedition/rms/RecordStoreNotFoundException.java
javax/microedition/rms/RecordListener.java
javax/microedition/rms/RecordStoreFullException.java
javax/microedition/rms/RecordFilter.java
javax/microedition/rms/RecordStore.java
javax/microedition/rms/RecordStoreNotOpenException.java
javax/microedition/rms/RecordComparator.java
javax/microedition/rms/InvalidRecordIDException.java
javax/microedition/rms/RecordEnumeration.java
javax/microedition/rms/RecordStoreException.java
javax/microedition/rms/RecordEnumerationImpl.java
javax/microedition/midlet/MIDletStateChangeException.java
javax/microedition/midlet/MIDlet.java
javax/microedition/midlet/MIDletTunnelImpl.java
javax/microedition/io/SocketConnection.java
javax/microedition/io/InputConnection.java
javax/microedition/io/Connection.java
javax/microedition/io/ServerSocketConnection.java
javax/microedition/io/ContentConnection.java
javax/microedition/io/OutputConnection.java
javax/microedition/io/StreamConnection.java
javax/microedition/io/ConnectionNotFoundException.java
javax/microedition/io/PushRegistry.java
javax/microedition/io/Connector.java
javax/microedition/io/HttpConnection.java
javax/microedition/io/DatagramConnection.java
javax/microedition/io/StreamConnectionNotifier.java
javax/microedition/io/Datagram.java
javax/microedition/io/file/ConnectionClosedException.java
javax/microedition/io/file/FileSystemEventHandlerBase.java
javax/microedition/io/file/FileSystemEventHandler.java
javax/microedition/io/file/FileConnection.java
javax/microedition/io/file/IllegalModeException.java
javax/microedition/io/file/FileSystemListener.java
javax/microedition/io/file/FileSystemRegistry.java
javax/microedition/media/Control.java
javax/microedition/media/Player.java
javax/microedition/media/TimeBase.java
javax/microedition/media/MediaException.java
javax/microedition/media/Controllable.java
javax/microedition/media/PlayerListener.java
javax/microedition/media/Configuration.java
javax/microedition/media/Manager.java
javax/microedition/media/control/VolumeControl.java
javax/microedition/media/control/StopTimeControl.java
javax/microedition/media/control/ToneControl.java
javax/microedition/media/protocol/ContentDescriptor.java
javax/microedition/media/protocol/SourceStream.java
javax/microedition/media/protocol/DataSource.java
com/sun/cldchi/io/ConsoleOutputStream.java
com/sun/cldchi/jvm/JVM.java
com/sun/cldchi/jvm/DebuggerInvoke.java
com/sun/cldchi/jvm/MethodTrap.java
com/sun/cldchi/jvm/FileDescriptor.java
com/sun/cldchi/test/Reflect.java
com/sun/cldchi/test/Dummy.java
com/sun/cldc/io/BluetoothUrl.java
com/sun/cldc/io/BluetoothProtocol.java
com/sun/cldc/io/ConnectionBaseInterface.java
com/sun/cldc/util/Semaphore.java
com/sun/cldc/util/j2me/CalendarImpl.java
com/sun/cldc/util/j2me/TimeZoneImpl.java
com/sun/cldc/i18n/StreamReader.java
com/sun/cldc/i18n/Helper.java
com/sun/cldc/i18n/StreamWriter.java
com/sun/cldc/i18n/uclc/DefaultCaseConverter.java
com/sun/cldc/i18n/j2me/ISO8859_1_Reader.java
com/sun/cldc/i18n/j2me/ISO8859_1_Writer.java
com/sun/cldc/isolate/Util.java
com/sun/cldc/isolate/Isolate.java
com/sun/cldc/isolate/IsolateStartupException.java
com/sun/cldc/isolate/IsolateResourceError.java
com/sun/cldc/isolate/IllegalIsolateStateException.java
com/sun/midp/security/Permissions.java
com/sun/midp/security/ImplicitlyTrustedClass.java
com/sun/midp/security/PermissionGroup.java
com/sun/midp/security/SecurityInitializer.java
com/sun/midp/security/SecurityToken.java
com/sun/midp/i18n/ResourceConstants.java
com/sun/midp/i18n/ResourceBundle.java
com/sun/midp/i18n/Resource.java
com/sun/midp/lcdui/DisplayEventConsumer.java
com/sun/midp/lcdui/TextPolicy.java
com/sun/midp/lcdui/Text.java
com/sun/midp/lcdui/DisplayEventProducer.java
com/sun/midp/lcdui/TextCursor.java
com/sun/midp/lcdui/SystemAlert.java
com/sun/midp/lcdui/DisplayDeviceAccess.java
com/sun/midp/lcdui/RepaintEventProducer.java
com/sun/midp/lcdui/PhoneDial.java
com/sun/midp/lcdui/DisplayAccess.java
com/sun/midp/lcdui/GameMap.java
com/sun/midp/lcdui/EventConstants.java
com/sun/midp/lcdui/LCDUIEvent.java
com/sun/midp/lcdui/TextInfo.java
com/sun/midp/lcdui/ItemEventConsumer.java
com/sun/midp/lcdui/GraphicsAccess.java
com/sun/midp/lcdui/DisplayEventHandlerFactory.java
com/sun/midp/lcdui/DynamicCharacterArray.java
com/sun/midp/lcdui/LCDUIEventListener.java
com/sun/midp/lcdui/CommandAccess.java
com/sun/midp/lcdui/RepaintEvent.java
com/sun/midp/lcdui/DisplayContainer.java
com/sun/midp/lcdui/DisplayEventHandler.java
com/sun/midp/util/DateParser.java
com/sun/midp/util/Properties.java
com/sun/midp/util/ResourceHandler.java
com/sun/midp/midletsuite/MIDletInfo.java
com/sun/midp/log/Logging.java
com/sun/midp/log/LogChannels.java
com/sun/midp/rms/RecordStoreImpl.java
com/sun/midp/rms/RecordStoreFactory.java
com/sun/midp/rms/RecordStoreUtil.java
com/sun/midp/rms/RMSConfig.java
com/sun/midp/rms/IntToIntMapper.java
com/sun/midp/rms/RecordStoreFile.java
com/sun/midp/rms/AbstractRecordStoreFile.java
com/sun/midp/rms/RecordStoreIndex.java
com/sun/midp/rms/AbstractRecordStoreImpl.java
com/sun/midp/events/EventQueue.java
com/sun/midp/events/EventMapper.java
com/sun/midp/events/Event.java
com/sun/midp/events/EventListener.java
com/sun/midp/events/EventTypes.java
com/sun/midp/events/NativeEvent.java
com/sun/midp/chameleon/ChamDisplayTunnel.java
com/sun/midp/chameleon/MIDPWindow.java
com/sun/midp/chameleon/CLayer.java
com/sun/midp/chameleon/CGraphicsQ.java
com/sun/midp/chameleon/CGraphicsUtil.java
com/sun/midp/chameleon/CWindow.java
com/sun/midp/chameleon/SubMenuCommand.java
com/sun/midp/chameleon/input/VirtualKeyboard.java
com/sun/midp/chameleon/input/KeyboardInputMode.java
com/sun/midp/chameleon/input/PTDictionary.java
com/sun/midp/chameleon/input/PredictiveTextInputMode.java
com/sun/midp/chameleon/input/BasicTextInputSession.java
com/sun/midp/chameleon/input/PTDictionaryFactory.java
com/sun/midp/chameleon/input/InputModeMediator.java
com/sun/midp/chameleon/input/InputMode.java
com/sun/midp/chameleon/input/NumericInputMode.java
com/sun/midp/chameleon/input/TextInputComponent.java
com/sun/midp/chameleon/input/AlphaNumericInputMode.java
com/sun/midp/chameleon/input/BasicInputMode.java
com/sun/midp/chameleon/input/VirtualKeyboardInputMode.java
com/sun/midp/chameleon/input/SymbolInputMode.java
com/sun/midp/chameleon/input/PTIterator.java
com/sun/midp/chameleon/input/TextInputSession.java
com/sun/midp/chameleon/layers/BodyLayer.java
com/sun/midp/chameleon/layers/TitleLayer.java
com/sun/midp/chameleon/layers/SoftButtonLayer.java
com/sun/midp/chameleon/layers/WashLayer.java
com/sun/midp/chameleon/layers/AlertLayer.java
com/sun/midp/chameleon/layers/ScrollIndLayer.java
com/sun/midp/chameleon/layers/MenuLayer.java
com/sun/midp/chameleon/layers/CascadeMenuLayer.java
com/sun/midp/chameleon/layers/PTILayer.java
com/sun/midp/chameleon/layers/PopupLayer.java
com/sun/midp/chameleon/layers/InputModeLayer.java
com/sun/midp/chameleon/layers/TickerLayer.java
com/sun/midp/chameleon/skins/TextFieldSkin.java
com/sun/midp/chameleon/skins/DateEditorSkin.java
com/sun/midp/chameleon/skins/SoftButtonSkin.java
com/sun/midp/chameleon/skins/GaugeSkin.java
com/sun/midp/chameleon/skins/SkinPropertiesIDs.java
com/sun/midp/chameleon/skins/TickerSkin.java
com/sun/midp/chameleon/skins/ChoiceGroupSkin.java
com/sun/midp/chameleon/skins/UpdateBarSkin.java
com/sun/midp/chameleon/skins/PTISkin.java
com/sun/midp/chameleon/skins/MenuSkin.java
com/sun/midp/chameleon/skins/ScreenSkin.java
com/sun/midp/chameleon/skins/ProgressBarSkin.java
com/sun/midp/chameleon/skins/AlertSkin.java
com/sun/midp/chameleon/skins/DateFieldSkin.java
com/sun/midp/chameleon/skins/BusyCursorSkin.java
com/sun/midp/chameleon/skins/ScrollIndSkin.java
com/sun/midp/chameleon/skins/TitleSkin.java
com/sun/midp/chameleon/skins/StringItemSkin.java
com/sun/midp/chameleon/skins/ImageItemSkin.java
com/sun/midp/chameleon/skins/resources/ProgressBarResources.java
com/sun/midp/chameleon/skins/resources/StringItemResources.java
com/sun/midp/chameleon/skins/resources/ScreenResources.java
com/sun/midp/chameleon/skins/resources/UpdateBarResources.java
com/sun/midp/chameleon/skins/resources/GaugeResources.java
com/sun/midp/chameleon/skins/resources/ImageTunnel.java
com/sun/midp/chameleon/skins/resources/TextFieldResources.java
com/sun/midp/chameleon/skins/resources/PTIResources.java
com/sun/midp/chameleon/skins/resources/SkinResources.java
com/sun/midp/chameleon/skins/resources/MenuResources.java
com/sun/midp/chameleon/skins/resources/TickerResources.java
com/sun/midp/chameleon/skins/resources/DateFieldResources.java
com/sun/midp/chameleon/skins/resources/ChoiceGroupResources.java
com/sun/midp/chameleon/skins/resources/ImageItemResources.java
com/sun/midp/chameleon/skins/resources/FontResources.java
com/sun/midp/chameleon/skins/resources/BusyCursorResources.java
com/sun/midp/chameleon/skins/resources/SoftButtonResources.java
com/sun/midp/chameleon/skins/resources/RomizedSkin.java
com/sun/midp/chameleon/skins/resources/DateEditorResources.java
com/sun/midp/chameleon/skins/resources/ScrollIndResources.java
com/sun/midp/chameleon/skins/resources/TitleResources.java
com/sun/midp/chameleon/skins/resources/AlertResources.java
com/sun/midp/configurator/Constants.java
com/sun/midp/l10n/LocalizedStrings.java
com/sun/midp/l10n/LocalizedStringsBase.java
com/sun/midp/installer/ManifestProperties.java
com/sun/midp/installer/InvalidJadException.java
com/sun/midp/installer/JadProperties.java
com/sun/midp/midlet/MIDletSuite.java
com/sun/midp/midlet/MIDletEventListener.java
com/sun/midp/midlet/MIDletStateHandler.java
com/sun/midp/midlet/InternalMIDletSuiteImpl.java
com/sun/midp/midlet/MIDletEventProducer.java
com/sun/midp/midlet/MIDletTunnel.java
com/sun/midp/midlet/MIDletEventConsumer.java
com/sun/midp/midlet/MIDletPeer.java
com/sun/midp/midlet/Scheduler.java
com/sun/midp/io/NetworkConnectionBase.java
com/sun/midp/io/Util.java
com/sun/midp/io/ConnectionBaseAdapter.java
com/sun/midp/io/Base64.java
com/sun/midp/io/HttpUrl.java
com/sun/midp/io/IOToolkit.java
com/sun/midp/io/BufferedConnectionAdapter.java
com/sun/midp/io/j2me/btspp/Protocol.java
com/sun/midp/io/j2me/socket/Protocol.java
com/sun/midp/io/j2me/socket/SocketPeer.java
com/sun/midp/io/j2me/socket/ProtocolPushImpl.java
com/sun/midp/io/j2me/socket/ServerSocket.java
com/sun/midp/io/j2me/btl2cap/Protocol.java
com/sun/midp/io/j2me/http/StreamConnectionElement.java
com/sun/midp/io/j2me/http/Protocol.java
com/sun/midp/io/j2me/http/StreamConnectionPool.java
com/sun/midp/io/j2me/push/PushRegistryImpl.java
com/sun/midp/io/j2me/push/ProtocolPush.java
com/sun/midp/io/j2me/btgoep/Protocol.java
com/sun/midp/io/j2me/file/RandomAccessStream.java
com/sun/midp/io/j2me/file/Protocol.java
com/sun/midp/io/j2me/file/BaseFileHandler.java
com/sun/midp/io/j2me/file/RootCache.java
com/sun/midp/io/j2me/serversocket/Socket.java
com/sun/midp/io/j2me/serversocket/ServerSocketPeer.java
com/sun/midp/main/MIDletProxy.java
com/sun/midp/main/MIDletControllerEventConsumer.java
com/sun/midp/main/ConfigurationProperties.java
com/sun/midp/main/MIDletProxyListListener.java
com/sun/midp/main/ExecuteMIDletEventListener.java
com/sun/midp/main/MIDletControllerEventListener.java
com/sun/midp/main/MIDletProxyList.java
com/sun/midp/main/MIDletControllerEventProducer.java
com/sun/midp/main/BaseMIDletSuiteLauncher.java
com/sun/midp/main/DisplayController.java
com/sun/midp/main/Configuration.java
com/sun/midp/main/MIDletClassLoader.java
com/sun/midp/main/CommandState.java
com/jcraft/jogg/Page.java
com/jcraft/jogg/Packet.java
com/jcraft/jogg/StreamState.java
com/jcraft/jogg/Buffer.java
com/jcraft/jogg/SyncState.java
com/jcraft/jorbis/JOrbisException.java
com/jcraft/jorbis/Drft.java
com/jcraft/jorbis/CodeBook.java
com/jcraft/jorbis/DspState.java
com/jcraft/jorbis/AllocChain.java
com/jcraft/jorbis/Mapping0.java
com/jcraft/jorbis/FuncFloor.java
com/jcraft/jorbis/VorbisFile.java
com/jcraft/jorbis/EncodeAuxNearestMatch.java
com/jcraft/jorbis/Info.java
com/jcraft/jorbis/Residue2.java
com/jcraft/jorbis/Residue0.java
com/jcraft/jorbis/PsyInfo.java
com/jcraft/jorbis/Floor0.java
com/jcraft/jorbis/FuncMapping.java
com/jcraft/jorbis/PsyLook.java
com/jcraft/jorbis/FuncResidue.java
com/jcraft/jorbis/Mdct.java
com/jcraft/jorbis/StrictMath.java
com/jcraft/jorbis/Block.java
com/jcraft/jorbis/StaticCodeBook.java
com/jcraft/jorbis/InfoMode.java
com/jcraft/jorbis/Residue1.java
com/jcraft/jorbis/Lookup.java
com/jcraft/jorbis/Comment.java
com/jcraft/jorbis/Lsp.java
com/jcraft/jorbis/FuncTime.java
com/jcraft/jorbis/EncodeAuxThreshMatch.java
com/jcraft/jorbis/Floor1.java
com/jcraft/jorbis/Lpc.java
com/jcraft/jorbis/Time0.java
java/awt/Point.java
java/awt/Rectangle.java
java/awt/Shape.java
java/awt/geom/Line2D.java
java/awt/geom/Point2D.java
java/awt/geom/Rectangle2D.java
java/awt/geom/RectangularShape.java
java/io/BufferedInputStream.java
java/io/BufferedOutputStream.java
java/io/BufferedReader.java
java/io/BufferedWriter.java
java/io/ByteArrayInputStream.java
java/io/ByteArrayOutputStream.java
java/io/Closeable.java
java/io/DataInput.java
java/io/DataInputStream.java
java/io/DataOutput.java
java/io/DataOutputStream.java
java/io/EOFException.java
java/io/File.java
java/io/FileInputStream.java
java/io/FileNotFoundException.java
java/io/FileOutputStream.java
java/io/FilterInputStream.java
java/io/FilterOutputStream.java
java/io/Flushable.java
java/io/IOException.java
java/io/InputStream.java
java/io/OutputStream.java
java/io/OutputStreamWriter.java
java/io/PrintStream.java
java/io/Reader.java
java/io/Serializable.java
java/io/StringWriter.java
java/io/UnsupportedEncodingException.java
java/io/Writer.java
java/io/InputStreamReader.java
java/lang/ArithmeticException.java
java/lang/ArrayIndexOutOfBoundsException.java
java/lang/ArrayStoreException.java
java/lang/AssertionError.java
java/lang/AutoCloseable.java
java/lang/Boolean.java
java/lang/Byte.java
java/lang/CharSequence.java
java/lang/Character.java
java/lang/ClassCastException.java
java/lang/ClassNotFoundException.java
java/lang/CloneNotSupportedException.java
java/lang/Cloneable.java
java/lang/Comparable.java
java/lang/Double.java
java/lang/Enum.java
java/lang/Error.java
java/lang/Exception.java
java/lang/Float.java
java/lang/IllegalArgumentException.java
java/lang/IllegalMonitorStateException.java
java/lang/IllegalStateException.java
java/lang/IndexOutOfBoundsException.java
java/lang/Integer.java
java/lang/InternalError.java
java/lang/InterruptedException.java
java/lang/Iterable.java
java/lang/Long.java
java/lang/Math.java
java/lang/NegativeArraySizeException.java
java/lang/NoClassDefFoundError.java
java/lang/NoSuchFieldError.java
java/lang/NoSuchMethodError.java
java/lang/NullPointerException.java
java/lang/Number.java
java/lang/NumberFormatException.java
java/lang/OutOfMemoryError.java
java/lang/Runnable.java
java/lang/RuntimeException.java
java/lang/Short.java
java/lang/Shutdown.java
java/lang/StackOverflowError.java
java/lang/StringBuffer.java
java/lang/StringBuilder.java
java/lang/StringIndexOutOfBoundsException.java
java/lang/StringUtils.java
java/lang/ThreadDeath.java
java/lang/UnsupportedOperationException.java
java/lang/VirtualMachineError.java
java/lang/Void.java
java/lang/SecurityException.java
java/lang/String.java
java/lang/Thread.java
java/lang/Throwable.java
java/lang/Class.java
java/lang/Object.java
java/lang/IllegalAccessException.java
java/lang/System.java
java/lang/Runtime.java
java/lang/ref/WeakReference.java
java/lang/ref/Reference.java
java/lang/InstantiationException.java
java/net/NXTSocketOutputStream.java
java/net/NXTSocketUtils.java
java/net/ServerSocket.java
java/net/Socket.java
java/util/AbstractCollection.java
java/util/AbstractList.java
java/util/ArrayList.java
java/util/Arrays.java
java/util/BitSet.java
java/util/Collection.java
java/util/ConcurrentModificationException.java
java/util/EmptyQueueException.java
java/util/EmptyStackException.java
java/util/Enumeration.java
java/util/EventListener.java
java/util/HashMap.java
java/util/HashSet.java
java/util/Iterator.java
java/util/LinkedList.java
java/util/List.java
java/util/ListIterator.java
java/util/Map.java
java/util/NoSuchElementException.java
java/util/Properties.java
java/util/Queue.java
java/util/Random.java
java/util/RandomAccess.java
java/util/Set.java
java/util/Stack.java
java/util/StringTokenizer.java
java/util/Timer.java
java/util/TimerTask.java
java/util/TimeZone.java
java/util/Calendar.java
java/util/Date.java
java/util/Hashtable.java
java/util/Vector.java
jelatine/VMOutputStream.java
jelatine/VMPointer.java
jelatine/VMFinalizer.java
jelatine/VMResourceStream.java
jelatine/VMCalendar.java
jelatine/VMTimeZone.java
jelatine/cldc/io/Protocol.java
jelatine/cldc/io/URL.java
jelatine/cldc/io/socket/ProtocolImpl.java
sdljava/SDLTimer.java
sdljava/SDLException.java
sdljava/SDLMain.java
sdljava/SDLVersion.java
sdljava/package-info.java
sdljava/x/swig/SDL_Surface.java
sdljava/x/swig/SWIG_SDLVideoConstants.java
sdljava/x/swig/SWIGTYPE_p_f_p_void_p_unsigned_char_int__void.java
sdljava/x/swig/SWIGTYPE_p_SDL_BlitMap.java
sdljava/x/swig/SWIG_SDLGfx.java
sdljava/x/swig/SWIG_SDLMixerJNI.java
sdljava/x/swig/Mix_MusicType.java
sdljava/x/swig/SWIG_SDLMixerConstants.java
sdljava/x/swig/SDL_PixelFormat.java
sdljava/x/swig/SWIGTYPE_p_SDL_Cursor.java
sdljava/x/swig/SDL_Palette.java
sdljava/x/swig/SDL_Color.java
sdljava/x/swig/SWIGTYPE_p_private_hwdata.java
sdljava/x/swig/SDL_keysym.java
sdljava/x/swig/SDL_ActiveEvent.java
sdljava/x/swig/SWIG_SDLVideoJNI.java
sdljava/x/swig/SWIG_SDLAudio.java
sdljava/x/swig/SDL_MouseMotionEvent.java
sdljava/x/swig/SWIG_SDLCdrom.java
sdljava/x/swig/SWIGTYPE_p_void.java
sdljava/x/swig/SDL_Event.java
sdljava/x/swig/SDLModValues.java
sdljava/x/swig/SWIG_SDLEventJNI.java
sdljava/x/swig/SDL_version.java
sdljava/x/swig/SDL_QuitEvent.java
sdljava/x/swig/SWIGTYPE_p_SDL_SysWMmsg.java
sdljava/x/swig/SWIGTYPE_p_unsigned_char.java
sdljava/x/swig/SWIG_SDLMain.java
sdljava/x/swig/Mix_Fading.java
sdljava/x/swig/SDL_ExposeEvent.java
sdljava/x/swig/CDstatusValues.java
sdljava/x/swig/TrackType.java
sdljava/x/swig/SDL_JoyAxisEvent.java
sdljava/x/swig/SWIG_SDLAudioJNI.java
sdljava/x/swig/SDL_GLattr.java
sdljava/x/swig/SDL_ResizeEvent.java
sdljava/x/swig/SWIGTYPE_p_int.java
sdljava/x/swig/SWIGTYPE_p_short.java
sdljava/x/swig/SWIG_SDLEvent.java
sdljava/x/swig/SWIGTYPE_p_p_unsigned_char.java
sdljava/x/swig/SWIGTYPE_p_p_SDL_Rect.java
sdljava/x/swig/SWIG_SDLEventConstants.java
sdljava/x/swig/SWIG_SDLImageJNI.java
sdljava/x/swig/SDL_DUMMY_ENUM.java
sdljava/x/swig/SDL_VideoInfo.java
sdljava/x/swig/SWIGTYPE_p_private_yuvhwfuncs.java
sdljava/x/swig/SDLAppStateValues.java
sdljava/x/swig/SWIGTYPE_p_this.java
sdljava/x/swig/SDL_KeyboardEvent.java
sdljava/x/swig/SDL_SysWMEvent.java
sdljava/x/swig/SWIG_SDLTTFJNI.java
sdljava/x/swig/SDL_AudioSpec.java
sdljava/x/swig/SDLKeyValues.java
sdljava/x/swig/SDL_JoyButtonEvent.java
sdljava/x/swig/SDL_CD.java
sdljava/x/swig/SDL_Overlay.java
sdljava/x/swig/SWIGTYPE_p__SDL_Joystick.java
sdljava/x/swig/SWIG_SDLJoystick.java
sdljava/x/swig/SWIG_SDLTTFConstants.java
sdljava/x/swig/SDLEventTypeValues.java
sdljava/x/swig/SWIGTYPE_p_int32.java
sdljava/x/swig/SWIG_SDLJoystickJNI.java
sdljava/x/swig/SWIG_SDLMixer.java
sdljava/x/swig/SWIG_SDLImage.java
sdljava/x/swig/SWIG_SDLMainConstants.java
sdljava/x/swig/SWIG_SDLVideo.java
sdljava/x/swig/SWIG_SDLCdromJNI.java
sdljava/x/swig/SDL_MouseButtonEvent.java
sdljava/x/swig/SDLPressedState.java
sdljava/x/swig/SWIG_SDLMainJNI.java
sdljava/x/swig/SDL_Rect.java
sdljava/x/swig/SDL_JoyBallEvent.java
sdljava/x/swig/SDL_GrabModeValues.java
sdljava/x/swig/package-info.java
sdljava/x/swig/Mix_Chunk.java
sdljava/x/swig/SWIGTYPE_p__TTF_Font.java
sdljava/x/swig/SWIG_SDLTTF.java
sdljava/x/swig/SWIG_SDLJoystickConstants.java
sdljava/x/swig/SWIG_SDLCdromConstants.java
sdljava/x/swig/SWIGTYPE_p__Mix_Music.java
sdljava/x/swig/SDLEventStateValues.java
sdljava/x/swig/SWIG_SDLAudioConstants.java
sdljava/x/swig/SDL_JoyHatEvent.java
sdljava/x/swig/SWIG_SDLGfxJNI.java
sdljava/x/swig/SWIGTYPE_p_private_yuvhwdata.java
sdljava/x/swig/SWIGTYPE_p_unsigned_short.java
sdljava/x/swig/SDL_CDtrack.java
sdljava/joystick/SDLJoystick.java
sdljava/joystick/HatState.java
sdljava/joystick/package-info.java
sdljava/util/Task.java
sdljava/util/Dimension.java
sdljava/util/BufferUtil.java
sdljava/util/Scheduler.java
sdljava/util/TaskPerformer.java
sdljava/image/SDLImage.java
sdljava/image/package-info.java
sdljava/cdrom/FrameInfo.java
sdljava/cdrom/SDLCdTrack.java
sdljava/cdrom/SDLCdrom.java
sdljava/cdrom/package-info.java
sdljava/cdrom/CDstatus.java
sdljava/mixer/MixChunk.java
sdljava/mixer/MixerSpec.java
sdljava/mixer/SDLMixer.java
sdljava/mixer/package-info.java
sdljava/mixer/MixMusic.java
sdljava/ttf/SDLTTF.java
sdljava/ttf/GlyphMetrics.java
sdljava/ttf/TextSize.java
sdljava/ttf/SDLTrueTypeFont.java
sdljava/ttf/package-info.java
sdljava/audio/SDLAudioSpec.java
sdljava/audio/SDLAudio.java
sdljava/event/SDLEventListener.java
sdljava/event/SDLActiveEvent.java
sdljava/event/SDLEventManager.java
sdljava/event/SDLJoyBallEvent.java
sdljava/event/SDLKey.java
sdljava/event/MouseState.java
sdljava/event/SDLJoyAxisEvent.java
sdljava/event/SDLEventType.java
sdljava/event/SDLAppState.java
sdljava/event/MouseButtonState.java
sdljava/event/SDLKeyboardEvent.java
sdljava/event/DummyEvent.java
sdljava/event/SDLResizeEvent.java
sdljava/event/SDLJoyHatEvent.java
sdljava/event/SDLSysWMEvent.java
sdljava/event/SDLUserEvent.java
sdljava/event/SDLMod.java
sdljava/event/SDLExposeEvent.java
sdljava/event/package-info.java
sdljava/event/SDLEventState.java
sdljava/event/SDLJoyButtonEvent.java
sdljava/event/SDLMouseButtonEvent.java
sdljava/event/SDLMouseMotionEvent.java
sdljava/event/SDLQuitEvent.java
sdljava/event/SDLEvent.java
sdljava/video/SDLRect.java
sdljava/video/SDLVideoInfo.java
sdljava/video/SDLVideoMode.java
sdljava/video/GammaTable.java
sdljava/video/SDLVideo.java
sdljava/video/SDLOverlay.java
sdljava/video/SDLPixelFormat.java
sdljava/video/SDLColor.java
sdljava/video/SDLPalette.java
sdljava/video/SDLSurface.java
sdljava/video/package-info.java
sdljava/video/SDLPoint.java
sdljava/video/SDLGrabMode.java
sdljavax/gfx/FPSmanager.java
sdljavax/gfx/SDLGfx.java
sdljavax/gfx/package-info.java
javazoom/jlme/decoder/D16.java
javazoom/jlme/decoder/SampleBuffer.java
javazoom/jlme/decoder/HuffmanTables.java
javazoom/jlme/decoder/Decoder.java
javazoom/jlme/decoder/D17.java
javazoom/jlme/decoder/PushBackStream.java
javazoom/jlme/decoder/BitStream.java
javazoom/jlme/decoder/OutputChannels.java
javazoom/jlme/decoder/LayerIIIDecoder.java
javazoom/jlme/decoder/D18.java
javazoom/jlme/decoder/BitReserve.java
javazoom/jlme/decoder/SynthesisFilter.java
javazoom/jlme/decoder/Header.java
