./sdljava/x/swig/SWIG_SDLMixerJNI.java:  public final static native void set_Mix_Chunk_allocated(long jarg1, int jarg2);
./sdljava/x/swig/SWIG_SDLMixerJNI.java:  public final static native int get_Mix_Chunk_allocated(long jarg1);
./sdljava/x/swig/SWIG_SDLMixerJNI.java:  public final static native void set_Mix_Chunk_alen(long jarg1, long jarg2);
./sdljava/x/swig/SWIG_SDLMixerJNI.java:  public final static native long get_Mix_Chunk_alen(long jarg1);
./sdljava/x/swig/SWIG_SDLMixerJNI.java:  public final static native void set_Mix_Chunk_volume(long jarg1, short jarg2);
./sdljava/x/swig/SWIG_SDLMixerJNI.java:  public final static native short get_Mix_Chunk_volume(long jarg1);
./sdljava/x/swig/SWIG_SDLMixerJNI.java:  public final static native long new_Mix_Chunk();
./sdljava/x/swig/SWIG_SDLMixerJNI.java:  public final static native void delete_Mix_Chunk(long jarg1);
./sdljava/x/swig/SWIG_SDLMixerJNI.java:  public final static native int Mix_OpenAudio(int jarg1, int jarg2, int jarg3, int jarg4);
./sdljava/x/swig/SWIG_SDLMixerJNI.java:  public final static native void Mix_CloseAudio();
./sdljava/x/swig/SWIG_SDLMixerJNI.java:  public final static native int Mix_QuerySpec(int[] jarg1, int[] jarg2, int[] jarg3);
./sdljava/x/swig/SWIG_SDLMixerJNI.java:  public final static native long SWIG_Mix_LoadWAV(String jarg1);
./sdljava/x/swig/SWIG_SDLMixerJNI.java:  public final static native long SWIG_Mix_LoadWAV_Buffer(byte[] buf, int size);
./sdljava/x/swig/SWIG_SDLMixerJNI.java:  public final static native int Mix_VolumeChunk(long jarg1, int jarg2);
./sdljava/x/swig/SWIG_SDLMixerJNI.java:  public final static native void Mix_FreeChunk(long jarg1);
./sdljava/x/swig/SWIG_SDLMixerJNI.java:  public final static native int Mix_AllocateChannels(int jarg1);
./sdljava/x/swig/SWIG_SDLMixerJNI.java:  public final static native int Mix_Volume(int jarg1, int jarg2);
./sdljava/x/swig/SWIG_SDLMixerJNI.java:  public final static native int SWIG_Mix_PlayChannel(int jarg1, long jarg2, int jarg3);
./sdljava/x/swig/SWIG_SDLMixerJNI.java:  public final static native int Mix_PlayChannelTimed(int jarg1, long jarg2, int jarg3, int jarg4);
./sdljava/x/swig/SWIG_SDLMixerJNI.java:  public final static native int SWIG_Mix_FadeInChannel(int jarg1, long jarg2, int jarg3, int jarg4);
./sdljava/x/swig/SWIG_SDLMixerJNI.java:  public final static native int Mix_FadeInChannelTimed(int jarg1, long jarg2, int jarg3, int jarg4, int jarg5);
./sdljava/x/swig/SWIG_SDLMixerJNI.java:  public final static native void Mix_Pause(int jarg1);
./sdljava/x/swig/SWIG_SDLMixerJNI.java:  public final static native void Mix_Resume(int jarg1);
./sdljava/x/swig/SWIG_SDLMixerJNI.java:  public final static native int Mix_HaltChannel(int jarg1);
./sdljava/x/swig/SWIG_SDLMixerJNI.java:  public final static native int Mix_ExpireChannel(int jarg1, int jarg2);
./sdljava/x/swig/SWIG_SDLMixerJNI.java:  public final static native int Mix_FadeOutChannel(int jarg1, int jarg2);
./sdljava/x/swig/SWIG_SDLMixerJNI.java:  public final static native int Mix_Playing(int jarg1);
./sdljava/x/swig/SWIG_SDLMixerJNI.java:  public final static native int Mix_Paused(int jarg1);
./sdljava/x/swig/SWIG_SDLMixerJNI.java:  public final static native int Mix_FadingChannel(int jarg1);
./sdljava/x/swig/SWIG_SDLMixerJNI.java:  public final static native long Mix_GetChunk(int jarg1);
./sdljava/x/swig/SWIG_SDLMixerJNI.java:  public final static native int Mix_ReserveChannels(int jarg1);
./sdljava/x/swig/SWIG_SDLMixerJNI.java:  public final static native int Mix_GroupChannel(int jarg1, int jarg2);
./sdljava/x/swig/SWIG_SDLMixerJNI.java:  public final static native int Mix_GroupChannels(int jarg1, int jarg2, int jarg3);
./sdljava/x/swig/SWIG_SDLMixerJNI.java:  public final static native int Mix_GroupCount(int jarg1);
./sdljava/x/swig/SWIG_SDLMixerJNI.java:  public final static native int Mix_GroupAvailable(int jarg1);
./sdljava/x/swig/SWIG_SDLMixerJNI.java:  public final static native int Mix_GroupOldest(int jarg1);
./sdljava/x/swig/SWIG_SDLMixerJNI.java:  public final static native int Mix_GroupNewer(int jarg1);
./sdljava/x/swig/SWIG_SDLMixerJNI.java:  public final static native int Mix_FadeOutGroup(int jarg1, int jarg2);
./sdljava/x/swig/SWIG_SDLMixerJNI.java:  public final static native int Mix_HaltGroup(int jarg1);
./sdljava/x/swig/SWIG_SDLMixerJNI.java:  public final static native long Mix_LoadMUS(String jarg1);
./sdljava/x/swig/SWIG_SDLMixerJNI.java:  public final static native long Mix_LoadMUS_Buffer(byte[] buf, int size);
./sdljava/x/swig/SWIG_SDLMixerJNI.java:  public final static native void Mix_FreeMusic(long jarg1);
./sdljava/x/swig/SWIG_SDLMixerJNI.java:  public final static native int Mix_PlayMusic(long jarg1, int jarg2);
./sdljava/x/swig/SWIG_SDLMixerJNI.java:  public final static native int Mix_FadeInMusic(long jarg1, int jarg2, int jarg3);
./sdljava/x/swig/SWIG_SDLMixerJNI.java:  public final static native int Mix_FadeInMusicPos(long jarg1, int jarg2, int jarg3, double jarg4);
./sdljava/x/swig/SWIG_SDLMixerJNI.java:  public final static native int Mix_VolumeMusic(int jarg1);
./sdljava/x/swig/SWIG_SDLMixerJNI.java:  public final static native void Mix_PauseMusic();
./sdljava/x/swig/SWIG_SDLMixerJNI.java:  public final static native void Mix_ResumeMusic();
./sdljava/x/swig/SWIG_SDLMixerJNI.java:  public final static native void Mix_RewindMusic();
./sdljava/x/swig/SWIG_SDLMixerJNI.java:  public final static native int Mix_SetMusicPosition(double jarg1);
./sdljava/x/swig/SWIG_SDLMixerJNI.java:  public final static native int Mix_SetMusicCMD(String jarg1);
./sdljava/x/swig/SWIG_SDLMixerJNI.java:  public final static native int Mix_HaltMusic();
./sdljava/x/swig/SWIG_SDLMixerJNI.java:  public final static native int Mix_FadeOutMusic(int jarg1);
./sdljava/x/swig/SWIG_SDLMixerJNI.java:  public final static native int Mix_GetMusicType(long jarg1);
./sdljava/x/swig/SWIG_SDLMixerJNI.java:  public final static native int Mix_PlayingMusic();
./sdljava/x/swig/SWIG_SDLMixerJNI.java:  public final static native int Mix_PausedMusic();
./sdljava/x/swig/SWIG_SDLMixerJNI.java:  public final static native int Mix_FadingMusic();
./sdljava/x/swig/SWIG_SDLMixerJNI.java:  public final static native int Mix_SetPanning(int jarg1, short jarg2, short jarg3);
./sdljava/x/swig/SWIG_SDLMixerJNI.java:  public final static native int Mix_SetDistance(int jarg1, short jarg2);
./sdljava/x/swig/SWIG_SDLMixerJNI.java:  public final static native int Mix_SetPosition(int jarg1, short jarg2, short jarg3);
./sdljava/x/swig/SWIG_SDLMixerJNI.java:  public final static native int Mix_SetReverseStereo(int jarg1, int jarg2);
./sdljava/x/swig/SWIG_SDLMixerJNI.java:  public final static native long SWIG_MIX_VERSION();
./sdljava/x/swig/SWIG_SDLVideoJNI.java:  public final static native void SDL_Rect_x_set(long jarg1, short jarg2);
./sdljava/x/swig/SWIG_SDLVideoJNI.java:  public final static native short SDL_Rect_x_get(long jarg1);
./sdljava/x/swig/SWIG_SDLVideoJNI.java:  public final static native void SDL_Rect_y_set(long jarg1, short jarg2);
./sdljava/x/swig/SWIG_SDLVideoJNI.java:  public final static native short SDL_Rect_y_get(long jarg1);
./sdljava/x/swig/SWIG_SDLVideoJNI.java:  public final static native void SDL_Rect_w_set(long jarg1, int jarg2);
./sdljava/x/swig/SWIG_SDLVideoJNI.java:  public final static native int SDL_Rect_w_get(long jarg1);
./sdljava/x/swig/SWIG_SDLVideoJNI.java:  public final static native void SDL_Rect_h_set(long jarg1, int jarg2);
./sdljava/x/swig/SWIG_SDLVideoJNI.java:  public final static native int SDL_Rect_h_get(long jarg1);
./sdljava/x/swig/SWIG_SDLVideoJNI.java:  public final static native long new_SDL_Rect();
./sdljava/x/swig/SWIG_SDLVideoJNI.java:  public final static native void delete_SDL_Rect(long jarg1);
./sdljava/x/swig/SWIG_SDLVideoJNI.java:  public final static native void SDL_Color_r_set(long jarg1, short jarg2);
./sdljava/x/swig/SWIG_SDLVideoJNI.java:  public final static native short SDL_Color_r_get(long jarg1);
./sdljava/x/swig/SWIG_SDLVideoJNI.java:  public final static native void SDL_Color_g_set(long jarg1, short jarg2);
./sdljava/x/swig/SWIG_SDLVideoJNI.java:  public final static native short SDL_Color_g_get(long jarg1);
./sdljava/x/swig/SWIG_SDLVideoJNI.java:  public final static native void SDL_Color_b_set(long jarg1, short jarg2);
./sdljava/x/swig/SWIG_SDLVideoJNI.java:  public final static native short SDL_Color_b_get(long jarg1);
./sdljava/x/swig/SWIG_SDLVideoJNI.java:  public final static native void SDL_Color_unused_set(long jarg1, short jarg2);
./sdljava/x/swig/SWIG_SDLVideoJNI.java:  public final static native short SDL_Color_unused_get(long jarg1);
./sdljava/x/swig/SWIG_SDLVideoJNI.java:  public final static native long new_SDL_Color();
./sdljava/x/swig/SWIG_SDLVideoJNI.java:  public final static native void delete_SDL_Color(long jarg1);
./sdljava/x/swig/SWIG_SDLVideoJNI.java:  public final static native void SDL_Palette_ncolors_set(long jarg1, int jarg2);
./sdljava/x/swig/SWIG_SDLVideoJNI.java:  public final static native int SDL_Palette_ncolors_get(long jarg1);
./sdljava/x/swig/SWIG_SDLVideoJNI.java:  public final static native void SDL_Palette_colors_set(long jarg1, long jarg2);
./sdljava/x/swig/SWIG_SDLVideoJNI.java:  public final static native long SDL_Palette_colors_get(long jarg1);
./sdljava/x/swig/SWIG_SDLVideoJNI.java:  public final static native long new_SDL_Palette();
./sdljava/x/swig/SWIG_SDLVideoJNI.java:  public final static native void delete_SDL_Palette(long jarg1);
./sdljava/x/swig/SWIG_SDLVideoJNI.java:  public final static native void SDL_PixelFormat_palette_set(long jarg1, long jarg2);
./sdljava/x/swig/SWIG_SDLVideoJNI.java:  public final static native long SDL_PixelFormat_palette_get(long jarg1);
./sdljava/x/swig/SWIG_SDLVideoJNI.java:  public final static native void SDL_PixelFormat_BitsPerPixel_set(long jarg1, short jarg2);
./sdljava/x/swig/SWIG_SDLVideoJNI.java:  public final static native short SDL_PixelFormat_BitsPerPixel_get(long jarg1);
./sdljava/x/swig/SWIG_SDLVideoJNI.java:  public final static native void SDL_PixelFormat_BytesPerPixel_set(long jarg1, short jarg2);
./sdljava/x/swig/SWIG_SDLVideoJNI.java:  public final static native short SDL_PixelFormat_BytesPerPixel_get(long jarg1);
./sdljava/x/swig/SWIG_SDLVideoJNI.java:  public final static native void SDL_PixelFormat_Rloss_set(long jarg1, short jarg2);
./sdljava/x/swig/SWIG_SDLVideoJNI.java:  public final static native short SDL_PixelFormat_Rloss_get(long jarg1);
./sdljava/x/swig/SWIG_SDLVideoJNI.java:  public final static native void SDL_PixelFormat_Gloss_set(long jarg1, short jarg2);
./sdljava/x/swig/SWIG_SDLVideoJNI.java:  public final static native short SDL_PixelFormat_Gloss_get(long jarg1);
./sdljava/x/swig/SWIG_SDLVideoJNI.java:  public final static native void SDL_PixelFormat_Bloss_set(long jarg1, short jarg2);
./sdljava/x/swig/SWIG_SDLVideoJNI.java:  public final static native short SDL_PixelFormat_Bloss_get(long jarg1);
./sdljava/x/swig/SWIG_SDLVideoJNI.java:  public final static native void SDL_PixelFormat_Aloss_set(long jarg1, short jarg2);
./sdljava/x/swig/SWIG_SDLVideoJNI.java:  public final static native short SDL_PixelFormat_Aloss_get(long jarg1);
./sdljava/x/swig/SWIG_SDLVideoJNI.java:  public final static native void SDL_PixelFormat_Rshift_set(long jarg1, short jarg2);
./sdljava/x/swig/SWIG_SDLVideoJNI.java:  public final static native short SDL_PixelFormat_Rshift_get(long jarg1);
./sdljava/x/swig/SWIG_SDLVideoJNI.java:  public final static native void SDL_PixelFormat_Gshift_set(long jarg1, short jarg2);
./sdljava/x/swig/SWIG_SDLVideoJNI.java:  public final static native short SDL_PixelFormat_Gshift_get(long jarg1);
./sdljava/x/swig/SWIG_SDLVideoJNI.java:  public final static native void SDL_PixelFormat_Bshift_set(long jarg1, short jarg2);
./sdljava/x/swig/SWIG_SDLVideoJNI.java:  public final static native short SDL_PixelFormat_Bshift_get(long jarg1);
./sdljava/x/swig/SWIG_SDLVideoJNI.java:  public final static native void SDL_PixelFormat_Ashift_set(long jarg1, short jarg2);
./sdljava/x/swig/SWIG_SDLVideoJNI.java:  public final static native short SDL_PixelFormat_Ashift_get(long jarg1);
./sdljava/x/swig/SWIG_SDLVideoJNI.java:  public final static native void SDL_PixelFormat_Rmask_set(long jarg1, long jarg2);
./sdljava/x/swig/SWIG_SDLVideoJNI.java:  public final static native long SDL_PixelFormat_Rmask_get(long jarg1);
./sdljava/x/swig/SWIG_SDLVideoJNI.java:  public final static native void SDL_PixelFormat_Gmask_set(long jarg1, long jarg2);
./sdljava/x/swig/SWIG_SDLVideoJNI.java:  public final static native long SDL_PixelFormat_Gmask_get(long jarg1);
./sdljava/x/swig/SWIG_SDLVideoJNI.java:  public final static native void SDL_PixelFormat_Bmask_set(long jarg1, long jarg2);
./sdljava/x/swig/SWIG_SDLVideoJNI.java:  public final static native long SDL_PixelFormat_Bmask_get(long jarg1);
./sdljava/x/swig/SWIG_SDLVideoJNI.java:  public final static native void SDL_PixelFormat_Amask_set(long jarg1, long jarg2);
./sdljava/x/swig/SWIG_SDLVideoJNI.java:  public final static native long SDL_PixelFormat_Amask_get(long jarg1);
./sdljava/x/swig/SWIG_SDLVideoJNI.java:  public final static native void SDL_PixelFormat_colorkey_set(long jarg1, long jarg2);
./sdljava/x/swig/SWIG_SDLVideoJNI.java:  public final static native long SDL_PixelFormat_colorkey_get(long jarg1);
./sdljava/x/swig/SWIG_SDLVideoJNI.java:  public final static native void SDL_PixelFormat_alpha_set(long jarg1, short jarg2);
./sdljava/x/swig/SWIG_SDLVideoJNI.java:  public final static native short SDL_PixelFormat_alpha_get(long jarg1);
./sdljava/x/swig/SWIG_SDLVideoJNI.java:  public final static native long new_SDL_PixelFormat();
./sdljava/x/swig/SWIG_SDLVideoJNI.java:  public final static native void delete_SDL_PixelFormat(long jarg1);
./sdljava/x/swig/SWIG_SDLVideoJNI.java:  public final static native void SDL_Surface_flags_set(long jarg1, long jarg2);
./sdljava/x/swig/SWIG_SDLVideoJNI.java:  public final static native long SDL_Surface_flags_get(long jarg1);
./sdljava/x/swig/SWIG_SDLVideoJNI.java:  public final static native void SDL_Surface_format_set(long jarg1, long jarg2);
./sdljava/x/swig/SWIG_SDLVideoJNI.java:  public final static native long SDL_Surface_format_get(long jarg1);
./sdljava/x/swig/SWIG_SDLVideoJNI.java:  public final static native void SDL_Surface_w_set(long jarg1, int jarg2);
./sdljava/x/swig/SWIG_SDLVideoJNI.java:  public final static native int SDL_Surface_w_get(long jarg1);
./sdljava/x/swig/SWIG_SDLVideoJNI.java:  public final static native void SDL_Surface_h_set(long jarg1, int jarg2);
./sdljava/x/swig/SWIG_SDLVideoJNI.java:  public final static native int SDL_Surface_h_get(long jarg1);
./sdljava/x/swig/SWIG_SDLVideoJNI.java:  public final static native void SDL_Surface_pitch_set(long jarg1, int jarg2);
./sdljava/x/swig/SWIG_SDLVideoJNI.java:  public final static native int SDL_Surface_pitch_get(long jarg1);
./sdljava/x/swig/SWIG_SDLVideoJNI.java:  public final static native void SDL_Surface_offset_set(long jarg1, int jarg2);
./sdljava/x/swig/SWIG_SDLVideoJNI.java:  public final static native int SDL_Surface_offset_get(long jarg1);
./sdljava/x/swig/SWIG_SDLVideoJNI.java:  public final static native void SDL_Surface_hwdata_set(long jarg1, long jarg2);
./sdljava/x/swig/SWIG_SDLVideoJNI.java:  public final static native long SDL_Surface_hwdata_get(long jarg1);
./sdljava/x/swig/SWIG_SDLVideoJNI.java:  public final static native void SDL_Surface_clip_rect_set(long jarg1, long jarg2);
./sdljava/x/swig/SWIG_SDLVideoJNI.java:  public final static native long SDL_Surface_clip_rect_get(long jarg1);
./sdljava/x/swig/SWIG_SDLVideoJNI.java:  public final static native void SDL_Surface_unused1_set(long jarg1, long jarg2);
./sdljava/x/swig/SWIG_SDLVideoJNI.java:  public final static native long SDL_Surface_unused1_get(long jarg1);
./sdljava/x/swig/SWIG_SDLVideoJNI.java:  public final static native void SDL_Surface_locked_set(long jarg1, long jarg2);
./sdljava/x/swig/SWIG_SDLVideoJNI.java:  public final static native long SDL_Surface_locked_get(long jarg1);
./sdljava/x/swig/SWIG_SDLVideoJNI.java:  public final static native void SDL_Surface_map_set(long jarg1, long jarg2);
./sdljava/x/swig/SWIG_SDLVideoJNI.java:  public final static native long SDL_Surface_map_get(long jarg1);
./sdljava/x/swig/SWIG_SDLVideoJNI.java:  public final static native void SDL_Surface_format_version_set(long jarg1, long jarg2);
./sdljava/x/swig/SWIG_SDLVideoJNI.java:  public final static native long SDL_Surface_format_version_get(long jarg1);
./sdljava/x/swig/SWIG_SDLVideoJNI.java:  public final static native void SDL_Surface_refcount_set(long jarg1, int jarg2);
./sdljava/x/swig/SWIG_SDLVideoJNI.java:  public final static native int SDL_Surface_refcount_get(long jarg1);
./sdljava/x/swig/SWIG_SDLVideoJNI.java:  public final static native long new_SDL_Surface();
./sdljava/x/swig/SWIG_SDLVideoJNI.java:  public final static native void delete_SDL_Surface(long jarg1);
./sdljava/x/swig/SWIG_SDLVideoJNI.java:  public final static native void SDL_VideoInfo_hw_available_set(long jarg1, long jarg2);
./sdljava/x/swig/SWIG_SDLVideoJNI.java:  public final static native long SDL_VideoInfo_hw_available_get(long jarg1);
./sdljava/x/swig/SWIG_SDLVideoJNI.java:  public final static native void SDL_VideoInfo_wm_available_set(long jarg1, long jarg2);
./sdljava/x/swig/SWIG_SDLVideoJNI.java:  public final static native long SDL_VideoInfo_wm_available_get(long jarg1);
./sdljava/x/swig/SWIG_SDLVideoJNI.java:  public final static native void SDL_VideoInfo_UnusedBits1_set(long jarg1, long jarg2);
./sdljava/x/swig/SWIG_SDLVideoJNI.java:  public final static native long SDL_VideoInfo_UnusedBits1_get(long jarg1);
./sdljava/x/swig/SWIG_SDLVideoJNI.java:  public final static native void SDL_VideoInfo_UnusedBits2_set(long jarg1, long jarg2);
./sdljava/x/swig/SWIG_SDLVideoJNI.java:  public final static native long SDL_VideoInfo_UnusedBits2_get(long jarg1);
./sdljava/x/swig/SWIG_SDLVideoJNI.java:  public final static native void SDL_VideoInfo_blit_hw_set(long jarg1, long jarg2);
./sdljava/x/swig/SWIG_SDLVideoJNI.java:  public final static native long SDL_VideoInfo_blit_hw_get(long jarg1);
./sdljava/x/swig/SWIG_SDLVideoJNI.java:  public final static native void SDL_VideoInfo_blit_hw_CC_set(long jarg1, long jarg2);
./sdljava/x/swig/SWIG_SDLVideoJNI.java:  public final static native long SDL_VideoInfo_blit_hw_CC_get(long jarg1);
./sdljava/x/swig/SWIG_SDLVideoJNI.java:  public final static native void SDL_VideoInfo_blit_hw_A_set(long jarg1, long jarg2);
./sdljava/x/swig/SWIG_SDLVideoJNI.java:  public final static native long SDL_VideoInfo_blit_hw_A_get(long jarg1);
./sdljava/x/swig/SWIG_SDLVideoJNI.java:  public final static native void SDL_VideoInfo_blit_sw_set(long jarg1, long jarg2);
./sdljava/x/swig/SWIG_SDLVideoJNI.java:  public final static native long SDL_VideoInfo_blit_sw_get(long jarg1);
./sdljava/x/swig/SWIG_SDLVideoJNI.java:  public final static native void SDL_VideoInfo_blit_sw_CC_set(long jarg1, long jarg2);
./sdljava/x/swig/SWIG_SDLVideoJNI.java:  public final static native long SDL_VideoInfo_blit_sw_CC_get(long jarg1);
./sdljava/x/swig/SWIG_SDLVideoJNI.java:  public final static native void SDL_VideoInfo_blit_sw_A_set(long jarg1, long jarg2);
./sdljava/x/swig/SWIG_SDLVideoJNI.java:  public final static native long SDL_VideoInfo_blit_sw_A_get(long jarg1);
./sdljava/x/swig/SWIG_SDLVideoJNI.java:  public final static native void SDL_VideoInfo_blit_fill_set(long jarg1, long jarg2);
./sdljava/x/swig/SWIG_SDLVideoJNI.java:  public final static native long SDL_VideoInfo_blit_fill_get(long jarg1);
./sdljava/x/swig/SWIG_SDLVideoJNI.java:  public final static native void SDL_VideoInfo_UnusedBits3_set(long jarg1, long jarg2);
./sdljava/x/swig/SWIG_SDLVideoJNI.java:  public final static native long SDL_VideoInfo_UnusedBits3_get(long jarg1);
./sdljava/x/swig/SWIG_SDLVideoJNI.java:  public final static native void SDL_VideoInfo_video_mem_set(long jarg1, long jarg2);
./sdljava/x/swig/SWIG_SDLVideoJNI.java:  public final static native long SDL_VideoInfo_video_mem_get(long jarg1);
./sdljava/x/swig/SWIG_SDLVideoJNI.java:  public final static native void SDL_VideoInfo_vfmt_set(long jarg1, long jarg2);
./sdljava/x/swig/SWIG_SDLVideoJNI.java:  public final static native long SDL_VideoInfo_vfmt_get(long jarg1);
./sdljava/x/swig/SWIG_SDLVideoJNI.java:  public final static native long new_SDL_VideoInfo();
./sdljava/x/swig/SWIG_SDLVideoJNI.java:  public final static native void delete_SDL_VideoInfo(long jarg1);
./sdljava/x/swig/SWIG_SDLVideoJNI.java:  public final static native void SDL_Overlay_format_set(long jarg1, long jarg2);
./sdljava/x/swig/SWIG_SDLVideoJNI.java:  public final static native long SDL_Overlay_format_get(long jarg1);
./sdljava/x/swig/SWIG_SDLVideoJNI.java:  public final static native void SDL_Overlay_w_set(long jarg1, int jarg2);
./sdljava/x/swig/SWIG_SDLVideoJNI.java:  public final static native int SDL_Overlay_w_get(long jarg1);
./sdljava/x/swig/SWIG_SDLVideoJNI.java:  public final static native void SDL_Overlay_h_set(long jarg1, int jarg2);
./sdljava/x/swig/SWIG_SDLVideoJNI.java:  public final static native int SDL_Overlay_h_get(long jarg1);
./sdljava/x/swig/SWIG_SDLVideoJNI.java:  public final static native void SDL_Overlay_planes_set(long jarg1, int jarg2);
./sdljava/x/swig/SWIG_SDLVideoJNI.java:  public final static native int SDL_Overlay_planes_get(long jarg1);
./sdljava/x/swig/SWIG_SDLVideoJNI.java:  public final static native void SDL_Overlay_pitches_set(long jarg1, long jarg2);
./sdljava/x/swig/SWIG_SDLVideoJNI.java:  public final static native long SDL_Overlay_pitches_get(long jarg1);
./sdljava/x/swig/SWIG_SDLVideoJNI.java:  public final static native void SDL_Overlay_pixels_set(long jarg1, long jarg2);
./sdljava/x/swig/SWIG_SDLVideoJNI.java:  public final static native long SDL_Overlay_pixels_get(long jarg1);
./sdljava/x/swig/SWIG_SDLVideoJNI.java:  public final static native void SDL_Overlay_hwfuncs_set(long jarg1, long jarg2);
./sdljava/x/swig/SWIG_SDLVideoJNI.java:  public final static native long SDL_Overlay_hwfuncs_get(long jarg1);
./sdljava/x/swig/SWIG_SDLVideoJNI.java:  public final static native void SDL_Overlay_hwdata_set(long jarg1, long jarg2);
./sdljava/x/swig/SWIG_SDLVideoJNI.java:  public final static native long SDL_Overlay_hwdata_get(long jarg1);
./sdljava/x/swig/SWIG_SDLVideoJNI.java:  public final static native void SDL_Overlay_hw_overlay_set(long jarg1, long jarg2);
./sdljava/x/swig/SWIG_SDLVideoJNI.java:  public final static native long SDL_Overlay_hw_overlay_get(long jarg1);
./sdljava/x/swig/SWIG_SDLVideoJNI.java:  public final static native void SDL_Overlay_UnusedBits_set(long jarg1, long jarg2);
./sdljava/x/swig/SWIG_SDLVideoJNI.java:  public final static native long SDL_Overlay_UnusedBits_get(long jarg1);
./sdljava/x/swig/SWIG_SDLVideoJNI.java:  public final static native long new_SDL_Overlay();
./sdljava/x/swig/SWIG_SDLVideoJNI.java:  public final static native void delete_SDL_Overlay(long jarg1);
./sdljava/x/swig/SWIG_SDLVideoJNI.java:  public final static native String SDL_VideoDriverName(String jarg1, int jarg2);
./sdljava/x/swig/SWIG_SDLVideoJNI.java:  public final static native long SDL_GetVideoSurface();
./sdljava/x/swig/SWIG_SDLVideoJNI.java:  public final static native long SDL_GetVideoInfo();
./sdljava/x/swig/SWIG_SDLVideoJNI.java:  public final static native int SDL_VideoModeOK(int jarg1, int jarg2, int jarg3, long jarg4);
./sdljava/x/swig/SWIG_SDLVideoJNI.java:  public final static native long SDL_ListModes(long jarg1, long jarg2);
./sdljava/x/swig/SWIG_SDLVideoJNI.java:  public final static native long SDL_SetVideoMode(int jarg1, int jarg2, int jarg3, long jarg4);
./sdljava/x/swig/SWIG_SDLVideoJNI.java:  public final static native void SDL_UpdateRects(long jarg1, int jarg2, long jarg3);
./sdljava/x/swig/SWIG_SDLVideoJNI.java:  public final static native void SDL_UpdateRect(long jarg1, int jarg2, int jarg3, long jarg4, long jarg5);
./sdljava/x/swig/SWIG_SDLVideoJNI.java:  public final static native int SDL_Flip(long jarg1);
./sdljava/x/swig/SWIG_SDLVideoJNI.java:  public final static native int SDL_SetGamma(float jarg1, float jarg2, float jarg3);
./sdljava/x/swig/SWIG_SDLVideoJNI.java:  public final static native int SDL_GetGammaRamp(int[] jarg1, int[] jarg2, int[] jarg3);
./sdljava/x/swig/SWIG_SDLVideoJNI.java:  public final static native int SDL_SetColors(long jarg1, long jarg2, int jarg3, int jarg4);
./sdljava/x/swig/SWIG_SDLVideoJNI.java:  public final static native int SDL_SetPalette(long jarg1, int jarg2, long jarg3, int jarg4, int jarg5);
./sdljava/x/swig/SWIG_SDLVideoJNI.java:  public final static native long SDL_MapRGB(long jarg1, short jarg2, short jarg3, short jarg4);
./sdljava/x/swig/SWIG_SDLVideoJNI.java:  public final static native long SDL_MapRGBA(long jarg1, short jarg2, short jarg3, short jarg4, short jarg5);
./sdljava/x/swig/SWIG_SDLVideoJNI.java:  public final static native void SDL_GetRGB(long jarg1, long jarg2, short[] jarg3, short[] jarg4, short[] jarg5);
./sdljava/x/swig/SWIG_SDLVideoJNI.java:  public final static native void SDL_GetRGBA(long jarg1, long jarg2, short[] jarg3, short[] jarg4, short[] jarg5, short[] jarg6);
./sdljava/x/swig/SWIG_SDLVideoJNI.java:  public final static native long SDL_CreateRGBSurface(long jarg1, int jarg2, int jarg3, int jarg4, long jarg5, long jarg6, long jarg7, long jarg8);
./sdljava/x/swig/SWIG_SDLVideoJNI.java:  public final static native void SDL_FreeSurface(long jarg1);
./sdljava/x/swig/SWIG_SDLVideoJNI.java:  public final static native int SDL_LockSurface(long jarg1);
./sdljava/x/swig/SWIG_SDLVideoJNI.java:  public final static native void SDL_UnlockSurface(long jarg1);
./sdljava/x/swig/SWIG_SDLVideoJNI.java:  public final static native int SDL_SetColorKey(long jarg1, long jarg2, long jarg3);
./sdljava/x/swig/SWIG_SDLVideoJNI.java:  public final static native int SDL_SetAlpha(long jarg1, long jarg2, short jarg3);
./sdljava/x/swig/SWIG_SDLVideoJNI.java:  public final static native int SWIG_SDL_SetClipRect(long jarg1, long jarg2);
./sdljava/x/swig/SWIG_SDLVideoJNI.java:  public final static native void SDL_GetClipRect(long jarg1, long jarg2);
./sdljava/x/swig/SWIG_SDLVideoJNI.java:  public final static native long SDL_ConvertSurface(long jarg1, long jarg2, long jarg3);
./sdljava/x/swig/SWIG_SDLVideoJNI.java:  public final static native long SDL_DisplayFormat(long jarg1);
./sdljava/x/swig/SWIG_SDLVideoJNI.java:  public final static native long SDL_DisplayFormatAlpha(long jarg1);
./sdljava/x/swig/SWIG_SDLVideoJNI.java:  public final static native void SDL_WarpMouse(int jarg1, int jarg2);
./sdljava/x/swig/SWIG_SDLVideoJNI.java:  public final static native long SDL_CreateCursor(long jarg1, long jarg2, int jarg3, int jarg4, int jarg5, int jarg6);
./sdljava/x/swig/SWIG_SDLVideoJNI.java:  public final static native int SDL_ShowCursor(int toggle);
./sdljava/x/swig/SWIG_SDLVideoJNI.java:  public final static native long SDL_CreateYUVOverlay(int jarg1, int jarg2, long jarg3, long jarg4);
./sdljava/x/swig/SWIG_SDLVideoJNI.java:  public final static native int SDL_LockYUVOverlay(long jarg1);
./sdljava/x/swig/SWIG_SDLVideoJNI.java:  public final static native void SDL_UnlockYUVOverlay(long jarg1);
./sdljava/x/swig/SWIG_SDLVideoJNI.java:  public final static native int SDL_DisplayYUVOverlay(long jarg1, long jarg2);
./sdljava/x/swig/SWIG_SDLVideoJNI.java:  public final static native void SDL_FreeYUVOverlay(long jarg1);
./sdljava/x/swig/SWIG_SDLVideoJNI.java:  public final static native int SDL_GL_LoadLibrary(String jarg1);
./sdljava/x/swig/SWIG_SDLVideoJNI.java:  public final static native int SDL_GL_SetAttribute(int jarg1, int jarg2);
./sdljava/x/swig/SWIG_SDLVideoJNI.java:  public final static native int SDL_GL_GetAttribute(int jarg1, long jarg2);
./sdljava/x/swig/SWIG_SDLVideoJNI.java:  public final static native void SDL_GL_SwapBuffers();
./sdljava/x/swig/SWIG_SDLVideoJNI.java:  public final static native void SDL_GL_UpdateRects(int jarg1, long jarg2);
./sdljava/x/swig/SWIG_SDLVideoJNI.java:  public final static native void SDL_GL_Lock();
./sdljava/x/swig/SWIG_SDLVideoJNI.java:  public final static native void SDL_GL_Unlock();
./sdljava/x/swig/SWIG_SDLVideoJNI.java:  public final static native void SDL_WM_SetCaption(String jarg1, String jarg2);
./sdljava/x/swig/SWIG_SDLVideoJNI.java:  public final static native void SWIG_SDL_WM_GetCaption(String jarg1, String jarg2);
./sdljava/x/swig/SWIG_SDLVideoJNI.java:  public final static native void SDL_WM_SetIcon(long jarg1, short jarg2);
./sdljava/x/swig/SWIG_SDLVideoJNI.java:  public final static native int SDL_WM_IconifyWindow();
./sdljava/x/swig/SWIG_SDLVideoJNI.java:  public final static native int SDL_WM_ToggleFullScreen(long jarg1);
./sdljava/x/swig/SWIG_SDLVideoJNI.java:  public final static native int SDL_WM_GrabInput(int jarg1);
./sdljava/x/swig/SWIG_SDLVideoJNI.java:  public final static native long SWIG_SDL_LoadBMP(String jarg1);
./sdljava/x/swig/SWIG_SDLVideoJNI.java:  public final static native int SWIG_SDL_SaveBMP(long jarg1, String jarg2);
./sdljava/x/swig/SWIG_SDLVideoJNI.java:  public final static native int SWIG_SDL_FillRect_FAST(long jarg1, int jarg2, int jarg3, int jarg4, int jarg5, long jarg6);
./sdljava/x/swig/SWIG_SDLVideoJNI.java:  public final static native int SWIG_SDL_BlitSurface_FAST(long jarg1, int jarg2, int jarg3, int jarg4, int jarg5, long jarg6, int jarg7, int jarg8, int jarg9, int jarg10);
./sdljava/x/swig/SWIG_SDLVideoJNI.java:  public final static native int SWIG_SDL_SetColors(long jarg1, SDL_Color[] jarg2, int jarg3, int jarg4);
./sdljava/x/swig/SWIG_SDLVideoJNI.java:  public final static native int SWIG_SDL_SetPalette(long jarg1, int jarg2, SDL_Color[] jarg3, int jarg4, int jarg5);
./sdljava/x/swig/SWIG_SDLVideoJNI.java:  public final static native void SWIG_GetPaletteColors(long jarg1, SDL_Color[] jarg2);
./sdljava/x/swig/SWIG_SDLVideoJNI.java:  public final static native int SWIG_SDL_SetGammaRamp(int[] jarg1, int[] jarg2, int[] jarg3);
./sdljava/x/swig/SWIG_SDLVideoJNI.java:  public final static native long SWIG_SDL_CreateRGBSurfaceFrom(int[] jarg1, int jarg2, int jarg3, int jarg4, int jarg5, long jarg6, long jarg7, long jarg8, long jarg9);
./sdljava/x/swig/SWIG_SDLVideoJNI.java:  public final static native void SWIG_GetPixelData32(long jarg1, int[] jarg2);
./sdljava/x/swig/SWIG_SDLVideoJNI.java:  public final static native void SWIG_GetPixelData16(long jarg1, int[] jarg2);
./sdljava/x/swig/SWIG_SDLVideoJNI.java:  public final static native void SWIG_GetPixelData8(long jarg1, short[] jarg2);
./sdljava/x/swig/SWIG_SDLVideoJNI.java:  public final static native void SWIG_SetPixelData32(long jarg1, int[] jarg2);
./sdljava/x/swig/SWIG_SDLVideoJNI.java:  public final static native void SWIG_SetPixelData16(long jarg1, int[] jarg2);
./sdljava/x/swig/SWIG_SDLVideoJNI.java:  public final static native void SWIG_SetPixelData8(long jarg1, short[] jarg2);
./sdljava/x/swig/SWIG_SDLVideoJNI.java:  //public final static native void SWIG_executeBlitQueue(Buffer jarg1, Buffer jarg2, Buffer jarg3, Buffer jarg4, long jarg5, Buffer jarg6, Buffer jarg7, Buffer jarg8, Buffer jarg9, long jarg10, int jarg11);
./sdljava/x/swig/SWIG_SDLVideoJNI.java:  public final static native int SWIG_SDL_MUSTLOCK(long jarg1);
./sdljava/x/swig/SWIG_SDLVideoJNI.java:  public final static native Object SWIG_getPixelDirectByteBuffer(long jarg1);
./sdljava/x/swig/SWIG_SDLVideoJNI.java:  public final static native Object SWIG_getOverlayPixelsDirectByteBuffer(long jarg1, int jarg2);
./sdljava/x/swig/SWIG_SDLVideoJNI.java:  public final static native int SWIG_displayYUVOverlay(long jarg1, int jarg2, int jarg3, int jarg4, int jarg5);
./sdljava/x/swig/SWIG_SDLEventJNI.java:  public final static native void set_SDL_ActiveEvent_type(long jarg1, short jarg2);
./sdljava/x/swig/SWIG_SDLEventJNI.java:  public final static native short get_SDL_ActiveEvent_type(long jarg1);
./sdljava/x/swig/SWIG_SDLEventJNI.java:  public final static native void set_SDL_ActiveEvent_gain(long jarg1, short jarg2);
./sdljava/x/swig/SWIG_SDLEventJNI.java:  public final static native short get_SDL_ActiveEvent_gain(long jarg1);
./sdljava/x/swig/SWIG_SDLEventJNI.java:  public final static native void set_SDL_ActiveEvent_state(long jarg1, short jarg2);
./sdljava/x/swig/SWIG_SDLEventJNI.java:  public final static native short get_SDL_ActiveEvent_state(long jarg1);
./sdljava/x/swig/SWIG_SDLEventJNI.java:  public final static native long new_SDL_ActiveEvent();
./sdljava/x/swig/SWIG_SDLEventJNI.java:  public final static native void delete_SDL_ActiveEvent(long jarg1);
./sdljava/x/swig/SWIG_SDLEventJNI.java:  public final static native void set_SDL_keysym_scancode(long jarg1, short jarg2);
./sdljava/x/swig/SWIG_SDLEventJNI.java:  public final static native short get_SDL_keysym_scancode(long jarg1);
./sdljava/x/swig/SWIG_SDLEventJNI.java:  public final static native void set_SDL_keysym_sym(long jarg1, int jarg2);
./sdljava/x/swig/SWIG_SDLEventJNI.java:  public final static native int get_SDL_keysym_sym(long jarg1);
./sdljava/x/swig/SWIG_SDLEventJNI.java:  public final static native void set_SDL_keysym_mod(long jarg1, int jarg2);
./sdljava/x/swig/SWIG_SDLEventJNI.java:  public final static native int get_SDL_keysym_mod(long jarg1);
./sdljava/x/swig/SWIG_SDLEventJNI.java:  public final static native void set_SDL_keysym_unicode(long jarg1, int jarg2);
./sdljava/x/swig/SWIG_SDLEventJNI.java:  public final static native int get_SDL_keysym_unicode(long jarg1);
./sdljava/x/swig/SWIG_SDLEventJNI.java:  public final static native long new_SDL_keysym();
./sdljava/x/swig/SWIG_SDLEventJNI.java:  public final static native void delete_SDL_keysym(long jarg1);
./sdljava/x/swig/SWIG_SDLEventJNI.java:  public final static native void set_SDL_KeyboardEvent_type(long jarg1, short jarg2);
./sdljava/x/swig/SWIG_SDLEventJNI.java:  public final static native short get_SDL_KeyboardEvent_type(long jarg1);
./sdljava/x/swig/SWIG_SDLEventJNI.java:  public final static native void set_SDL_KeyboardEvent_which(long jarg1, short jarg2);
./sdljava/x/swig/SWIG_SDLEventJNI.java:  public final static native short get_SDL_KeyboardEvent_which(long jarg1);
./sdljava/x/swig/SWIG_SDLEventJNI.java:  public final static native void set_SDL_KeyboardEvent_state(long jarg1, short jarg2);
./sdljava/x/swig/SWIG_SDLEventJNI.java:  public final static native short get_SDL_KeyboardEvent_state(long jarg1);
./sdljava/x/swig/SWIG_SDLEventJNI.java:  public final static native void set_SDL_KeyboardEvent_keysym(long jarg1, long jarg2);
./sdljava/x/swig/SWIG_SDLEventJNI.java:  public final static native long get_SDL_KeyboardEvent_keysym(long jarg1);
./sdljava/x/swig/SWIG_SDLEventJNI.java:  public final static native long new_SDL_KeyboardEvent();
./sdljava/x/swig/SWIG_SDLEventJNI.java:  public final static native void delete_SDL_KeyboardEvent(long jarg1);
./sdljava/x/swig/SWIG_SDLEventJNI.java:  public final static native void set_SDL_MouseMotionEvent_type(long jarg1, short jarg2);
./sdljava/x/swig/SWIG_SDLEventJNI.java:  public final static native short get_SDL_MouseMotionEvent_type(long jarg1);
./sdljava/x/swig/SWIG_SDLEventJNI.java:  public final static native void set_SDL_MouseMotionEvent_which(long jarg1, short jarg2);
./sdljava/x/swig/SWIG_SDLEventJNI.java:  public final static native short get_SDL_MouseMotionEvent_which(long jarg1);
./sdljava/x/swig/SWIG_SDLEventJNI.java:  public final static native void set_SDL_MouseMotionEvent_state(long jarg1, short jarg2);
./sdljava/x/swig/SWIG_SDLEventJNI.java:  public final static native short get_SDL_MouseMotionEvent_state(long jarg1);
./sdljava/x/swig/SWIG_SDLEventJNI.java:  public final static native void set_SDL_MouseMotionEvent_x(long jarg1, int jarg2);
./sdljava/x/swig/SWIG_SDLEventJNI.java:  public final static native int get_SDL_MouseMotionEvent_x(long jarg1);
./sdljava/x/swig/SWIG_SDLEventJNI.java:  public final static native void set_SDL_MouseMotionEvent_y(long jarg1, int jarg2);
./sdljava/x/swig/SWIG_SDLEventJNI.java:  public final static native int get_SDL_MouseMotionEvent_y(long jarg1);
./sdljava/x/swig/SWIG_SDLEventJNI.java:  public final static native void set_SDL_MouseMotionEvent_xrel(long jarg1, short jarg2);
./sdljava/x/swig/SWIG_SDLEventJNI.java:  public final static native short get_SDL_MouseMotionEvent_xrel(long jarg1);
./sdljava/x/swig/SWIG_SDLEventJNI.java:  public final static native void set_SDL_MouseMotionEvent_yrel(long jarg1, short jarg2);
./sdljava/x/swig/SWIG_SDLEventJNI.java:  public final static native short get_SDL_MouseMotionEvent_yrel(long jarg1);
./sdljava/x/swig/SWIG_SDLEventJNI.java:  public final static native long new_SDL_MouseMotionEvent();
./sdljava/x/swig/SWIG_SDLEventJNI.java:  public final static native void delete_SDL_MouseMotionEvent(long jarg1);
./sdljava/x/swig/SWIG_SDLEventJNI.java:  public final static native void set_SDL_MouseButtonEvent_type(long jarg1, short jarg2);
./sdljava/x/swig/SWIG_SDLEventJNI.java:  public final static native short get_SDL_MouseButtonEvent_type(long jarg1);
./sdljava/x/swig/SWIG_SDLEventJNI.java:  public final static native void set_SDL_MouseButtonEvent_which(long jarg1, short jarg2);
./sdljava/x/swig/SWIG_SDLEventJNI.java:  public final static native short get_SDL_MouseButtonEvent_which(long jarg1);
./sdljava/x/swig/SWIG_SDLEventJNI.java:  public final static native void set_SDL_MouseButtonEvent_button(long jarg1, short jarg2);
./sdljava/x/swig/SWIG_SDLEventJNI.java:  public final static native short get_SDL_MouseButtonEvent_button(long jarg1);
./sdljava/x/swig/SWIG_SDLEventJNI.java:  public final static native void set_SDL_MouseButtonEvent_state(long jarg1, short jarg2);
./sdljava/x/swig/SWIG_SDLEventJNI.java:  public final static native short get_SDL_MouseButtonEvent_state(long jarg1);
./sdljava/x/swig/SWIG_SDLEventJNI.java:  public final static native void set_SDL_MouseButtonEvent_x(long jarg1, int jarg2);
./sdljava/x/swig/SWIG_SDLEventJNI.java:  public final static native int get_SDL_MouseButtonEvent_x(long jarg1);
./sdljava/x/swig/SWIG_SDLEventJNI.java:  public final static native void set_SDL_MouseButtonEvent_y(long jarg1, int jarg2);
./sdljava/x/swig/SWIG_SDLEventJNI.java:  public final static native int get_SDL_MouseButtonEvent_y(long jarg1);
./sdljava/x/swig/SWIG_SDLEventJNI.java:  public final static native long new_SDL_MouseButtonEvent();
./sdljava/x/swig/SWIG_SDLEventJNI.java:  public final static native void delete_SDL_MouseButtonEvent(long jarg1);
./sdljava/x/swig/SWIG_SDLEventJNI.java:  public final static native void set_SDL_JoyAxisEvent_type(long jarg1, short jarg2);
./sdljava/x/swig/SWIG_SDLEventJNI.java:  public final static native short get_SDL_JoyAxisEvent_type(long jarg1);
./sdljava/x/swig/SWIG_SDLEventJNI.java:  public final static native void set_SDL_JoyAxisEvent_which(long jarg1, short jarg2);
./sdljava/x/swig/SWIG_SDLEventJNI.java:  public final static native short get_SDL_JoyAxisEvent_which(long jarg1);
./sdljava/x/swig/SWIG_SDLEventJNI.java:  public final static native void set_SDL_JoyAxisEvent_axis(long jarg1, short jarg2);
./sdljava/x/swig/SWIG_SDLEventJNI.java:  public final static native short get_SDL_JoyAxisEvent_axis(long jarg1);
./sdljava/x/swig/SWIG_SDLEventJNI.java:  public final static native void set_SDL_JoyAxisEvent_value(long jarg1, short jarg2);
./sdljava/x/swig/SWIG_SDLEventJNI.java:  public final static native short get_SDL_JoyAxisEvent_value(long jarg1);
./sdljava/x/swig/SWIG_SDLEventJNI.java:  public final static native long new_SDL_JoyAxisEvent();
./sdljava/x/swig/SWIG_SDLEventJNI.java:  public final static native void delete_SDL_JoyAxisEvent(long jarg1);
./sdljava/x/swig/SWIG_SDLEventJNI.java:  public final static native void set_SDL_JoyBallEvent_type(long jarg1, short jarg2);
./sdljava/x/swig/SWIG_SDLEventJNI.java:  public final static native short get_SDL_JoyBallEvent_type(long jarg1);
./sdljava/x/swig/SWIG_SDLEventJNI.java:  public final static native void set_SDL_JoyBallEvent_which(long jarg1, short jarg2);
./sdljava/x/swig/SWIG_SDLEventJNI.java:  public final static native short get_SDL_JoyBallEvent_which(long jarg1);
./sdljava/x/swig/SWIG_SDLEventJNI.java:  public final static native void set_SDL_JoyBallEvent_ball(long jarg1, short jarg2);
./sdljava/x/swig/SWIG_SDLEventJNI.java:  public final static native short get_SDL_JoyBallEvent_ball(long jarg1);
./sdljava/x/swig/SWIG_SDLEventJNI.java:  public final static native void set_SDL_JoyBallEvent_xrel(long jarg1, short jarg2);
./sdljava/x/swig/SWIG_SDLEventJNI.java:  public final static native short get_SDL_JoyBallEvent_xrel(long jarg1);
./sdljava/x/swig/SWIG_SDLEventJNI.java:  public final static native void set_SDL_JoyBallEvent_yrel(long jarg1, short jarg2);
./sdljava/x/swig/SWIG_SDLEventJNI.java:  public final static native short get_SDL_JoyBallEvent_yrel(long jarg1);
./sdljava/x/swig/SWIG_SDLEventJNI.java:  public final static native long new_SDL_JoyBallEvent();
./sdljava/x/swig/SWIG_SDLEventJNI.java:  public final static native void delete_SDL_JoyBallEvent(long jarg1);
./sdljava/x/swig/SWIG_SDLEventJNI.java:  public final static native void set_SDL_JoyHatEvent_type(long jarg1, short jarg2);
./sdljava/x/swig/SWIG_SDLEventJNI.java:  public final static native short get_SDL_JoyHatEvent_type(long jarg1);
./sdljava/x/swig/SWIG_SDLEventJNI.java:  public final static native void set_SDL_JoyHatEvent_which(long jarg1, short jarg2);
./sdljava/x/swig/SWIG_SDLEventJNI.java:  public final static native short get_SDL_JoyHatEvent_which(long jarg1);
./sdljava/x/swig/SWIG_SDLEventJNI.java:  public final static native void set_SDL_JoyHatEvent_hat(long jarg1, short jarg2);
./sdljava/x/swig/SWIG_SDLEventJNI.java:  public final static native short get_SDL_JoyHatEvent_hat(long jarg1);
./sdljava/x/swig/SWIG_SDLEventJNI.java:  public final static native void set_SDL_JoyHatEvent_value(long jarg1, short jarg2);
./sdljava/x/swig/SWIG_SDLEventJNI.java:  public final static native short get_SDL_JoyHatEvent_value(long jarg1);
./sdljava/x/swig/SWIG_SDLEventJNI.java:  public final static native long new_SDL_JoyHatEvent();
./sdljava/x/swig/SWIG_SDLEventJNI.java:  public final static native void delete_SDL_JoyHatEvent(long jarg1);
./sdljava/x/swig/SWIG_SDLEventJNI.java:  public final static native void set_SDL_JoyButtonEvent_type(long jarg1, short jarg2);
./sdljava/x/swig/SWIG_SDLEventJNI.java:  public final static native short get_SDL_JoyButtonEvent_type(long jarg1);
./sdljava/x/swig/SWIG_SDLEventJNI.java:  public final static native void set_SDL_JoyButtonEvent_which(long jarg1, short jarg2);
./sdljava/x/swig/SWIG_SDLEventJNI.java:  public final static native short get_SDL_JoyButtonEvent_which(long jarg1);
./sdljava/x/swig/SWIG_SDLEventJNI.java:  public final static native void set_SDL_JoyButtonEvent_button(long jarg1, short jarg2);
./sdljava/x/swig/SWIG_SDLEventJNI.java:  public final static native short get_SDL_JoyButtonEvent_button(long jarg1);
./sdljava/x/swig/SWIG_SDLEventJNI.java:  public final static native void set_SDL_JoyButtonEvent_state(long jarg1, short jarg2);
./sdljava/x/swig/SWIG_SDLEventJNI.java:  public final static native short get_SDL_JoyButtonEvent_state(long jarg1);
./sdljava/x/swig/SWIG_SDLEventJNI.java:  public final static native long new_SDL_JoyButtonEvent();
./sdljava/x/swig/SWIG_SDLEventJNI.java:  public final static native void delete_SDL_JoyButtonEvent(long jarg1);
./sdljava/x/swig/SWIG_SDLEventJNI.java:  public final static native void set_SDL_ResizeEvent_type(long jarg1, short jarg2);
./sdljava/x/swig/SWIG_SDLEventJNI.java:  public final static native short get_SDL_ResizeEvent_type(long jarg1);
./sdljava/x/swig/SWIG_SDLEventJNI.java:  public final static native void set_SDL_ResizeEvent_w(long jarg1, int jarg2);
./sdljava/x/swig/SWIG_SDLEventJNI.java:  public final static native int get_SDL_ResizeEvent_w(long jarg1);
./sdljava/x/swig/SWIG_SDLEventJNI.java:  public final static native void set_SDL_ResizeEvent_h(long jarg1, int jarg2);
./sdljava/x/swig/SWIG_SDLEventJNI.java:  public final static native int get_SDL_ResizeEvent_h(long jarg1);
./sdljava/x/swig/SWIG_SDLEventJNI.java:  public final static native long new_SDL_ResizeEvent();
./sdljava/x/swig/SWIG_SDLEventJNI.java:  public final static native void delete_SDL_ResizeEvent(long jarg1);
./sdljava/x/swig/SWIG_SDLEventJNI.java:  public final static native void set_SDL_ExposeEvent_type(long jarg1, short jarg2);
./sdljava/x/swig/SWIG_SDLEventJNI.java:  public final static native short get_SDL_ExposeEvent_type(long jarg1);
./sdljava/x/swig/SWIG_SDLEventJNI.java:  public final static native long new_SDL_ExposeEvent();
./sdljava/x/swig/SWIG_SDLEventJNI.java:  public final static native void delete_SDL_ExposeEvent(long jarg1);
./sdljava/x/swig/SWIG_SDLEventJNI.java:  public final static native void set_SDL_QuitEvent_type(long jarg1, short jarg2);
./sdljava/x/swig/SWIG_SDLEventJNI.java:  public final static native short get_SDL_QuitEvent_type(long jarg1);
./sdljava/x/swig/SWIG_SDLEventJNI.java:  public final static native long new_SDL_QuitEvent();
./sdljava/x/swig/SWIG_SDLEventJNI.java:  public final static native void delete_SDL_QuitEvent(long jarg1);
./sdljava/x/swig/SWIG_SDLEventJNI.java:  public final static native void set_SDL_SysWMEvent_type(long jarg1, short jarg2);
./sdljava/x/swig/SWIG_SDLEventJNI.java:  public final static native short get_SDL_SysWMEvent_type(long jarg1);
./sdljava/x/swig/SWIG_SDLEventJNI.java:  public final static native void set_SDL_SysWMEvent_msg(long jarg1, long jarg2);
./sdljava/x/swig/SWIG_SDLEventJNI.java:  public final static native long get_SDL_SysWMEvent_msg(long jarg1);
./sdljava/x/swig/SWIG_SDLEventJNI.java:  public final static native long new_SDL_SysWMEvent();
./sdljava/x/swig/SWIG_SDLEventJNI.java:  public final static native void delete_SDL_SysWMEvent(long jarg1);
./sdljava/x/swig/SWIG_SDLEventJNI.java:  public final static native void set_SDL_Event_type(long jarg1, short jarg2);
./sdljava/x/swig/SWIG_SDLEventJNI.java:  public final static native short get_SDL_Event_type(long jarg1);
./sdljava/x/swig/SWIG_SDLEventJNI.java:  public final static native void set_SDL_Event_active(long jarg1, long jarg2);
./sdljava/x/swig/SWIG_SDLEventJNI.java:  public final static native long get_SDL_Event_active(long jarg1);
./sdljava/x/swig/SWIG_SDLEventJNI.java:  public final static native void set_SDL_Event_key(long jarg1, long jarg2);
./sdljava/x/swig/SWIG_SDLEventJNI.java:  public final static native long get_SDL_Event_key(long jarg1);
./sdljava/x/swig/SWIG_SDLEventJNI.java:  public final static native void set_SDL_Event_motion(long jarg1, long jarg2);
./sdljava/x/swig/SWIG_SDLEventJNI.java:  public final static native long get_SDL_Event_motion(long jarg1);
./sdljava/x/swig/SWIG_SDLEventJNI.java:  public final static native void set_SDL_Event_button(long jarg1, long jarg2);
./sdljava/x/swig/SWIG_SDLEventJNI.java:  public final static native long get_SDL_Event_button(long jarg1);
./sdljava/x/swig/SWIG_SDLEventJNI.java:  public final static native void set_SDL_Event_jaxis(long jarg1, long jarg2);
./sdljava/x/swig/SWIG_SDLEventJNI.java:  public final static native long get_SDL_Event_jaxis(long jarg1);
./sdljava/x/swig/SWIG_SDLEventJNI.java:  public final static native void set_SDL_Event_jball(long jarg1, long jarg2);
./sdljava/x/swig/SWIG_SDLEventJNI.java:  public final static native long get_SDL_Event_jball(long jarg1);
./sdljava/x/swig/SWIG_SDLEventJNI.java:  public final static native void set_SDL_Event_jhat(long jarg1, long jarg2);
./sdljava/x/swig/SWIG_SDLEventJNI.java:  public final static native long get_SDL_Event_jhat(long jarg1);
./sdljava/x/swig/SWIG_SDLEventJNI.java:  public final static native void set_SDL_Event_jbutton(long jarg1, long jarg2);
./sdljava/x/swig/SWIG_SDLEventJNI.java:  public final static native long get_SDL_Event_jbutton(long jarg1);
./sdljava/x/swig/SWIG_SDLEventJNI.java:  public final static native void set_SDL_Event_resize(long jarg1, long jarg2);
./sdljava/x/swig/SWIG_SDLEventJNI.java:  public final static native long get_SDL_Event_resize(long jarg1);
./sdljava/x/swig/SWIG_SDLEventJNI.java:  public final static native void set_SDL_Event_expose(long jarg1, long jarg2);
./sdljava/x/swig/SWIG_SDLEventJNI.java:  public final static native long get_SDL_Event_expose(long jarg1);
./sdljava/x/swig/SWIG_SDLEventJNI.java:  public final static native void set_SDL_Event_quit(long jarg1, long jarg2);
./sdljava/x/swig/SWIG_SDLEventJNI.java:  public final static native long get_SDL_Event_quit(long jarg1);
./sdljava/x/swig/SWIG_SDLEventJNI.java:  public final static native void set_SDL_Event_syswm(long jarg1, long jarg2);
./sdljava/x/swig/SWIG_SDLEventJNI.java:  public final static native long get_SDL_Event_syswm(long jarg1);
./sdljava/x/swig/SWIG_SDLEventJNI.java:  public final static native long new_SDL_Event();
./sdljava/x/swig/SWIG_SDLEventJNI.java:  public final static native void delete_SDL_Event(long jarg1);
./sdljava/x/swig/SWIG_SDLEventJNI.java:  public final static native void SDL_PumpEvents();
./sdljava/x/swig/SWIG_SDLEventJNI.java:  public final static native short SDL_EventState(short jarg1, int jarg2);
./sdljava/x/swig/SWIG_SDLEventJNI.java:  public final static native int SDL_WaitEvent(long jarg1);
./sdljava/x/swig/SWIG_SDLEventJNI.java:  public final static native int SDL_PollEvent(long jarg1);
./sdljava/x/swig/SWIG_SDLEventJNI.java:  public final static native short SDL_GetAppState();
./sdljava/x/swig/SWIG_SDLEventJNI.java:  public final static native int SDL_EnableUNICODE(int jarg1);
./sdljava/x/swig/SWIG_SDLEventJNI.java:  public final static native int SDL_EnableKeyRepeat(int jarg1, int jarg2);
./sdljava/x/swig/SWIG_SDLEventJNI.java:  public final static native long SDL_GetKeyState(long jarg1);
./sdljava/x/swig/SWIG_SDLEventJNI.java:  public final static native int SDL_GetModState();
./sdljava/x/swig/SWIG_SDLEventJNI.java:  public final static native void SDL_SetModState(int jarg1);
./sdljava/x/swig/SWIG_SDLEventJNI.java:  public final static native String SDL_GetKeyName(int jarg1);
./sdljava/x/swig/SWIG_SDLEventJNI.java:  public final static native int SDL_JoystickEventState(int jarg1);
./sdljava/x/swig/SWIG_SDLEventJNI.java:  public final static native short SDL_GetMouseState(int[] jarg1, int[] jarg2);
./sdljava/x/swig/SWIG_SDLEventJNI.java:  public final static native short SDL_GetRelativeMouseState(int[] jarg1, int[] jarg2);
./sdljava/x/swig/SWIG_SDLEventJNI.java:  public final static native void SDL_WarpMouse(int jarg1, int jarg2);
./sdljava/x/swig/SWIG_SDLEventJNI.java:  public final static native long SDL_CreateCursor(long jarg1, long jarg2, int jarg3, int jarg4, int jarg5, int jarg6);
./sdljava/x/swig/SWIG_SDLEventJNI.java:  public final static native void SDL_SetCursor(long jarg1);
./sdljava/x/swig/SWIG_SDLEventJNI.java:  public final static native long SDL_GetCursor();
./sdljava/x/swig/SWIG_SDLEventJNI.java:  public final static native void SDL_FreeCursor(long jarg1);
./sdljava/x/swig/SWIG_SDLEventJNI.java:  public final static native int SDL_ShowCursor(int jarg1);
./sdljava/x/swig/SWIG_SDLAudioJNI.java:  public final static native void set_SDL_AudioSpec_freq(long jarg1, int jarg2);
./sdljava/x/swig/SWIG_SDLAudioJNI.java:  public final static native int get_SDL_AudioSpec_freq(long jarg1);
./sdljava/x/swig/SWIG_SDLAudioJNI.java:  public final static native void set_SDL_AudioSpec_format(long jarg1, int jarg2);
./sdljava/x/swig/SWIG_SDLAudioJNI.java:  public final static native int get_SDL_AudioSpec_format(long jarg1);
./sdljava/x/swig/SWIG_SDLAudioJNI.java:  public final static native void set_SDL_AudioSpec_channels(long jarg1, short jarg2);
./sdljava/x/swig/SWIG_SDLAudioJNI.java:  public final static native short get_SDL_AudioSpec_channels(long jarg1);
./sdljava/x/swig/SWIG_SDLAudioJNI.java:  public final static native void set_SDL_AudioSpec_silence(long jarg1, short jarg2);
./sdljava/x/swig/SWIG_SDLAudioJNI.java:  public final static native short get_SDL_AudioSpec_silence(long jarg1);
./sdljava/x/swig/SWIG_SDLAudioJNI.java:  public final static native void set_SDL_AudioSpec_samples(long jarg1, int jarg2);
./sdljava/x/swig/SWIG_SDLAudioJNI.java:  public final static native int get_SDL_AudioSpec_samples(long jarg1);
./sdljava/x/swig/SWIG_SDLAudioJNI.java:  public final static native void set_SDL_AudioSpec_padding(long jarg1, int jarg2);
./sdljava/x/swig/SWIG_SDLAudioJNI.java:  public final static native int get_SDL_AudioSpec_padding(long jarg1);
./sdljava/x/swig/SWIG_SDLAudioJNI.java:  public final static native void set_SDL_AudioSpec_size(long jarg1, long jarg2);
./sdljava/x/swig/SWIG_SDLAudioJNI.java:  public final static native long get_SDL_AudioSpec_size(long jarg1);
./sdljava/x/swig/SWIG_SDLAudioJNI.java:  public final static native void set_SDL_AudioSpec_callback(long jarg1, long jarg2);
./sdljava/x/swig/SWIG_SDLAudioJNI.java:  public final static native long get_SDL_AudioSpec_callback(long jarg1);
./sdljava/x/swig/SWIG_SDLAudioJNI.java:  public final static native void set_SDL_AudioSpec_userdata(long jarg1, long jarg2);
./sdljava/x/swig/SWIG_SDLAudioJNI.java:  public final static native long get_SDL_AudioSpec_userdata(long jarg1);
./sdljava/x/swig/SWIG_SDLAudioJNI.java:  public final static native long new_SDL_AudioSpec();
./sdljava/x/swig/SWIG_SDLAudioJNI.java:  public final static native void delete_SDL_AudioSpec(long jarg1);
./sdljava/x/swig/SWIG_SDLAudioJNI.java:  public final static native int SWIG_SDL_OpenAudio(long jarg1, long jarg2);
./sdljava/x/swig/SWIG_SDLAudioJNI.java:  public final static native void SDL_PauseAudio(int jarg1);
./sdljava/x/swig/SWIG_SDLImageJNI.java:  public final static native long IMG_Load(String filename);
./sdljava/x/swig/SWIG_SDLImageJNI.java:  public final static native long SWIG_IMG_Load_Buffer(byte[] buf, int size);
./sdljava/x/swig/SWIG_SDLTTFJNI.java:  public final static native int TTF_Init();
./sdljava/x/swig/SWIG_SDLTTFJNI.java:  public final static native long TTF_OpenFontIndex(String jarg1, int jarg2, int jarg3);
./sdljava/x/swig/SWIG_SDLTTFJNI.java:  public final static native long TTF_OpenFontIndexFromBuffer(byte[] data, int dataSize, int ptsize, int index);
./sdljava/x/swig/SWIG_SDLTTFJNI.java:  public final static native int TTF_GetFontStyle(long jarg1);
./sdljava/x/swig/SWIG_SDLTTFJNI.java:  public final static native void TTF_SetFontStyle(long jarg1, int jarg2);
./sdljava/x/swig/SWIG_SDLTTFJNI.java:  public final static native int TTF_FontHeight(long jarg1);
./sdljava/x/swig/SWIG_SDLTTFJNI.java:  public final static native int TTF_FontAscent(long jarg1);
./sdljava/x/swig/SWIG_SDLTTFJNI.java:  public final static native int TTF_FontDescent(long jarg1);
./sdljava/x/swig/SWIG_SDLTTFJNI.java:  public final static native int TTF_FontLineSkip(long jarg1);
./sdljava/x/swig/SWIG_SDLTTFJNI.java:  public final static native int TTF_FontFaces(long jarg1);
./sdljava/x/swig/SWIG_SDLTTFJNI.java:  public final static native int TTF_FontFaceIsFixedWidth(long jarg1);
./sdljava/x/swig/SWIG_SDLTTFJNI.java:  public final static native String TTF_FontFaceFamilyName(long jarg1);
./sdljava/x/swig/SWIG_SDLTTFJNI.java:  public final static native String TTF_FontFaceStyleName(long jarg1);
./sdljava/x/swig/SWIG_SDLTTFJNI.java:  public final static native int TTF_GlyphMetrics(long jarg1, int jarg2, int[] jarg3, int[] jarg4, int[] jarg5, int[] jarg6, int[] jarg7);
./sdljava/x/swig/SWIG_SDLTTFJNI.java:  public final static native int TTF_SizeText(long jarg1, String jarg2, int[] jarg3, int[] jarg4);
./sdljava/x/swig/SWIG_SDLTTFJNI.java:  public final static native int TTF_SizeUTF8(long jarg1, String jarg2, int[] jarg3, int[] jarg4);
./sdljava/x/swig/SWIG_SDLTTFJNI.java:  public final static native int TTF_SizeUNICODE(long jarg1, long jarg2, int[] jarg3, int[] jarg4);
./sdljava/x/swig/SWIG_SDLTTFJNI.java:  public final static native long TTF_RenderText_Solid_FAST(long jarg1, String jarg2, short jarg3, short jarg4, short jarg5);
./sdljava/x/swig/SWIG_SDLTTFJNI.java:  public final static native long TTF_RenderUTF8_Solid(long jarg1, String jarg2, long jarg3);
./sdljava/x/swig/SWIG_SDLTTFJNI.java:  public final static native long TTF_RenderUNICODE_Solid(long jarg1, long jarg2, long jarg3);
./sdljava/x/swig/SWIG_SDLTTFJNI.java:  public final static native long TTF_RenderText_Shaded_FAST(long jarg1, String jarg2, short jarg3, short jarg4, short jarg5, short jarg6, short jarg7, short jarg8);
./sdljava/x/swig/SWIG_SDLTTFJNI.java:  public final static native long TTF_RenderUTF8_Shaded(long jarg1, String jarg2, long jarg3, long jarg4);
./sdljava/x/swig/SWIG_SDLTTFJNI.java:  public final static native long TTF_RenderUNICODE_Shaded(long jarg1, long jarg2, long jarg3, long jarg4);
./sdljava/x/swig/SWIG_SDLTTFJNI.java:  public final static native long TTF_RenderGlyph_Shaded(long jarg1, int jarg2, long jarg3, long jarg4);
./sdljava/x/swig/SWIG_SDLTTFJNI.java:  public final static native long TTF_RenderText_Blended_FAST(long jarg1, String jarg2, short jarg3, short jarg4, short jarg5);
./sdljava/x/swig/SWIG_SDLTTFJNI.java:  public final static native long TTF_RenderUTF8_Blended(long jarg1, String jarg2, long jarg3);
./sdljava/x/swig/SWIG_SDLTTFJNI.java:  public final static native long TTF_RenderUNICODE_Blended(long jarg1, long jarg2, long jarg3);
./sdljava/x/swig/SWIG_SDLTTFJNI.java:  public final static native long TTF_RenderGlyph_Blended(long jarg1, int jarg2, long jarg3);
./sdljava/x/swig/SWIG_SDLTTFJNI.java:  public final static native void TTF_CloseFont(long jarg1);
./sdljava/x/swig/SWIG_SDLTTFJNI.java:  public final static native void TTF_Quit();
./sdljava/x/swig/SWIG_SDLTTFJNI.java:  public final static native long SWIG_TTF_VERSION();
./sdljava/x/swig/SWIG_SDLJoystickJNI.java:  public final static native int SDL_NumJoysticks();
./sdljava/x/swig/SWIG_SDLJoystickJNI.java:  public final static native String SDL_JoystickName(int jarg1);
./sdljava/x/swig/SWIG_SDLJoystickJNI.java:  public final static native long SDL_JoystickOpen(int jarg1);
./sdljava/x/swig/SWIG_SDLJoystickJNI.java:  public final static native int SDL_JoystickOpened(int jarg1);
./sdljava/x/swig/SWIG_SDLJoystickJNI.java:  public final static native int SDL_JoystickIndex(long jarg1);
./sdljava/x/swig/SWIG_SDLJoystickJNI.java:  public final static native int SDL_JoystickNumAxes(long jarg1);
./sdljava/x/swig/SWIG_SDLJoystickJNI.java:  public final static native int SDL_JoystickNumBalls(long jarg1);
./sdljava/x/swig/SWIG_SDLJoystickJNI.java:  public final static native int SDL_JoystickNumHats(long jarg1);
./sdljava/x/swig/SWIG_SDLJoystickJNI.java:  public final static native int SDL_JoystickNumButtons(long jarg1);
./sdljava/x/swig/SWIG_SDLJoystickJNI.java:  public final static native void SDL_JoystickUpdate();
./sdljava/x/swig/SWIG_SDLJoystickJNI.java:  public final static native int SDL_JoystickEventState(int jarg1);
./sdljava/x/swig/SWIG_SDLJoystickJNI.java:  public final static native short SDL_JoystickGetAxis(long jarg1, int jarg2);
./sdljava/x/swig/SWIG_SDLJoystickJNI.java:  public final static native short SDL_JoystickGetHat(long jarg1, int jarg2);
./sdljava/x/swig/SWIG_SDLJoystickJNI.java:  public final static native int SDL_JoystickGetBall(long jarg1, int jarg2, int[] jarg3, int[] jarg4);
./sdljava/x/swig/SWIG_SDLJoystickJNI.java:  public final static native short SDL_JoystickGetButton(long jarg1, int jarg2);
./sdljava/x/swig/SWIG_SDLJoystickJNI.java:  public final static native void SDL_JoystickClose(long jarg1);
./sdljava/x/swig/SWIG_SDLCdromJNI.java:  public final static native void set_SDL_CDtrack_id(long jarg1, short jarg2);
./sdljava/x/swig/SWIG_SDLCdromJNI.java:  public final static native short get_SDL_CDtrack_id(long jarg1);
./sdljava/x/swig/SWIG_SDLCdromJNI.java:  public final static native void set_SDL_CDtrack_type(long jarg1, short jarg2);
./sdljava/x/swig/SWIG_SDLCdromJNI.java:  public final static native short get_SDL_CDtrack_type(long jarg1);
./sdljava/x/swig/SWIG_SDLCdromJNI.java:  public final static native void set_SDL_CDtrack_unused(long jarg1, int jarg2);
./sdljava/x/swig/SWIG_SDLCdromJNI.java:  public final static native int get_SDL_CDtrack_unused(long jarg1);
./sdljava/x/swig/SWIG_SDLCdromJNI.java:  public final static native void set_SDL_CDtrack_length(long jarg1, long jarg2);
./sdljava/x/swig/SWIG_SDLCdromJNI.java:  public final static native long get_SDL_CDtrack_length(long jarg1);
./sdljava/x/swig/SWIG_SDLCdromJNI.java:  public final static native void set_SDL_CDtrack_offset(long jarg1, long jarg2);
./sdljava/x/swig/SWIG_SDLCdromJNI.java:  public final static native long get_SDL_CDtrack_offset(long jarg1);
./sdljava/x/swig/SWIG_SDLCdromJNI.java:  public final static native long new_SDL_CDtrack();
./sdljava/x/swig/SWIG_SDLCdromJNI.java:  public final static native void delete_SDL_CDtrack(long jarg1);
./sdljava/x/swig/SWIG_SDLCdromJNI.java:  public final static native void set_SDL_CD_id(long jarg1, int jarg2);
./sdljava/x/swig/SWIG_SDLCdromJNI.java:  public final static native int get_SDL_CD_id(long jarg1);
./sdljava/x/swig/SWIG_SDLCdromJNI.java:  public final static native void set_SDL_CD_status(long jarg1, int jarg2);
./sdljava/x/swig/SWIG_SDLCdromJNI.java:  public final static native int get_SDL_CD_status(long jarg1);
./sdljava/x/swig/SWIG_SDLCdromJNI.java:  public final static native void set_SDL_CD_numtracks(long jarg1, int jarg2);
./sdljava/x/swig/SWIG_SDLCdromJNI.java:  public final static native int get_SDL_CD_numtracks(long jarg1);
./sdljava/x/swig/SWIG_SDLCdromJNI.java:  public final static native void set_SDL_CD_cur_track(long jarg1, int jarg2);
./sdljava/x/swig/SWIG_SDLCdromJNI.java:  public final static native int get_SDL_CD_cur_track(long jarg1);
./sdljava/x/swig/SWIG_SDLCdromJNI.java:  public final static native void set_SDL_CD_cur_frame(long jarg1, int jarg2);
./sdljava/x/swig/SWIG_SDLCdromJNI.java:  public final static native int get_SDL_CD_cur_frame(long jarg1);
./sdljava/x/swig/SWIG_SDLCdromJNI.java:  public final static native void set_SDL_CD_track(long jarg1, long jarg2);
./sdljava/x/swig/SWIG_SDLCdromJNI.java:  public final static native long get_SDL_CD_track(long jarg1);
./sdljava/x/swig/SWIG_SDLCdromJNI.java:  public final static native long new_SDL_CD();
./sdljava/x/swig/SWIG_SDLCdromJNI.java:  public final static native void delete_SDL_CD(long jarg1);
./sdljava/x/swig/SWIG_SDLCdromJNI.java:  public final static native int SDL_CDNumDrives();
./sdljava/x/swig/SWIG_SDLCdromJNI.java:  public final static native String SDL_CDName(int jarg1);
./sdljava/x/swig/SWIG_SDLCdromJNI.java:  public final static native long SDL_CDOpen(int jarg1);
./sdljava/x/swig/SWIG_SDLCdromJNI.java:  public final static native int SDL_CDStatus(long jarg1);
./sdljava/x/swig/SWIG_SDLCdromJNI.java:  public final static native int SDL_CDPlayTracks(long jarg1, int jarg2, int jarg3, int jarg4, int jarg5);
./sdljava/x/swig/SWIG_SDLCdromJNI.java:  public final static native int SDL_CDPlay(long jarg1, int jarg2, int jarg3);
./sdljava/x/swig/SWIG_SDLCdromJNI.java:  public final static native int SDL_CDPause(long jarg1);
./sdljava/x/swig/SWIG_SDLCdromJNI.java:  public final static native int SDL_CDResume(long jarg1);
./sdljava/x/swig/SWIG_SDLCdromJNI.java:  public final static native int SDL_CDStop(long jarg1);
./sdljava/x/swig/SWIG_SDLCdromJNI.java:  public final static native int SDL_CDEject(long jarg1);
./sdljava/x/swig/SWIG_SDLCdromJNI.java:  public final static native void SDL_CDClose(long jarg1);
./sdljava/x/swig/SWIG_SDLCdromJNI.java:  public final static native long SWIG_SDL_getTrack(long jarg1, int jarg2);
./sdljava/x/swig/SWIG_SDLCdromJNI.java:  public final static native void SWIG_framesToMSF(int jarg1, int[] jarg2, int[] jarg3, int[] jarg4);
./sdljava/x/swig/SWIG_SDLCdromJNI.java:  public final static native int SWIG_msfToFrames(int jarg1, int jarg2, int jarg3);
./sdljava/x/swig/SWIG_SDLMainJNI.java:  public final static native void set_SDL_version_major(long jarg1, short jarg2);
./sdljava/x/swig/SWIG_SDLMainJNI.java:  public final static native short get_SDL_version_major(long jarg1);
./sdljava/x/swig/SWIG_SDLMainJNI.java:  public final static native void set_SDL_version_minor(long jarg1, short jarg2);
./sdljava/x/swig/SWIG_SDLMainJNI.java:  public final static native short get_SDL_version_minor(long jarg1);
./sdljava/x/swig/SWIG_SDLMainJNI.java:  public final static native void set_SDL_version_patch(long jarg1, short jarg2);
./sdljava/x/swig/SWIG_SDLMainJNI.java:  public final static native short get_SDL_version_patch(long jarg1);
./sdljava/x/swig/SWIG_SDLMainJNI.java:  public final static native long new_SDL_version();
./sdljava/x/swig/SWIG_SDLMainJNI.java:  public final static native void delete_SDL_version(long jarg1);
./sdljava/x/swig/SWIG_SDLMainJNI.java:  public final static native int SDL_Init(long jarg1);
./sdljava/x/swig/SWIG_SDLMainJNI.java:  public final static native int SDL_InitSubSystem(long jarg1);
./sdljava/x/swig/SWIG_SDLMainJNI.java:  public final static native void SDL_QuitSubSystem(long jarg1);
./sdljava/x/swig/SWIG_SDLMainJNI.java:  public final static native long SDL_WasInit(long jarg1);
./sdljava/x/swig/SWIG_SDLMainJNI.java:  public final static native void SDL_Quit();
./sdljava/x/swig/SWIG_SDLMainJNI.java:  public final static native long SWIG_SDL_VERSION();
./sdljava/x/swig/SWIG_SDLMainJNI.java:  public final static native String SDL_GetError();
./sdljava/x/swig/package-info.java:Provides the native interface (proxy) layer to the SDL C API.  All files in this package
./sdljava/x/swig/SWIG_SDLGfxJNI.java:  public final static native int pixelColor(long jarg1, short jarg2, short jarg3, long jarg4);
./sdljava/x/swig/SWIG_SDLGfxJNI.java:  public final static native int pixelRGBA(long jarg1, short jarg2, short jarg3, short jarg4, short jarg5, short jarg6, short jarg7);
./sdljava/x/swig/SWIG_SDLGfxJNI.java:  public final static native int hlineColor(long jarg1, short jarg2, short jarg3, short jarg4, long jarg5);
./sdljava/x/swig/SWIG_SDLGfxJNI.java:  public final static native int hlineRGBA(long jarg1, short jarg2, short jarg3, short jarg4, short jarg5, short jarg6, short jarg7, short jarg8);
./sdljava/x/swig/SWIG_SDLGfxJNI.java:  public final static native int vlineColor(long jarg1, short jarg2, short jarg3, short jarg4, long jarg5);
./sdljava/x/swig/SWIG_SDLGfxJNI.java:  public final static native int vlineRGBA(long jarg1, short jarg2, short jarg3, short jarg4, short jarg5, short jarg6, short jarg7, short jarg8);
./sdljava/x/swig/SWIG_SDLGfxJNI.java:  public final static native int rectangleColor(long jarg1, short jarg2, short jarg3, short jarg4, short jarg5, long jarg6);
./sdljava/x/swig/SWIG_SDLGfxJNI.java:  public final static native int rectangleRGBA(long jarg1, short jarg2, short jarg3, short jarg4, short jarg5, short jarg6, short jarg7, short jarg8, short jarg9);
./sdljava/x/swig/SWIG_SDLGfxJNI.java:  public final static native int boxColor(long jarg1, short jarg2, short jarg3, short jarg4, short jarg5, long jarg6);
./sdljava/x/swig/SWIG_SDLGfxJNI.java:  public final static native int boxRGBA(long jarg1, short jarg2, short jarg3, short jarg4, short jarg5, short jarg6, short jarg7, short jarg8, short jarg9);
./sdljava/x/swig/SWIG_SDLGfxJNI.java:  public final static native int lineColor(long jarg1, short jarg2, short jarg3, short jarg4, short jarg5, long jarg6);
./sdljava/x/swig/SWIG_SDLGfxJNI.java:  public final static native int lineRGBA(long jarg1, short jarg2, short jarg3, short jarg4, short jarg5, short jarg6, short jarg7, short jarg8, short jarg9);
./sdljava/x/swig/SWIG_SDLGfxJNI.java:  public final static native int aalineColor(long jarg1, short jarg2, short jarg3, short jarg4, short jarg5, long jarg6);
./sdljava/x/swig/SWIG_SDLGfxJNI.java:  public final static native int aalineRGBA(long jarg1, short jarg2, short jarg3, short jarg4, short jarg5, short jarg6, short jarg7, short jarg8, short jarg9);
./sdljava/x/swig/SWIG_SDLGfxJNI.java:  public final static native int circleColor(long jarg1, short jarg2, short jarg3, short jarg4, long jarg5);
./sdljava/x/swig/SWIG_SDLGfxJNI.java:  public final static native int circleRGBA(long jarg1, short jarg2, short jarg3, short jarg4, short jarg5, short jarg6, short jarg7, short jarg8);
./sdljava/x/swig/SWIG_SDLGfxJNI.java:  public final static native int aacircleColor(long jarg1, short jarg2, short jarg3, short jarg4, long jarg5);
./sdljava/x/swig/SWIG_SDLGfxJNI.java:  public final static native int aacircleRGBA(long jarg1, short jarg2, short jarg3, short jarg4, short jarg5, short jarg6, short jarg7, short jarg8);
./sdljava/x/swig/SWIG_SDLGfxJNI.java:  public final static native int filledCircleColor(long jarg1, short jarg2, short jarg3, short jarg4, long jarg5);
./sdljava/x/swig/SWIG_SDLGfxJNI.java:  public final static native int filledCircleRGBA(long jarg1, short jarg2, short jarg3, short jarg4, short jarg5, short jarg6, short jarg7, short jarg8);
./sdljava/x/swig/SWIG_SDLGfxJNI.java:  public final static native int ellipseColor(long jarg1, short jarg2, short jarg3, short jarg4, short jarg5, long jarg6);
./sdljava/x/swig/SWIG_SDLGfxJNI.java:  public final static native int ellipseRGBA(long jarg1, short jarg2, short jarg3, short jarg4, short jarg5, short jarg6, short jarg7, short jarg8, short jarg9);
./sdljava/x/swig/SWIG_SDLGfxJNI.java:  public final static native int aaellipseColor(long jarg1, short jarg2, short jarg3, short jarg4, short jarg5, long jarg6);
./sdljava/x/swig/SWIG_SDLGfxJNI.java:  public final static native int aaellipseRGBA(long jarg1, short jarg2, short jarg3, short jarg4, short jarg5, short jarg6, short jarg7, short jarg8, short jarg9);
./sdljava/x/swig/SWIG_SDLGfxJNI.java:  public final static native int filledEllipseColor(long jarg1, short jarg2, short jarg3, short jarg4, short jarg5, long jarg6);
./sdljava/x/swig/SWIG_SDLGfxJNI.java:  public final static native int filledEllipseRGBA(long jarg1, short jarg2, short jarg3, short jarg4, short jarg5, short jarg6, short jarg7, short jarg8, short jarg9);
./sdljava/x/swig/SWIG_SDLGfxJNI.java:  public final static native int filledPieColor(long jarg1, short jarg2, short jarg3, short jarg4, short jarg5, short jarg6, long jarg7);
./sdljava/x/swig/SWIG_SDLGfxJNI.java:  public final static native int filledPieRGBA(long jarg1, short jarg2, short jarg3, short jarg4, short jarg5, short jarg6, short jarg7, short jarg8, short jarg9, short jarg10);
./sdljava/x/swig/SWIG_SDLGfxJNI.java:  public final static native int trigonColor(long jarg1, short jarg2, short jarg3, short jarg4, short jarg5, short jarg6, short jarg7, long jarg8);
./sdljava/x/swig/SWIG_SDLGfxJNI.java:  public final static native int trigonRGBA(long jarg1, short jarg2, short jarg3, short jarg4, short jarg5, short jarg6, short jarg7, short jarg8, short jarg9, short jarg10, short jarg11);
./sdljava/x/swig/SWIG_SDLGfxJNI.java:  public final static native int aatrigonColor(long jarg1, short jarg2, short jarg3, short jarg4, short jarg5, short jarg6, short jarg7, long jarg8);
./sdljava/x/swig/SWIG_SDLGfxJNI.java:  public final static native int aatrigonRGBA(long jarg1, short jarg2, short jarg3, short jarg4, short jarg5, short jarg6, short jarg7, short jarg8, short jarg9, short jarg10, short jarg11);
./sdljava/x/swig/SWIG_SDLGfxJNI.java:  public final static native int filledTrigonColor(long jarg1, short jarg2, short jarg3, short jarg4, short jarg5, short jarg6, short jarg7, int jarg8);
./sdljava/x/swig/SWIG_SDLGfxJNI.java:  public final static native int filledTrigonRGBA(long jarg1, short jarg2, short jarg3, short jarg4, short jarg5, short jarg6, short jarg7, short jarg8, short jarg9, short jarg10, short jarg11);
./sdljava/x/swig/SWIG_SDLGfxJNI.java:  public final static native int polygonColor(long jarg1, long jarg2, long jarg3, int jarg4, long jarg5);
./sdljava/x/swig/SWIG_SDLGfxJNI.java:  public final static native int polygonRGBA(long jarg1, long jarg2, long jarg3, int jarg4, short jarg5, short jarg6, short jarg7, short jarg8);
./sdljava/x/swig/SWIG_SDLGfxJNI.java:  public final static native int aapolygonColor(long jarg1, long jarg2, long jarg3, int jarg4, long jarg5);
./sdljava/x/swig/SWIG_SDLGfxJNI.java:  public final static native int aapolygonRGBA(long jarg1, long jarg2, long jarg3, int jarg4, short jarg5, short jarg6, short jarg7, short jarg8);
./sdljava/x/swig/SWIG_SDLGfxJNI.java:  public final static native int filledPolygonColor(long jarg1, long jarg2, long jarg3, int jarg4, int jarg5);
./sdljava/x/swig/SWIG_SDLGfxJNI.java:  public final static native int filledPolygonRGBA(long jarg1, long jarg2, long jarg3, int jarg4, short jarg5, short jarg6, short jarg7, short jarg8);
./sdljava/x/swig/SWIG_SDLGfxJNI.java:  public final static native int bezierColor(long jarg1, long jarg2, long jarg3, int jarg4, int jarg5, long jarg6);
./sdljava/x/swig/SWIG_SDLGfxJNI.java:  public final static native int bezierRGBA(long jarg1, long jarg2, long jarg3, int jarg4, int jarg5, short jarg6, short jarg7, short jarg8, short jarg9);
./sdljava/x/swig/SWIG_SDLGfxJNI.java:  public final static native int characterColor(long jarg1, short jarg2, short jarg3, char jarg4, long jarg5);
./sdljava/x/swig/SWIG_SDLGfxJNI.java:  public final static native int characterRGBA(long jarg1, short jarg2, short jarg3, char jarg4, short jarg5, short jarg6, short jarg7, short jarg8);
./sdljava/x/swig/SWIG_SDLGfxJNI.java:  public final static native int stringColor(long jarg1, short jarg2, short jarg3, String jarg4, long jarg5);
./sdljava/x/swig/SWIG_SDLGfxJNI.java:  public final static native int stringRGBA(long jarg1, short jarg2, short jarg3, String jarg4, short jarg5, short jarg6, short jarg7, short jarg8);
./sdljava/x/swig/SWIG_SDLGfxJNI.java:  public final static native long rotozoomSurface(long jarg1, double jarg2, double jarg3, int jarg4);
./sdljava/x/swig/SWIG_SDLGfxJNI.java:  public final static native void rotozoomSurfaceSize(int jarg1, int jarg2, double jarg3, double jarg4, int[] jarg5, int[] jarg6);
./sdljava/x/swig/SWIG_SDLGfxJNI.java:  public final static native long zoomSurface(long jarg1, double jarg2, double jarg3, int jarg4);
./sdljava/x/swig/SWIG_SDLGfxJNI.java:  public final static native void zoomSurfaceSize(int jarg1, int jarg2, double jarg3, double jarg4, int[] jarg5, int[] jarg6);
./sdljava/x/swig/SWIG_SDLGfxJNI.java://  public final static native int SWIG_polygonColor(long jarg1, Buffer jarg2, Buffer jarg3, int jarg4, long jarg5);
./sdljava/x/swig/SWIG_SDLGfxJNI.java://  public final static native int SWIG_polygonRGBA(long jarg1, Buffer jarg2, Buffer jarg3, int jarg4, short jarg5, short jarg6, short jarg7, short jarg8);
./sdljava/x/swig/SWIG_SDLGfxJNI.java://  public final static native int SWIG_aapolygonColor(long jarg1, Buffer jarg2, Buffer jarg3, int jarg4, long jarg5);
./sdljava/x/swig/SWIG_SDLGfxJNI.java://  public final static native int SWIG_aapolygonRGBA(long jarg1, Buffer jarg2, Buffer jarg3, int jarg4, short jarg5, short jarg6, short jarg7, short jarg8);
./sdljava/x/swig/SWIG_SDLGfxJNI.java://  public final static native int SWIG_filledPolygonColor(long jarg1, Buffer jarg2, Buffer jarg3, int jarg4, int jarg5);
./sdljava/x/swig/SWIG_SDLGfxJNI.java://  public final static native int SWIG_filledPolygonRGBA(long jarg1, Buffer jarg2, Buffer jarg3, int jarg4, short jarg5, short jarg6, short jarg7, short jarg8);
./sdljava/x/swig/SWIG_SDLGfxJNI.java://  public final static native int SWIG_bezierColor(long jarg1, Buffer jarg2, Buffer jarg3, int jarg4, int jarg5, long jarg6);
./sdljava/x/swig/SWIG_SDLGfxJNI.java://  public final static native int SWIG_bezierRGBA(long jarg1, Buffer jarg2, Buffer jarg3, int jarg4, int jarg5, short jarg6, short jarg7, short jarg8, short jarg9);
./sdljava/event/package-info.java:java side after the native method invocation the SDLEvent class handles the event by
./sdljava/event/SDLEvent.java:	//public static native int peepEvents(List events, int numevents, SDLEventAction action, int mask) throws SDLException;
./sdljava/event/SDLEvent.java:	//public static native void setEventFilter(SDLEventFilter filter) throws SDLException;
./sdljava/event/SDLEvent.java:	//public static native int eventState(Class type, int state) throws SDLException;
./sdljava/event/SDLEvent.java:	//public static native Set getKeyState() throws SDLException;
./sdljava/event/SDLEvent.java:	//public static native SDLMod getModState() throws SDLException;
./sdljava/event/SDLEvent.java:	//public static native void setModState(SDLMod mod) throws SDLException;
./sdljava/event/SDLEvent.java:	//public static native String getKeyName(SDLKey key) throws SDLException;
./sdljava/video/SDLVideo.java:	//public static native List<SDLVideoMode> listModes(SDLPixelFormat format, int flags) throws SDLException;
./sdljava/video/SDLVideo.java://	//  public final static native int SDL_LockYUVOverlay(long jarg1);
./sdljava/video/SDLVideo.java://	//  public final static native void SDL_UnlockYUVOverlay(long jarg1);
./sdljava/video/SDLVideo.java://	//  public final static native int SDL_DisplayYUVOverlay(long jarg1, long jarg2);
./sdljava/video/SDLVideo.java://	//  public final static native void SDL_FreeYUVOverlay(long jarg1);
./sdljava/video/SDLSurface.java:	 * native SDL API SDL_UpdateRects() method it calls the java method updateRect once for each
./sdljava/video/SDLSurface.java:	 * Free SDL_Surface (native world) data.
